Component: ARM Compiler 5.05 update 1 (build 106) Tool: armlink [4d0efa]

==============================================================================

Section Cross References

    main.o(.text) refers to delay.o(.text) for delay_ms
    main.o(.text) refers to pid.o(.text) for PID_Update
    main.o(.text) refers to inv_mpu.o(.text) for mpu_dmp_get_data
    main.o(.text) refers to mpu6050.o(.text) for MPU_Get_Accelerometer
    main.o(.text) refers to niming.o(.text) for usart2_report_imu
    main.o(.text) refers to os_cpu_a.o(.text) for OS_CPU_SR_Save
    main.o(.text) refers to os_task.o(.text) for OSTaskCreate
    main.o(.text) refers to pwm.o(.text) for Motor_Init
    main.o(.text) refers to misc.o(.text) for NVIC_PriorityGroupConfig
    main.o(.text) refers to usart.o(.text) for uart_init
    main.o(.text) refers to h1_alloc.o(.text) for malloc
    main.o(.text) refers to os_core.o(.text) for OSInit
    main.o(.text) refers to main.o(.data) for motor1
    main.o(.text) refers to main.o(.bss) for GY86_TASK_STK
    system_stm32f4xx.o(.text) refers to system_stm32f4xx.o(.data) for SystemCoreClock
    startup_stm32f411xe.o(STACK) refers (Special) to heapauxi.o(.text) for __use_two_region_memory
    startup_stm32f411xe.o(HEAP) refers (Special) to heapauxi.o(.text) for __use_two_region_memory
    startup_stm32f411xe.o(RESET) refers (Special) to heapauxi.o(.text) for __use_two_region_memory
    startup_stm32f411xe.o(RESET) refers to startup_stm32f411xe.o(STACK) for __initial_sp
    startup_stm32f411xe.o(RESET) refers to startup_stm32f411xe.o(.text) for Reset_Handler
    startup_stm32f411xe.o(RESET) refers to stm32f4xx_it.o(.text) for NMI_Handler
    startup_stm32f411xe.o(RESET) refers to os_cpu_a.o(.text) for PendSV_Handler
    startup_stm32f411xe.o(RESET) refers to delay.o(.text) for SysTick_Handler
    startup_stm32f411xe.o(RESET) refers to usart.o(.text) for USART2_IRQHandler
    startup_stm32f411xe.o(.text) refers (Special) to heapauxi.o(.text) for __use_two_region_memory
    startup_stm32f411xe.o(.text) refers to system_stm32f4xx.o(.text) for SystemInit
    startup_stm32f411xe.o(.text) refers to __main.o(!!!main) for __main
    startup_stm32f411xe.o(.text) refers to startup_stm32f411xe.o(HEAP) for Heap_Mem
    startup_stm32f411xe.o(.text) refers to startup_stm32f411xe.o(STACK) for Stack_Mem
    stm32f4xx_gpio.o(.text) refers to stm32f4xx_rcc.o(.text) for RCC_AHB1PeriphResetCmd
    stm32f4xx_rcc.o(.text) refers to stm32f4xx_rcc.o(.data) for APBAHBPrescTable
    stm32f4xx_syscfg.o(.text) refers to stm32f4xx_rcc.o(.text) for RCC_APB2PeriphResetCmd
    stm32f4xx_usart.o(.text) refers to stm32f4xx_rcc.o(.text) for RCC_APB2PeriphResetCmd
    stm32f4xx_tim.o(.text) refers to stm32f4xx_rcc.o(.text) for RCC_APB2PeriphResetCmd
    delay.o(.text) refers to os_core.o(.text) for OSSchedLock
    delay.o(.text) refers to os_time.o(.text) for OSTimeDly
    delay.o(.text) refers to misc.o(.text) for SysTick_CLKSourceConfig
    delay.o(.text) refers to os_core.o(.data) for OSRunning
    delay.o(.text) refers to delay.o(.data) for fac_us
    usart.o(.rev16_text) refers (Special) to use_no_semi_2.o(.text) for __use_no_semihosting
    usart.o(.revsh_text) refers (Special) to use_no_semi_2.o(.text) for __use_no_semihosting
    usart.o(.text) refers (Special) to use_no_semi_2.o(.text) for __use_no_semihosting
    usart.o(.text) refers to stm32f4xx_rcc.o(.text) for RCC_AHB1PeriphClockCmd
    usart.o(.text) refers to stm32f4xx_gpio.o(.text) for GPIO_PinAFConfig
    usart.o(.text) refers to stm32f4xx_usart.o(.text) for USART_Init
    usart.o(.text) refers to misc.o(.text) for NVIC_Init
    usart.o(.text) refers to usart.o(.data) for USART_RX_STA
    usart.o(.text) refers to usart.o(.bss) for USART_RX_BUF
    usart.o(.bss) refers (Special) to use_no_semi_2.o(.text) for __use_no_semihosting
    usart.o(.data) refers (Special) to use_no_semi_2.o(.text) for __use_no_semihosting
    led.o(.text) refers to stm32f4xx_rcc.o(.text) for RCC_AHB1PeriphClockCmd
    led.o(.text) refers to stm32f4xx_gpio.o(.text) for GPIO_Init
    led.o(.text) refers to delay.o(.text) for delay_ms
    pwm.o(.text) refers to stm32f4xx_rcc.o(.text) for RCC_APB2PeriphClockCmd
    pwm.o(.text) refers to stm32f4xx_gpio.o(.text) for GPIO_PinAFConfig
    pwm.o(.text) refers to stm32f4xx_tim.o(.text) for TIM_TimeBaseInit
    pwm.o(.text) refers to delay.o(.text) for delay_ms
    i2c.o(.text) refers to stm32f4xx_rcc.o(.text) for RCC_AHB1PeriphClockCmd
    i2c.o(.text) refers to stm32f4xx_gpio.o(.text) for GPIO_Init
    i2c.o(.text) refers to delay.o(.text) for delay_us
    mpu6050.o(.text) refers to i2c.o(.text) for IIC_Start
    mpu6050.o(.text) refers to delay.o(.text) for delay_ms
    mpu6050.o(.text) refers to dflt_clz.o(x$fpl$dflt) for __aeabi_i2d
    mpu6050.o(.text) refers to ddiv.o(x$fpl$ddiv) for __aeabi_ddiv
    mpu6050.o(.text) refers to daddsub_clz.o(x$fpl$dadd) for __aeabi_dadd
    mpu6050.o(.text) refers to d2f.o(x$fpl$d2f) for __aeabi_d2f
[...]
    _printf_percent_end                      0x08000219   Thumb Code     0  _printf_percent_end.o(.ARM.Collect$$_printf_percent$$00000017)
    __rt_lib_init                            0x0800021d   Thumb Code     0  libinit.o(.ARM.Collect$$libinit$$00000000)
    __rt_lib_init_fp_1                       0x0800021f   Thumb Code     0  libinit2.o(.ARM.Collect$$libinit$$00000001)
    __rt_lib_init_heap_2                     0x08000223   Thumb Code     0  libinit2.o(.ARM.Collect$$libinit$$00000005)
    __rt_lib_init_preinit_1                  0x08000223   Thumb Code     0  libinit2.o(.ARM.Collect$$libinit$$00000004)
    __rt_lib_init_alloca_1                   0x0800022b   Thumb Code     0  libinit2.o(.ARM.Collect$$libinit$$0000002E)
    __rt_lib_init_argv_1                     0x0800022b   Thumb Code     0  libinit2.o(.ARM.Collect$$libinit$$0000002C)
    __rt_lib_init_atexit_1                   0x0800022b   Thumb Code     0  libinit2.o(.ARM.Collect$$libinit$$0000001B)
    __rt_lib_init_clock_1                    0x0800022b   Thumb Code     0  libinit2.o(.ARM.Collect$$libinit$$00000021)
    __rt_lib_init_cpp_1                      0x0800022b   Thumb Code     0  libinit2.o(.ARM.Collect$$libinit$$00000032)
    __rt_lib_init_exceptions_1               0x0800022b   Thumb Code     0  libinit2.o(.ARM.Collect$$libinit$$00000030)
    __rt_lib_init_fp_trap_1                  0x0800022b   Thumb Code     0  libinit2.o(.ARM.Collect$$libinit$$0000001F)
    __rt_lib_init_getenv_1                   0x0800022b   Thumb Code     0  libinit2.o(.ARM.Collect$$libinit$$00000023)
    __rt_lib_init_heap_1                     0x0800022b   Thumb Code     0  libinit2.o(.ARM.Collect$$libinit$$0000000A)
    __rt_lib_init_lc_collate_1               0x0800022b   Thumb Code     0  libinit2.o(.ARM.Collect$$libinit$$00000011)
    __rt_lib_init_lc_ctype_1                 0x0800022b   Thumb Code     0  libinit2.o(.ARM.Collect$$libinit$$00000013)
    __rt_lib_init_lc_monetary_1              0x0800022b   Thumb Code     0  libinit2.o(.ARM.Collect$$libinit$$00000015)
    __rt_lib_init_lc_numeric_1               0x0800022b   Thumb Code     0  libinit2.o(.ARM.Collect$$libinit$$00000017)
    __rt_lib_init_lc_time_1                  0x0800022b   Thumb Code     0  libinit2.o(.ARM.Collect$$libinit$$00000019)
    __rt_lib_init_rand_1                     0x0800022b   Thumb Code     0  libinit2.o(.ARM.Collect$$libinit$$0000000E)
    __rt_lib_init_return                     0x0800022b   Thumb Code     0  libinit2.o(.ARM.Collect$$libinit$$00000033)
    __rt_lib_init_signal_1                   0x0800022b   Thumb Code     0  libinit2.o(.ARM.Collect$$libinit$$0000001D)
    __rt_lib_init_stdio_1                    0x0800022b   Thumb Code     0  libinit2.o(.ARM.Collect$$libinit$$00000025)
    __rt_lib_init_user_alloc_1               0x0800022b   Thumb Code     0  libinit2.o(.ARM.Collect$$libinit$$0000000C)
    __rt_lib_shutdown                        0x0800022d   Thumb Code     0  libshutdown.o(.ARM.Collect$$libshutdown$$00000000)
    __rt_lib_shutdown_fp_trap_1              0x0800022f   Thumb Code     0  libshutdown2.o(.ARM.Collect$$libshutdown$$00000006)
    __rt_lib_shutdown_heap_1                 0x0800022f   Thumb Code     0  libshutdown2.o(.ARM.Collect$$libshutdown$$0000000E)
    __rt_lib_shutdown_return                 0x0800022f   Thumb Code     0  libshutdown2.o(.ARM.Collect$$libshutdown$$0000000F)
    __rt_lib_shutdown_signal_1               0x0800022f   Thumb Code     0  libshutdown2.o(.ARM.Collect$$libshutdown$$00000009)
    __rt_lib_shutdown_stdio_1                0x0800022f   Thumb Code     0  libshutdown2.o(.ARM.Collect$$libshutdown$$00000003)
    __rt_lib_shutdown_user_alloc_1           0x0800022f   Thumb Code     0  libshutdown2.o(.ARM.Collect$$libshutdown$$0000000B)
    __rt_entry                               0x08000231   Thumb Code     0  __rtentry.o(.ARM.Collect$$rtentry$$00000000)
    __rt_entry_presh_1                       0x08000231   Thumb Code     0  __rtentry2.o(.ARM.Collect$$rtentry$$00000002)
    __rt_entry_sh                            0x08000231   Thumb Code     0  __rtentry4.o(.ARM.Collect$$rtentry$$00000004)
    __rt_entry_li                            0x08000237   Thumb Code     0  __rtentry2.o(.ARM.Collect$$rtentry$$0000000A)
    __rt_entry_postsh_1                      0x08000237   Thumb Code     0  __rtentry2.o(.ARM.Collect$$rtentry$$00000009)
    __rt_entry_main                          0x0800023b   Thumb Code     0  __rtentry2.o(.ARM.Collect$$rtentry$$0000000D)
    __rt_entry_postli_1                      0x0800023b   Thumb Code     0  __rtentry2.o(.ARM.Collect$$rtentry$$0000000C)
    __rt_exit                                0x08000243   Thumb Code     0  rtexit.o(.ARM.Collect$$rtexit$$00000000)
    __rt_exit_ls                             0x08000245   Thumb Code     0  rtexit2.o(.ARM.Collect$$rtexit$$00000003)
    __rt_exit_prels_1                        0x08000245   Thumb Code     0  rtexit2.o(.ARM.Collect$$rtexit$$00000002)
    __rt_exit_exit                           0x08000249   Thumb Code     0  rtexit2.o(.ARM.Collect$$rtexit$$00000004)
    MOTOR_task                               0x08000251   Thumb Code    44  main.o(.text)
    _maybe_terminate_alloc                   0x08000251   Thumb Code     0  maybetermalloc1.o(.emb_text)
    PID_task                                 0x0800027d   Thumb Code   226  main.o(.text)
    GY86_task                                0x0800035f   Thumb Code   218  main.o(.text)
    start_task                               0x08000439   Thumb Code    70  main.o(.text)
    main                                     0x0800047f   Thumb Code   194  main.o(.text)
    NMI_Handler                              0x080005a9   Thumb Code     2  stm32f4xx_it.o(.text)
    HardFault_Handler                        0x080005ab   Thumb Code     4  stm32f4xx_it.o(.text)
    MemManage_Handler                        0x080005af   Thumb Code     4  stm32f4xx_it.o(.text)
    BusFault_Handler                         0x080005b3   Thumb Code     4  stm32f4xx_it.o(.text)
    UsageFault_Handler                       0x080005b7   Thumb Code     4  stm32f4xx_it.o(.text)
    SVC_Handler                              0x080005bb   Thumb Code     2  stm32f4xx_it.o(.text)
    DebugMon_Handler                         0x080005bd   Thumb Code     2  stm32f4xx_it.o(.text)
    SystemInit                               0x0800064b   Thumb Code    96  system_stm32f4xx.o(.text)
    SystemCoreClockUpdate                    0x080006ab   Thumb Code   152  system_stm32f4xx.o(.text)
    Reset_Handler                            0x08000771   Thumb Code     8  startup_stm32f411xe.o(.text)
    ADC_IRQHandler                           0x0800078b   Thumb Code     0  startup_stm32f411xe.o(.text)
    DMA1_Stream0_IRQHandler                  0x0800078b   Thumb Code     0  startup_stm32f411xe.o(.text)
    DMA1_Stream1_IRQHandler                  0x0800078b   Thumb Code     0  startup_stm32f411xe.o(.text)
    DMA1_Stream2_IRQHandler                  0x0800078b   Thumb Code     0  startup_stm32f411xe.o(.text)
    DMA1_Stream3_IRQHandler                  0x0800078b   Thumb Code     0  startup_stm32f411xe.o(.text)
    DMA1_Stream4_IRQHandler                  0x0800078b   Thumb Code     0  startup_stm32f411xe.o(.text)
    DMA1_Stream5_IRQHandler                  0x0800078b   Thumb Code     0  startup_stm32f411xe.o(.text)
    DMA1_Stream6_IRQHandler                  0x0800078b   Thumb Code     0  startup_stm32f411xe.o(.text)
    DMA1_Stream7_IRQHandler                  0x0800078b   Thumb Code     0  startup_stm32f411xe.o(.text)
    DMA2_Stream0_IRQHandler                  0x0800078b   Thumb Code     0  startup_stm32f411xe.o(.text)
    DMA2_Stream1_IRQHandler                  0x0800078b   Thumb Code     0  startup_stm32f411xe.o(.text)
    DMA2_Stream2_IRQHandler                  0x0800078b   Thumb Code     0  startup_stm32f411xe.o(.text)
    DMA2_Stream3_IRQHandler                  0x0800078b   Thumb Code     0  startup_stm32f411xe.o(.text)
    DMA2_Stream4_IRQHandler                  0x0800078b   Thumb Code     0  startup_stm32f411xe.o(.text)
    DMA2_Stream5_IRQHandler                  0x0800078b   Thumb Code     0  startup_stm32f411xe.o(.text)
    DMA2_Stream6_IRQHandler                  0x0800078b   Thumb Code     0  startup_stm32f411xe.o(.text)
    DMA2_Stream7_IRQHandler                  0x0800078b   Thumb Code     0  startup_stm32f411xe.o(.text)
    EXTI0_IRQHandler                         0x0800078b   Thumb Code     0  startup_stm32f411xe.o(.text)
    EXTI15_10_IRQHandler                     0x0800078b   Thumb Code     0  startup_stm32f411xe.o(.text)
    EXTI1_IRQHandler                         0x0800078b   Thumb Code     0  startup_stm32f411xe.o(.text)
    EXTI2_IRQHandler                         0x0800078b   Thumb Code     0  startup_stm32f411xe.o(.text)
    EXTI3_IRQHandler                         0x0800078b   Thumb Code     0  startup_stm32f411xe.o(.text)
    EXTI4_IRQHandler                         0x0800078b   Thumb Code     0  startup_stm32f411xe.o(.text)
    EXTI9_5_IRQHandler                       0x0800078b   Thumb Code     0  startup_stm32f411xe.o(.text)
    FLASH_IRQHandler                         0x0800078b   Thumb Code     0  startup_stm32f411xe.o(.text)
    FPU_IRQHandler                           0x0800078b   Thumb Code     0  startup_stm32f411xe.o(.text)
    I2C1_ER_IRQHandler                       0x0800078b   Thumb Code     0  startup_stm32f411xe.o(.text)
    I2C1_EV_IRQHandler                       0x0800078b   Thumb Code     0  startup_stm32f411xe.o(.text)
    I2C2_ER_IRQHandler                       0x0800078b   Thumb Code     0  startup_stm32f411xe.o(.text)
    I2C2_EV_IRQHandler                       0x0800078b   Thumb Code     0  startup_stm32f411xe.o(.text)
    I2C3_ER_IRQHandler                       0x0800078b   Thumb Code     0  startup_stm32f411xe.o(.text)
    I2C3_EV_IRQHandler                       0x0800078b   Thumb Code     0  startup_stm32f411xe.o(.text)
    OTG_FS_IRQHandler                        0x0800078b   Thumb Code     0  startup_stm32f411xe.o(.text)
    OTG_FS_WKUP_IRQHandler                   0x0800078b   Thumb Code     0  startup_stm32f411xe.o(.text)
    PVD_IRQHandler                           0x0800078b   Thumb Code     0  startup_stm32f411xe.o(.text)
    RCC_IRQHandler                           0x0800078b   Thumb Code     0  startup_stm32f411xe.o(.text)
    RTC_Alarm_IRQHandler                     0x0800078b   Thumb Code     0  startup_stm32f411xe.o(.text)
    RTC_WKUP_IRQHandler                      0x0800078b   Thumb Code     0  startup_stm32f411xe.o(.text)
    SDIO_IRQHandler                          0x0800078b   Thumb Code     0  startup_stm32f411xe.o(.text)
    SPI1_IRQHandler                          0x0800078b   Thumb Code     0  startup_stm32f411xe.o(.text)
    SPI2_IRQHandler                          0x0800078b   Thumb Code     0  startup_stm32f411xe.o(.text)
    SPI3_IRQHandler                          0x0800078b   Thumb Code     0  startup_stm32f411xe.o(.text)
    SPI4_IRQHandler                          0x0800078b   Thumb Code     0  startup_stm32f411xe.o(.text)
    SPI5_IRQHandler                          0x0800078b   Thumb Code     0  startup_stm32f411xe.o(.text)
    TAMP_STAMP_IRQHandler                    0x0800078b   Thumb Code     0  startup_stm32f411xe.o(.text)
    TIM1_BRK_TIM9_IRQHandler                 0x0800078b   Thumb Code     0  startup_stm32f411xe.o(.text)
    TIM1_CC_IRQHandler                       0x0800078b   Thumb Code     0  startup_stm32f411xe.o(.text)
    TIM1_TRG_COM_TIM11_IRQHandler            0x0800078b   Thumb Code     0  startup_stm32f411xe.o(.text)
    TIM1_UP_TIM10_IRQHandler                 0x0800078b   Thumb Code     0  startup_stm32f411xe.o(.text)
    TIM2_IRQHandler                          0x0800078b   Thumb Code     0  startup_stm32f411xe.o(.text)
    TIM3_IRQHandler                          0x0800078b   Thumb Code     0  startup_stm32f411xe.o(.text)
    TIM4_IRQHandler                          0x0800078b   Thumb Code     0  startup_stm32f411xe.o(.text)
    TIM5_IRQHandler                          0x0800078b   Thumb Code     0  startup_stm32f411xe.o(.text)
    USART1_IRQHandler                        0x0800078b   Thumb Code     0  startup_stm32f411xe.o(.text)
    USART6_IRQHandler                        0x0800078b   Thumb Code     0  startup_stm32f411xe.o(.text)
    WWDG_IRQHandler                          0x0800078b   Thumb Code     0  startup_stm32f411xe.o(.text)
    __user_initial_stackheap                 0x0800078d   Thumb Code     0  startup_stm32f411xe.o(.text)
    NVIC_PriorityGroupConfig                 0x080007b1   Thumb Code    10  misc.o(.text)
    NVIC_Init                                0x080007bb   Thumb Code   106  misc.o(.text)
    NVIC_SetVectorTable                      0x08000825   Thumb Code    14  misc.o(.text)
    NVIC_SystemLPConfig                      0x08000833   Thumb Code    34  misc.o(.text)
    SysTick_CLKSourceConfig                  0x08000855   Thumb Code    40  misc.o(.text)
    GPIO_DeInit                              0x08000891   Thumb Code   268  stm32f4xx_gpio.o(.text)
    GPIO_Init                                0x0800099d   Thumb Code   144  stm32f4xx_gpio.o(.text)
    GPIO_StructInit                          0x08000a2d   Thumb Code    18  stm32f4xx_gpio.o(.text)
    GPIO_PinLockConfig                       0x08000a3f   Thumb Code    34  stm32f4xx_gpio.o(.text)
    GPIO_ReadInputDataBit                    0x08000a61   Thumb Code    18  stm32f4xx_gpio.o(.text)
    GPIO_ReadInputData                       0x08000a73   Thumb Code     8  stm32f4xx_gpio.o(.text)
    GPIO_ReadOutputDataBit                   0x08000a7b   Thumb Code    18  stm32f4xx_gpio.o(.text)
    GPIO_ReadOutputData                      0x08000a8d   Thumb Code     8  stm32f4xx_gpio.o(.text)
    GPIO_SetBits                             0x08000a95   Thumb Code     4  stm32f4xx_gpio.o(.text)
    GPIO_ResetBits                           0x08000a99   Thumb Code     4  stm32f4xx_gpio.o(.text)
    GPIO_WriteBit                            0x08000a9d   Thumb Code    10  stm32f4xx_gpio.o(.text)
    GPIO_Write                               0x08000aa7   Thumb Code     4  stm32f4xx_gpio.o(.text)
    GPIO_ToggleBits                          0x08000aab   Thumb Code     8  stm32f4xx_gpio.o(.text)
    GPIO_PinAFConfig                         0x08000ab3   Thumb Code    70  stm32f4xx_gpio.o(.text)
    RCC_DeInit                               0x08000b25   Thumb Code    82  stm32f4xx_rcc.o(.text)
    RCC_HSEConfig                            0x08000b77   Thumb Code    14  stm32f4xx_rcc.o(.text)
    RCC_GetFlagStatus                        0x08000b85   Thumb Code    60  stm32f4xx_rcc.o(.text)
    RCC_WaitForHSEStartUp                    0x08000bc1   Thumb Code    56  stm32f4xx_rcc.o(.text)
    RCC_AdjustHSICalibrationValue            0x08000bf9   Thumb Code    20  stm32f4xx_rcc.o(.text)
    RCC_HSICmd                               0x08000c0d   Thumb Code     6  stm32f4xx_rcc.o(.text)
    RCC_LSEConfig                            0x08000c13   Thumb Code    46  stm32f4xx_rcc.o(.text)
    RCC_LSICmd                               0x08000c41   Thumb Code     6  stm32f4xx_rcc.o(.text)
    RCC_PLLConfig                            0x08000c47   Thumb Code    32  stm32f4xx_rcc.o(.text)
    RCC_PLLCmd                               0x08000c67   Thumb Code     6  stm32f4xx_rcc.o(.text)
    RCC_PLLI2SConfig                         0x08000c6d   Thumb Code    18  stm32f4xx_rcc.o(.text)
    RCC_PLLI2SCmd                            0x08000c7f   Thumb Code     6  stm32f4xx_rcc.o(.text)
    RCC_PLLSAIConfig                         0x08000c85   Thumb Code    20  stm32f4xx_rcc.o(.text)
    RCC_PLLSAICmd                            0x08000c99   Thumb Code     6  stm32f4xx_rcc.o(.text)
    RCC_ClockSecuritySystemCmd               0x08000c9f   Thumb Code     6  stm32f4xx_rcc.o(.text)
    RCC_MCO1Config                           0x08000ca5   Thumb Code    28  stm32f4xx_rcc.o(.text)
    RCC_MCO2Config                           0x08000cc1   Thumb Code    28  stm32f4xx_rcc.o(.text)
    RCC_SYSCLKConfig                         0x08000cdd   Thumb Code    20  stm32f4xx_rcc.o(.text)
    RCC_GetSYSCLKSource                      0x08000cf1   Thumb Code    12  stm32f4xx_rcc.o(.text)
    RCC_HCLKConfig                           0x08000cfd   Thumb Code    20  stm32f4xx_rcc.o(.text)
    RCC_PCLK1Config                          0x08000d11   Thumb Code    20  stm32f4xx_rcc.o(.text)
    RCC_PCLK2Config                          0x08000d25   Thumb Code    22  stm32f4xx_rcc.o(.text)
    RCC_GetClocksFreq                        0x08000d3b   Thumb Code   222  stm32f4xx_rcc.o(.text)
    RCC_RTCCLKConfig                         0x08000e19   Thumb Code    54  stm32f4xx_rcc.o(.text)
    RCC_RTCCLKCmd                            0x08000e4f   Thumb Code     8  stm32f4xx_rcc.o(.text)
    RCC_BackupResetCmd                       0x08000e57   Thumb Code     8  stm32f4xx_rcc.o(.text)
    RCC_I2SCLKConfig                         0x08000e5f   Thumb Code     6  stm32f4xx_rcc.o(.text)
    RCC_SAIPLLI2SClkDivConfig                0x08000e65   Thumb Code    26  stm32f4xx_rcc.o(.text)
    RCC_SAIPLLSAIClkDivConfig                0x08000e7f   Thumb Code    28  stm32f4xx_rcc.o(.text)
    RCC_SAIBlockACLKConfig                   0x08000e9b   Thumb Code    20  stm32f4xx_rcc.o(.text)
    RCC_SAIBlockBCLKConfig                   0x08000eaf   Thumb Code    20  stm32f4xx_rcc.o(.text)
    RCC_LTDCCLKDivConfig                     0x08000ec3   Thumb Code    20  stm32f4xx_rcc.o(.text)
    RCC_TIMCLKPresConfig                     0x08000ed7   Thumb Code     6  stm32f4xx_rcc.o(.text)
    RCC_AHB1PeriphClockCmd                   0x08000edd   Thumb Code    34  stm32f4xx_rcc.o(.text)
    RCC_AHB2PeriphClockCmd                   0x08000eff   Thumb Code    78  stm32f4xx_rcc.o(.text)
    RCC_AHB3PeriphClockCmd                   0x08000f4d   Thumb Code    34  stm32f4xx_rcc.o(.text)
    RCC_APB1PeriphClockCmd                   0x08000f6f   Thumb Code    34  stm32f4xx_rcc.o(.text)
    RCC_APB2PeriphClockCmd                   0x08000f91   Thumb Code    34  stm32f4xx_rcc.o(.text)
    RCC_AHB1PeriphResetCmd                   0x08000fb3   Thumb Code    34  stm32f4xx_rcc.o(.text)
    RCC_AHB2PeriphResetCmd                   0x08000fd5   Thumb Code    34  stm32f4xx_rcc.o(.text)
    RCC_AHB3PeriphResetCmd                   0x08000ff7   Thumb Code    34  stm32f4xx_rcc.o(.text)
    RCC_APB1PeriphResetCmd                   0x08001019   Thumb Code    34  stm32f4xx_rcc.o(.text)
    RCC_APB2PeriphResetCmd                   0x0800103b   Thumb Code    34  stm32f4xx_rcc.o(.text)
    RCC_AHB1PeriphClockLPModeCmd             0x0800105d   Thumb Code    34  stm32f4xx_rcc.o(.text)
    RCC_AHB2PeriphClockLPModeCmd             0x0800107f   Thumb Code    34  stm32f4xx_rcc.o(.text)
    RCC_AHB3PeriphClockLPModeCmd             0x080010a1   Thumb Code    34  stm32f4xx_rcc.o(.text)
    RCC_APB1PeriphClockLPModeCmd             0x080010c3   Thumb Code    34  stm32f4xx_rcc.o(.text)
    RCC_APB2PeriphClockLPModeCmd             0x080010e5   Thumb Code    34  stm32f4xx_rcc.o(.text)
    RCC_LSEModeConfig                        0x08001107   Thumb Code    40  stm32f4xx_rcc.o(.text)
    RCC_ITConfig                             0x0800112f   Thumb Code    34  stm32f4xx_rcc.o(.text)
    RCC_ClearFlag                            0x08001151   Thumb Code    18  stm32f4xx_rcc.o(.text)
    RCC_GetITStatus                          0x08001163   Thumb Code    22  stm32f4xx_rcc.o(.text)
    RCC_ClearITPendingBit                    0x08001179   Thumb Code     8  stm32f4xx_rcc.o(.text)
    USART_DeInit                             0x08001185   Thumb Code   206  stm32f4xx_usart.o(.text)
    USART_Init                               0x08001253   Thumb Code   204  stm32f4xx_usart.o(.text)
    USART_StructInit                         0x0800131f   Thumb Code    24  stm32f4xx_usart.o(.text)
    USART_ClockInit                          0x08001337   Thumb Code    32  stm32f4xx_usart.o(.text)
    USART_ClockStructInit                    0x08001357   Thumb Code    12  stm32f4xx_usart.o(.text)
    USART_Cmd                                0x08001363   Thumb Code    24  stm32f4xx_usart.o(.text)
    USART_SetPrescaler                       0x0800137b   Thumb Code    16  stm32f4xx_usart.o(.text)
    USART_OverSampling8Cmd                   0x0800138b   Thumb Code    22  stm32f4xx_usart.o(.text)
    USART_OneBitMethodCmd                    0x080013a1   Thumb Code    24  stm32f4xx_usart.o(.text)
    USART_SendData                           0x080013b9   Thumb Code     8  stm32f4xx_usart.o(.text)
    USART_ReceiveData                        0x080013c1   Thumb Code    10  stm32f4xx_usart.o(.text)
    USART_SetAddress                         0x080013cb   Thumb Code    18  stm32f4xx_usart.o(.text)
    USART_ReceiverWakeUpCmd                  0x080013dd   Thumb Code    24  stm32f4xx_usart.o(.text)
    USART_WakeUpConfig                       0x080013f5   Thumb Code    18  stm32f4xx_usart.o(.text)
    USART_LINBreakDetectLengthConfig         0x08001407   Thumb Code    18  stm32f4xx_usart.o(.text)
    USART_LINCmd                             0x08001419   Thumb Code    24  stm32f4xx_usart.o(.text)
    USART_SendBreak                          0x08001431   Thumb Code    10  stm32f4xx_usart.o(.text)
    USART_HalfDuplexCmd                      0x0800143b   Thumb Code    24  stm32f4xx_usart.o(.text)
    USART_SetGuardTime                       0x08001453   Thumb Code    16  stm32f4xx_usart.o(.text)
    USART_SmartCardCmd                       0x08001463   Thumb Code    24  stm32f4xx_usart.o(.text)
    USART_SmartCardNACKCmd                   0x0800147b   Thumb Code    24  stm32f4xx_usart.o(.text)
    USART_IrDAConfig                         0x08001493   Thumb Code    18  stm32f4xx_usart.o(.text)
    USART_IrDACmd                            0x080014a5   Thumb Code    24  stm32f4xx_usart.o(.text)
    USART_DMACmd                             0x080014bd   Thumb Code    18  stm32f4xx_usart.o(.text)
    USART_ITConfig                           0x080014cf   Thumb Code    74  stm32f4xx_usart.o(.text)
    USART_GetFlagStatus                      0x08001519   Thumb Code    26  stm32f4xx_usart.o(.text)
    USART_ClearFlag                          0x08001533   Thumb Code    18  stm32f4xx_usart.o(.text)
    USART_GetITStatus                        0x08001545   Thumb Code   118  stm32f4xx_usart.o(.text)
    USART_ClearITPendingBit                  0x080015bb   Thumb Code    30  stm32f4xx_usart.o(.text)
    TIM_DeInit                               0x080015d9   Thumb Code   346  stm32f4xx_tim.o(.text)
    TIM_TimeBaseInit                         0x08001733   Thumb Code   104  stm32f4xx_tim.o(.text)
    TIM_TimeBaseStructInit                   0x0800179b   Thumb Code    18  stm32f4xx_tim.o(.text)
    TIM_PrescalerConfig                      0x080017ad   Thumb Code     6  stm32f4xx_tim.o(.text)
    TIM_CounterModeConfig                    0x080017b3   Thumb Code    18  stm32f4xx_tim.o(.text)
    TIM_SetCounter                           0x080017c5   Thumb Code     4  stm32f4xx_tim.o(.text)
    TIM_SetAutoreload                        0x080017c9   Thumb Code     4  stm32f4xx_tim.o(.text)
    TIM_GetCounter                           0x080017cd   Thumb Code     6  stm32f4xx_tim.o(.text)
    TIM_GetPrescaler                         0x080017d3   Thumb Code     6  stm32f4xx_tim.o(.text)
    TIM_UpdateDisableConfig                  0x080017d9   Thumb Code    24  stm32f4xx_tim.o(.text)
    TIM_UpdateRequestConfig                  0x080017f1   Thumb Code    24  stm32f4xx_tim.o(.text)
    TIM_ARRPreloadConfig                     0x08001809   Thumb Code    24  stm32f4xx_tim.o(.text)
    TIM_SelectOnePulseMode                   0x08001821   Thumb Code    18  stm32f4xx_tim.o(.text)
    TIM_SetClockDivision                     0x08001833   Thumb Code    18  stm32f4xx_tim.o(.text)
    TIM_Cmd                                  0x08001845   Thumb Code    24  stm32f4xx_tim.o(.text)
    TIM_OC1Init                              0x0800185d   Thumb Code   114  stm32f4xx_tim.o(.text)
    TIM_OC2Init                              0x080018cf   Thumb Code   154  stm32f4xx_tim.o(.text)
    TIM_OC3Init                              0x08001969   Thumb Code   204  stm32f4xx_tim.o(.text)
    TIM_OC4Init                              0x08001a35   Thumb Code   112  stm32f4xx_tim.o(.text)
    TIM_OCStructInit                         0x08001aa5   Thumb Code    20  stm32f4xx_tim.o(.text)
    TIM_SelectOCxM                           0x08001ab9   Thumb Code    86  stm32f4xx_tim.o(.text)
    TIM_SetCompare1                          0x08001b0f   Thumb Code     4  stm32f4xx_tim.o(.text)
    TIM_SetCompare2                          0x08001b13   Thumb Code     4  stm32f4xx_tim.o(.text)
    TIM_SetCompare3                          0x08001b17   Thumb Code     4  stm32f4xx_tim.o(.text)
    TIM_SetCompare4                          0x08001b1b   Thumb Code     4  stm32f4xx_tim.o(.text)
    TIM_ForcedOC1Config                      0x08001b1f   Thumb Code    18  stm32f4xx_tim.o(.text)
    TIM_ForcedOC2Config                      0x08001b31   Thumb Code    26  stm32f4xx_tim.o(.text)
    TIM_ForcedOC3Config                      0x08001b4b   Thumb Code    18  stm32f4xx_tim.o(.text)
    TIM_ForcedOC4Config                      0x08001b5d   Thumb Code    26  stm32f4xx_tim.o(.text)
    TIM_OC1PreloadConfig                     0x08001b77   Thumb Code    18  stm32f4xx_tim.o(.text)
    TIM_OC2PreloadConfig                     0x08001b89   Thumb Code    26  stm32f4xx_tim.o(.text)
    TIM_OC3PreloadConfig                     0x08001ba3   Thumb Code    18  stm32f4xx_tim.o(.text)
    TIM_OC4PreloadConfig                     0x08001bb5   Thumb Code    26  stm32f4xx_tim.o(.text)
    TIM_OC1FastConfig                        0x08001bcf   Thumb Code    18  stm32f4xx_tim.o(.text)
    TIM_OC2FastConfig                        0x08001be1   Thumb Code    26  stm32f4xx_tim.o(.text)
    TIM_OC3FastConfig                        0x08001bfb   Thumb Code    18  stm32f4xx_tim.o(.text)
    TIM_OC4FastConfig                        0x08001c0d   Thumb Code    26  stm32f4xx_tim.o(.text)
    TIM_ClearOC1Ref                          0x08001c27   Thumb Code    18  stm32f4xx_tim.o(.text)
    TIM_ClearOC2Ref                          0x08001c39   Thumb Code    24  stm32f4xx_tim.o(.text)
    TIM_ClearOC3Ref                          0x08001c51   Thumb Code    18  stm32f4xx_tim.o(.text)
    TIM_ClearOC4Ref                          0x08001c63   Thumb Code    24  stm32f4xx_tim.o(.text)
    TIM_OC1PolarityConfig                    0x08001c7b   Thumb Code    18  stm32f4xx_tim.o(.text)
    TIM_OC1NPolarityConfig                   0x08001c8d   Thumb Code    18  stm32f4xx_tim.o(.text)
    TIM_OC2PolarityConfig                    0x08001c9f   Thumb Code    26  stm32f4xx_tim.o(.text)
    TIM_OC2NPolarityConfig                   0x08001cb9   Thumb Code    26  stm32f4xx_tim.o(.text)
    TIM_OC3PolarityConfig                    0x08001cd3   Thumb Code    26  stm32f4xx_tim.o(.text)
    TIM_OC3NPolarityConfig                   0x08001ced   Thumb Code    26  stm32f4xx_tim.o(.text)
    TIM_OC4PolarityConfig                    0x08001d07   Thumb Code    26  stm32f4xx_tim.o(.text)
    TIM_CCxCmd                               0x08001d21   Thumb Code    30  stm32f4xx_tim.o(.text)
    TIM_CCxNCmd                              0x08001d3f   Thumb Code    30  stm32f4xx_tim.o(.text)
    TIM_SetIC4Prescaler                      0x08001d5d   Thumb Code    26  stm32f4xx_tim.o(.text)
    TIM_SetIC3Prescaler                      0x08001dc7   Thumb Code    18  stm32f4xx_tim.o(.text)
    TIM_SetIC2Prescaler                      0x08001e21   Thumb Code    26  stm32f4xx_tim.o(.text)
    TIM_SetIC1Prescaler                      0x08001e95   Thumb Code    18  stm32f4xx_tim.o(.text)
    TIM_ICInit                               0x08001ee1   Thumb Code   110  stm32f4xx_tim.o(.text)
    TIM_ICStructInit                         0x08001f4f   Thumb Code    18  stm32f4xx_tim.o(.text)
    TIM_PWMIConfig                           0x08001f61   Thumb Code   124  stm32f4xx_tim.o(.text)
    TIM_GetCapture1                          0x08001fdd   Thumb Code     6  stm32f4xx_tim.o(.text)
    TIM_GetCapture2                          0x08001fe3   Thumb Code     6  stm32f4xx_tim.o(.text)
    TIM_GetCapture3                          0x08001fe9   Thumb Code     6  stm32f4xx_tim.o(.text)
    TIM_GetCapture4                          0x08001fef   Thumb Code     6  stm32f4xx_tim.o(.text)
    TIM_BDTRConfig                           0x08001ff5   Thumb Code    32  stm32f4xx_tim.o(.text)
    TIM_BDTRStructInit                       0x08002015   Thumb Code    18  stm32f4xx_tim.o(.text)
    TIM_CtrlPWMOutputs                       0x08002027   Thumb Code    30  stm32f4xx_tim.o(.text)
    TIM_SelectCOM                            0x08002045   Thumb Code    24  stm32f4xx_tim.o(.text)
    TIM_CCPreloadControl                     0x0800205d   Thumb Code    24  stm32f4xx_tim.o(.text)
    TIM_ITConfig                             0x08002075   Thumb Code    18  stm32f4xx_tim.o(.text)
    TIM_GenerateEvent                        0x08002087   Thumb Code     4  stm32f4xx_tim.o(.text)
    TIM_GetFlagStatus                        0x0800208b   Thumb Code    18  stm32f4xx_tim.o(.text)
    TIM_ClearFlag                            0x0800209d   Thumb Code     6  stm32f4xx_tim.o(.text)
    TIM_GetITStatus                          0x080020a3   Thumb Code    34  stm32f4xx_tim.o(.text)
    TIM_ClearITPendingBit                    0x080020c5   Thumb Code     6  stm32f4xx_tim.o(.text)
    TIM_DMAConfig                            0x080020cb   Thumb Code    10  stm32f4xx_tim.o(.text)
    TIM_DMACmd                               0x080020d5   Thumb Code    18  stm32f4xx_tim.o(.text)
    TIM_SelectCCDMA                          0x080020e7   Thumb Code    24  stm32f4xx_tim.o(.text)
    TIM_InternalClockConfig                  0x080020ff   Thumb Code    12  stm32f4xx_tim.o(.text)
    TIM_SelectInputTrigger                   0x0800210b   Thumb Code    18  stm32f4xx_tim.o(.text)
    TIM_ITRxExternalClockConfig              0x0800211d   Thumb Code    24  stm32f4xx_tim.o(.text)
    TIM_TIxExternalClockConfig               0x08002135   Thumb Code    62  stm32f4xx_tim.o(.text)
    TIM_ETRConfig                            0x08002173   Thumb Code    28  stm32f4xx_tim.o(.text)
    TIM_ETRClockMode1Config                  0x0800218f   Thumb Code    54  stm32f4xx_tim.o(.text)
    TIM_ETRClockMode2Config                  0x080021c5   Thumb Code    32  stm32f4xx_tim.o(.text)
    TIM_SelectOutputTrigger                  0x080021e5   Thumb Code    18  stm32f4xx_tim.o(.text)
    TIM_SelectSlaveMode                      0x080021f7   Thumb Code    18  stm32f4xx_tim.o(.text)
    TIM_SelectMasterSlaveMode                0x08002209   Thumb Code    18  stm32f4xx_tim.o(.text)
    TIM_EncoderInterfaceConfig               0x0800221b   Thumb Code    66  stm32f4xx_tim.o(.text)
    TIM_SelectHallSensor                     0x0800225d   Thumb Code    24  stm32f4xx_tim.o(.text)
    TIM_RemapConfig                          0x08002275   Thumb Code     6  stm32f4xx_tim.o(.text)
    delay_osschedlock                        0x0800227d   Thumb Code     8  delay.o(.text)
    delay_osschedunlock                      0x08002285   Thumb Code     8  delay.o(.text)
    delay_ostimedly                          0x0800228d   Thumb Code    12  delay.o(.text)
    SysTick_Handler                          0x08002299   Thumb Code    24  delay.o(.text)
    delay_init                               0x080022b1   Thumb Code    76  delay.o(.text)
    delay_us                                 0x080022fd   Thumb Code    84  delay.o(.text)
    delay_ms                                 0x08002351   Thumb Code    66  delay.o(.text)
    _sys_exit                                0x080023a5   Thumb Code     4  usart.o(.text)
    fputc                                    0x080023a9   Thumb Code    24  usart.o(.text)
    _ttywrch                                 0x080023c1   Thumb Code     4  usart.o(.text)
    uart_init                                0x080023c5   Thumb Code   182  usart.o(.text)
    USART2_IRQHandler                        0x0800247b   Thumb Code   122  usart.o(.text)
    TIM1_PWM_Init                            0x08002505   Thumb Code   270  pwm.o(.text)
    Motor_Init                               0x08002613   Thumb Code    72  pwm.o(.text)
    IIC_Init                                 0x08002665   Thumb Code    60  i2c.o(.text)
    IIC_Start                                0x080026a1   Thumb Code    68  i2c.o(.text)
    IIC_Stop                                 0x080026e5   Thumb Code    62  i2c.o(.text)
    IIC_Wait_Ack                             0x08002723   Thumb Code    82  i2c.o(.text)
    IIC_Ack                                  0x08002775   Thumb Code    66  i2c.o(.text)
    IIC_NAck                                 0x080027b7   Thumb Code    66  i2c.o(.text)
    IIC_Send_Byte                            0x080027f9   Thumb Code    90  i2c.o(.text)
    IIC_Read_Byte                            0x08002853   Thumb Code    94  i2c.o(.text)
    MPU_Write_Byte                           0x080028bd   Thumb Code    68  mpu6050.o(.text)
    MPU_Set_LPF                              0x08002901   Thumb Code    58  mpu6050.o(.text)
    MPU_Set_Rate                             0x0800293b   Thumb Code    58  mpu6050.o(.text)
    MPU_Read_Byte                            0x08002975   Thumb Code    58  mpu6050.o(.text)
    MPU_Set_Accel_Fsr                        0x080029af   Thumb Code    16  mpu6050.o(.text)
    MPU_Set_Gyro_Fsr                         0x080029bf   Thumb Code    16  mpu6050.o(.text)
    MPU_Init                                 0x080029cf   Thumb Code   122  mpu6050.o(.text)
    MPU_Read_Len                             0x08002a49   Thumb Code   116  mpu6050.o(.text)
    MPU_Get_Temperature                      0x08002abd   Thumb Code   110  mpu6050.o(.text)
    MPU_Get_Gyroscope                        0x08002b2b   Thumb Code    80  mpu6050.o(.text)
    MPU_Get_Accelerometer                    0x08002b7b   Thumb Code    80  mpu6050.o(.text)
    mpu6050_send_data                        0x08002bcb   Thumb Code   110  mpu6050.o(.text)
    MPU_Write_Len                            0x08002c39   Thumb Code    96  mpu6050.o(.text)
    mpu_reg_dump                             0x08002d37   Thumb Code    84  inv_mpu.o(.text)
    mpu_read_reg                             0x08002d8b   Thumb Code    66  inv_mpu.o(.text)
    mpu_set_int_latched                      0x08002dcd   Thumb Code   102  inv_mpu.o(.text)
    mpu_set_sensors                          0x08002e33   Thumb Code   202  inv_mpu.o(.text)
    mpu_set_bypass                           0x08002efd   Thumb Code   328  inv_mpu.o(.text)
    mpu_reset_fifo                           0x08003045   Thumb Code   472  inv_mpu.o(.text)
    mpu_configure_fifo                       0x0800321d   Thumb Code   106  inv_mpu.o(.text)
    mpu_set_lpf                              0x08003287   Thumb Code   126  inv_mpu.o(.text)
    mpu_lp_accel_mode                        0x08003305   Thumb Code   218  inv_mpu.o(.text)
    mpu_set_sample_rate                      0x080033df   Thumb Code   152  inv_mpu.o(.text)
    mpu_set_accel_fsr                        0x08003477   Thumb Code   132  inv_mpu.o(.text)
    mpu_set_gyro_fsr                         0x080034fb   Thumb Code   132  inv_mpu.o(.text)
    mpu_init                                 0x0800357f   Thumb Code   416  inv_mpu.o(.text)
    mget_ms                                  0x0800371f   Thumb Code     2  inv_mpu.o(.text)
    mpu_get_gyro_reg                         0x08003721   Thumb Code   110  inv_mpu.o(.text)
    mpu_get_accel_reg                        0x0800378f   Thumb Code   110  inv_mpu.o(.text)
    mpu_get_temperature                      0x080037fd   Thumb Code   142  inv_mpu.o(.text)
    mpu_set_accel_bias                       0x0800388b   Thumb Code   472  inv_mpu.o(.text)
    mpu_get_gyro_fsr                         0x08003a63   Thumb Code    64  inv_mpu.o(.text)
    mpu_get_accel_fsr                        0x08003aa3   Thumb Code    72  inv_mpu.o(.text)
    mpu_get_lpf                              0x08003aeb   Thumb Code    74  inv_mpu.o(.text)
    mpu_get_sample_rate                      0x08003b35   Thumb Code    26  inv_mpu.o(.text)
    mpu_get_compass_sample_rate              0x08003b4f   Thumb Code    10  inv_mpu.o(.text)
    mpu_set_compass_sample_rate              0x08003b59   Thumb Code     8  inv_mpu.o(.text)
    mpu_get_gyro_sens                        0x08003b61   Thumb Code    74  inv_mpu.o(.text)
    mpu_get_accel_sens                       0x08003bab   Thumb Code    78  inv_mpu.o(.text)
    mpu_get_fifo_config                      0x08003bf9   Thumb Code    12  inv_mpu.o(.text)
    mpu_get_power_state                      0x08003c05   Thumb Code    22  inv_mpu.o(.text)
    mpu_get_int_status                       0x08003c1b   Thumb Code    64  inv_mpu.o(.text)
    mpu_read_fifo                            0x08003c5b   Thumb Code   520  inv_mpu.o(.text)
    mpu_read_fifo_stream                     0x08003e63   Thumb Code   186  inv_mpu.o(.text)
    mpu_set_int_level                        0x08003f1d   Thumb Code    12  inv_mpu.o(.text)
    mpu_set_dmp_state                        0x0800462d   Thumb Code   138  inv_mpu.o(.text)
    mpu_run_self_test                        0x080046b7   Thumb Code   278  inv_mpu.o(.text)
    mpu_write_mem                            0x080047cd   Thumb Code   122  inv_mpu.o(.text)
    mpu_read_mem                             0x08004847   Thumb Code   122  inv_mpu.o(.text)
    mpu_load_firmware                        0x080048c1   Thumb Code   190  inv_mpu.o(.text)
    mpu_get_dmp_state                        0x0800497f   Thumb Code    14  inv_mpu.o(.text)
    setup_compass                            0x0800498d   Thumb Code     6  inv_mpu.o(.text)
    mpu_get_compass_reg                      0x08004993   Thumb Code     8  inv_mpu.o(.text)
    mpu_get_compass_fsr                      0x0800499b   Thumb Code     8  inv_mpu.o(.text)
    mpu_lp_motion_interrupt                  0x080049a3   Thumb Code   512  inv_mpu.o(.text)
    run_self_test                            0x08004ba3   Thumb Code   154  inv_mpu.o(.text)
    inv_row_2_scale                          0x08004c3d   Thumb Code    78  inv_mpu.o(.text)
    inv_orientation_matrix_to_scalar         0x08004c8b   Thumb Code    40  inv_mpu.o(.text)
    mpu_dmp_init                             0x08004cb3   Thumb Code   160  inv_mpu.o(.text)
    mpu_dmp_get_data                         0x08004d53   Thumb Code   520  inv_mpu.o(.text)
    dmp_load_motion_driver_firmware          0x08004f6d   Thumb Code    20  inv_mpu_dmp_motion_driver.o(.text)
    dmp_set_orientation                      0x08004f81   Thumb Code   290  inv_mpu_dmp_motion_driver.o(.text)
    dmp_set_gyro_bias                        0x080050a3   Thumb Code   294  inv_mpu_dmp_motion_driver.o(.text)
    dmp_set_accel_bias                       0x080051c9   Thumb Code   300  inv_mpu_dmp_motion_driver.o(.text)
    dmp_set_fifo_rate                        0x080052f5   Thumb Code   136  inv_mpu_dmp_motion_driver.o(.text)
    dmp_get_fifo_rate                        0x0800537d   Thumb Code    12  inv_mpu_dmp_motion_driver.o(.text)
    dmp_set_tap_thresh                       0x08005389   Thumb Code   412  inv_mpu_dmp_motion_driver.o(.text)
    dmp_set_tap_axes                         0x08005525   Thumb Code    70  inv_mpu_dmp_motion_driver.o(.text)
    dmp_set_tap_count                        0x0800556b   Thumb Code    38  inv_mpu_dmp_motion_driver.o(.text)
    dmp_set_tap_time                         0x08005591   Thumb Code    38  inv_mpu_dmp_motion_driver.o(.text)
    dmp_set_tap_time_multi                   0x080055b7   Thumb Code    38  inv_mpu_dmp_motion_driver.o(.text)
    dmp_set_shake_reject_thresh              0x080055dd   Thumb Code    56  inv_mpu_dmp_motion_driver.o(.text)
    dmp_set_shake_reject_time                0x08005615   Thumb Code    38  inv_mpu_dmp_motion_driver.o(.text)
    dmp_set_shake_reject_timeout             0x0800563b   Thumb Code    38  inv_mpu_dmp_motion_driver.o(.text)
    dmp_get_pedometer_step_count             0x08005661   Thumb Code    66  inv_mpu_dmp_motion_driver.o(.text)
    dmp_set_pedometer_step_count             0x080056a3   Thumb Code    42  inv_mpu_dmp_motion_driver.o(.text)
    dmp_get_pedometer_walk_time              0x080056cd   Thumb Code    72  inv_mpu_dmp_motion_driver.o(.text)
    dmp_set_pedometer_walk_time              0x08005715   Thumb Code    48  inv_mpu_dmp_motion_driver.o(.text)
    dmp_enable_6x_lp_quat                    0x08005745   Thumb Code   100  inv_mpu_dmp_motion_driver.o(.text)
    dmp_enable_lp_quat                       0x080057a9   Thumb Code    60  inv_mpu_dmp_motion_driver.o(.text)
    dmp_enable_gyro_cal                      0x080057e5   Thumb Code    62  inv_mpu_dmp_motion_driver.o(.text)
    dmp_enable_feature                       0x08005823   Thumb Code   530  inv_mpu_dmp_motion_driver.o(.text)
    dmp_get_enabled_features                 0x08005a35   Thumb Code    12  inv_mpu_dmp_motion_driver.o(.text)
    dmp_set_interrupt_mode                   0x08005a9f   Thumb Code    66  inv_mpu_dmp_motion_driver.o(.text)
    dmp_read_fifo                            0x08005ae1   Thumb Code   514  inv_mpu_dmp_motion_driver.o(.text)
    dmp_register_tap_cb                      0x08005ce3   Thumb Code    10  inv_mpu_dmp_motion_driver.o(.text)
    dmp_register_android_orient_cb           0x08005ced   Thumb Code    10  inv_mpu_dmp_motion_driver.o(.text)
    usart2_send_char                         0x08005cfd   Thumb Code    28  niming.o(.text)
    usart2_niming_report                     0x08005d19   Thumb Code   118  niming.o(.text)
    usart2_report_imu                        0x08005d8f   Thumb Code   192  niming.o(.text)
    FilterGx                                 0x08005e55   Thumb Code   310  pid.o(.text)
    PID_Init                                 0x08005f8b   Thumb Code    98  pid.o(.text)
    PID_Update                               0x08005fed   Thumb Code   376  pid.o(.text)
    OS_TaskStatStkChk                        0x0800618d   Thumb Code    54  os_core.o(.text)
    OS_TaskStat                              0x080061c3   Thumb Code   116  os_core.o(.text)
    OS_TaskIdle                              0x0800626b   Thumb Code    34  os_core.o(.text)
    OS_MemClr                                0x080062c1   Thumb Code    18  os_core.o(.text)
    OSInit                                   0x080063df   Thumb Code    44  os_core.o(.text)
    OSIntEnter                               0x0800640b   Thumb Code    28  os_core.o(.text)
    OSIntExit                                0x08006441   Thumb Code   112  os_core.o(.text)
    OSSchedLock                              0x080064b1   Thumb Code    50  os_core.o(.text)
    OS_Sched                                 0x080064e3   Thumb Code    88  os_core.o(.text)
    OSSchedUnlock                            0x0800653b   Thumb Code   238  os_core.o(.text)
    OSStart                                  0x08006629   Thumb Code    48  os_core.o(.text)
    OSStatInit                               0x08006659   Thumb Code    62  os_core.o(.text)
    OSTimeTick                               0x08006697   Thumb Code   210  os_core.o(.text)
    OSVersion                                0x08006769   Thumb Code     6  os_core.o(.text)
    OS_Dummy                                 0x0800676f   Thumb Code     2  os_core.o(.text)
    OS_EventTaskRemove                       0x08006771   Thumb Code    42  os_core.o(.text)
    OS_EventTaskRdy                          0x0800679b   Thumb Code   114  os_core.o(.text)
    OS_EventTaskWait                         0x0800680d   Thumb Code   112  os_core.o(.text)
    OS_EventWaitListInit                     0x0800687d   Thumb Code    28  os_core.o(.text)
    OS_MemCopy                               0x08006899   Thumb Code    20  os_core.o(.text)
    OS_StrLen                                0x080068ad   Thumb Code    20  os_core.o(.text)
    OS_TCBInit                               0x080068c1   Thumb Code   280  os_core.o(.text)
    OSFlagAccept                             0x08006a1d   Thumb Code   252  os_flag.o(.text)
    OSFlagCreate                             0x08006b19   Thumb Code    86  os_flag.o(.text)
    OS_FlagUnlink                            0x08006b6f   Thumb Code    36  os_flag.o(.text)
    OSFlagDel                                0x08006be5   Thumb Code   214  os_flag.o(.text)
    OSFlagNameGet                            0x08006cbb   Thumb Code    80  os_flag.o(.text)
    OSFlagNameSet                            0x08006d0b   Thumb Code    66  os_flag.o(.text)
    OSFlagPend                               0x08006de5   Thumb Code   614  os_flag.o(.text)
    OSFlagPendGetFlagsRdy                    0x0800704b   Thumb Code    26  os_flag.o(.text)
    OSFlagPost                               0x08007065   Thumb Code   312  os_flag.o(.text)
    OSFlagQuery                              0x0800719d   Thumb Code    48  os_flag.o(.text)
    OS_FlagInit                              0x080071cd   Thumb Code    78  os_flag.o(.text)
    OSQAccept                                0x08007229   Thumb Code    88  os_q.o(.text)
    OSQCreate                                0x08007281   Thumb Code   140  os_q.o(.text)
    OSQDel                                   0x0800730d   Thumb Code   236  os_q.o(.text)
    OSQFlush                                 0x080073f9   Thumb Code    36  os_q.o(.text)
    OSQPend                                  0x0800741d   Thumb Code   272  os_q.o(.text)
    OSQPendAbort                             0x0800752d   Thumb Code   128  os_q.o(.text)
    OSQPost                                  0x080075ad   Thumb Code   114  os_q.o(.text)
    OSQPostFront                             0x0800761f   Thumb Code   136  os_q.o(.text)
    OSQPostOpt                               0x080076a7   Thumb Code   182  os_q.o(.text)
    OSQQuery                                 0x0800775d   Thumb Code    98  os_q.o(.text)
    OS_QInit                                 0x080077bf   Thumb Code    72  os_q.o(.text)
    OSTaskChangePrio                         0x08007811   Thumb Code   308  os_task.o(.text)
    OSTaskCreate                             0x08007945   Thumb Code   148  os_task.o(.text)
    OS_TaskStkClr                            0x080079d9   Thumb Code    26  os_task.o(.text)
    OSTaskCreateExt                          0x080079f3   Thumb Code   170  os_task.o(.text)
    OSTaskDel                                0x08007a9d   Thumb Code   294  os_task.o(.text)
    OSTaskDelReq                             0x08007bc3   Thumb Code   144  os_task.o(.text)
    OSTaskNameGet                            0x08007c53   Thumb Code   114  os_task.o(.text)
    OSTaskNameSet                            0x08007cc5   Thumb Code    98  os_task.o(.text)
    OSTaskResume                             0x08007d27   Thumb Code   154  os_task.o(.text)
    OSTaskStkChk                             0x08007dc1   Thumb Code   132  os_task.o(.text)
    OSTaskSuspend                            0x08007e45   Thumb Code   152  os_task.o(.text)
    OSTaskQuery                              0x08007edd   Thumb Code    82  os_task.o(.text)
    OSTaskRegGet                             0x08007f2f   Thumb Code    60  os_task.o(.text)
    OSTaskRegSet                             0x08007f6b   Thumb Code    62  os_task.o(.text)
    OS_TaskReturn                            0x08007fa9   Thumb Code    18  os_task.o(.text)
    OSTimeDly                                0x08007fd5   Thumb Code   100  os_time.o(.text)
    OSTimeDlyHMSM                            0x08008039   Thumb Code    86  os_time.o(.text)
    OSTimeDlyResume                          0x0800808f   Thumb Code   168  os_time.o(.text)
    OSTimeGet                                0x08008137   Thumb Code    24  os_time.o(.text)
    OSTimeSet                                0x0800814f   Thumb Code    24  os_time.o(.text)
    OS_CPU_SR_Save                           0x08008185   Thumb Code     0  os_cpu_a.o(.text)
    OS_CPU_SR_Restore                        0x0800818d   Thumb Code     0  os_cpu_a.o(.text)
    OSStartHighRdy                           0x08008193   Thumb Code     0  os_cpu_a.o(.text)
    OSCtxSw                                  0x080081b7   Thumb Code     0  os_cpu_a.o(.text)
    OSIntCtxSw                               0x080081c5   Thumb Code     0  os_cpu_a.o(.text)
    PendSV_Handler                           0x080081d5   Thumb Code     0  os_cpu_a.o(.text)
    OSInitHookBegin                          0x0800824d   Thumb Code     2  os_cpu_c.o(.text)
    OSInitHookEnd                            0x0800824f   Thumb Code     2  os_cpu_c.o(.text)
    OSTaskCreateHook                         0x08008251   Thumb Code     2  os_cpu_c.o(.text)
    OSTaskDelHook                            0x08008253   Thumb Code     2  os_cpu_c.o(.text)
    OSTaskIdleHook                           0x08008255   Thumb Code     2  os_cpu_c.o(.text)
    OSTaskStatHook                           0x08008257   Thumb Code     2  os_cpu_c.o(.text)
    OSTaskStkInit                            0x08008259   Thumb Code   426  os_cpu_c.o(.text)
    OSTaskSwHook                             0x08008403   Thumb Code     2  os_cpu_c.o(.text)
    OSTCBInitHook                            0x08008405   Thumb Code     2  os_cpu_c.o(.text)
    OSTimeTickHook                           0x08008407   Thumb Code     2  os_cpu_c.o(.text)
    OSTaskReturnHook                         0x08008409   Thumb Code     2  os_cpu_c.o(.text)
    __use_no_semihosting                     0x08008411   Thumb Code     2  use_no_semi_2.o(.text)
    malloc                                   0x08008413   Thumb Code    94  h1_alloc.o(.text)
    __aeabi_ldivmod                          0x08008471   Thumb Code     0  llsdiv.o(.text)
    _ll_sdiv                                 0x08008471   Thumb Code    72  llsdiv.o(.text)
    __2printf                                0x080084b9   Thumb Code    20  noretval__2printf.o(.text)
    _printf_pre_padding                      0x080084d1   Thumb Code    44  _printf_pad.o(.text)
    _printf_post_padding                     0x080084fd   Thumb Code    34  _printf_pad.o(.text)
    _printf_int_dec                          0x08008521   Thumb Code   104  _printf_dec.o(.text)
    _printf_int_hex                          0x08008599   Thumb Code    84  _printf_hex_int.o(.text)
    _printf_longlong_hex                     0x08008599   Thumb Code     0  _printf_hex_int.o(.text)
    __printf                                 0x080085f1   Thumb Code   308  __printf_flags_wp.o(.text)
    memcmp                                   0x08008729   Thumb Code    88  memcmp.o(.text)
    __aeabi_memset                           0x08008781   Thumb Code    16  aeabi_memset.o(.text)
    __use_two_region_memory                  0x08008791   Thumb Code     2  heapauxi.o(.text)
    __rt_heap_escrow                         0x08008793   Thumb Code     2  heapauxi.o(.text)
    __rt_heap_expand                         0x08008795   Thumb Code     2  heapauxi.o(.text)
    __I$use$semihosting                      0x08008797   Thumb Code     0  use_no_semi.o(.text)
    __use_no_semihosting_swi                 0x08008797   Thumb Code     2  use_no_semi.o(.text)
    __rt_heap_descriptor                     0x08008799   Thumb Code     8  rt_heap_descriptor_intlibspace.o(.text)
    __use_no_heap                            0x080087a1   Thumb Code     2  hguard.o(.text)
    __heap$guard                             0x080087a3   Thumb Code     2  hguard.o(.text)
    _terminate_user_alloc                    0x080087a5   Thumb Code     2  init_alloc.o(.text)
    _init_user_alloc                         0x080087a7   Thumb Code     2  init_alloc.o(.text)
    __Heap_Full                              0x080087a9   Thumb Code    34  init_alloc.o(.text)
    __Heap_Broken                            0x080087cb   Thumb Code     6  init_alloc.o(.text)
    _init_alloc                              0x080087d1   Thumb Code    94  init_alloc.o(.text)
    __Heap_Initialize                        0x0800882f   Thumb Code    10  h1_init.o(.text)
    __Heap_DescSize                          0x08008839   Thumb Code     4  h1_init.o(.text)
    free                                     0x0800883d   Thumb Code    78  h1_free.o(.text)
    __aeabi_uldivmod                         0x0800888b   Thumb Code     0  lludivv7m.o(.text)
    _ll_udiv                                 0x0800888b   Thumb Code   238  lludivv7m.o(.text)
    __read_errno                             0x08008979   Thumb Code    10  _rserrno.o(.text)
    __set_errno                              0x08008983   Thumb Code    12  _rserrno.o(.text)
    _printf_int_common                       0x0800898f   Thumb Code   178  _printf_intcommon.o(.text)
    _printf_char_file                        0x08008a41   Thumb Code    32  _printf_char_file.o(.text)
    __aeabi_memclr                           0x08008a65   Thumb Code     0  rt_memclr.o(.text)
    __rt_memclr                              0x08008a65   Thumb Code    68  rt_memclr.o(.text)
    _memset                                  0x08008a69   Thumb Code     0  rt_memclr.o(.text)
    __user_libspace                          0x08008aa9   Thumb Code     8  libspace.o(.text)
    __user_perproc_libspace                  0x08008aa9   Thumb Code     0  libspace.o(.text)
    __user_perthread_libspace                0x08008aa9   Thumb Code     0  libspace.o(.text)
    __aeabi_errno_addr                       0x08008ab1   Thumb Code     8  rt_errno_addr_intlibspace.o(.text)
    __errno$intlibspace                      0x08008ab1   Thumb Code     0  rt_errno_addr_intlibspace.o(.text)
    __rt_errno_addr$intlibspace              0x08008ab1   Thumb Code     0  rt_errno_addr_intlibspace.o(.text)
    __Heap_ProvideMemory                     0x08008ab9   Thumb Code    52  h1_extend.o(.text)
    _printf_char_common                      0x08008af7   Thumb Code    32  _printf_char_common.o(.text)
    ferror                                   0x08008b1d   Thumb Code     8  ferror.o(.text)
    __rt_SIGRTMEM                            0x08008b25   Thumb Code    14  defsig_rtmem_outer.o(.text)
    __aeabi_memclr4                          0x08008b33   Thumb Code     0  rt_memclr_w.o(.text)
    __aeabi_memclr8                          0x08008b33   Thumb Code     0  rt_memclr_w.o(.text)
    __rt_memclr_w                            0x08008b33   Thumb Code    78  rt_memclr_w.o(.text)
    _memset_w                                0x08008b37   Thumb Code     0  rt_memclr_w.o(.text)
    __user_setup_stackheap                   0x08008b81   Thumb Code    74  sys_stackheap_outer.o(.text)
    exit                                     0x08008bcb   Thumb Code    12  exit.o(.text)
    __sig_exit                               0x08008bd7   Thumb Code    10  defsig_exit.o(.text)
    __rt_SIGRTMEM_inner                      0x08008be1   Thumb Code    22  defsig_rtmem_inner.o(.text)
    __default_signal_display                 0x08008c31   Thumb Code    50  defsig_general.o(.text)
    __ARM_fpclassify                         0x08008c63   Thumb Code    48  fpclassify.o(i.__ARM_fpclassify)
    __hardfp_asin                            0x08008c99   Thumb Code   770  asin.o(i.__hardfp_asin)
    __hardfp_atan                            0x08008ff9   Thumb Code   622  atan.o(i.__hardfp_atan)
    __hardfp_atan2                           0x080092d1   Thumb Code   432  atan2.o(i.__hardfp_atan2)
    __hardfp_fabs                            0x080094c1   Thumb Code    20  fabs.o(i.__hardfp_fabs)
    __kernel_poly                            0x080094d5   Thumb Code   248  poly.o(i.__kernel_poly)
    __mathlib_dbl_infnan                     0x080095cd   Thumb Code    20  dunder.o(i.__mathlib_dbl_infnan)
    __mathlib_dbl_infnan2                    0x080095e1   Thumb Code    20  dunder.o(i.__mathlib_dbl_infnan2)
    __mathlib_dbl_invalid                    0x080095f9   Thumb Code    24  dunder.o(i.__mathlib_dbl_invalid)
    __mathlib_dbl_underflow                  0x08009619   Thumb Code    24  dunder.o(i.__mathlib_dbl_underflow)
    _is_digit                                0x08009639   Thumb Code    14  __printf_wp.o(i._is_digit)
    atan                                     0x08009647   Thumb Code    16  atan.o(i.atan)
    fabs                                     0x08009657   Thumb Code    24  fabs.o(i.fabs)
    sqrt                                     0x0800966f   Thumb Code   110  sqrt.o(i.sqrt)
    __aeabi_dneg                             0x080096dd   Thumb Code     0  basic.o(x$fpl$basic)
    _dneg                                    0x080096dd   Thumb Code     6  basic.o(x$fpl$basic)
    __aeabi_fneg                             0x080096e3   Thumb Code     0  basic.o(x$fpl$basic)
    _fneg                                    0x080096e3   Thumb Code     6  basic.o(x$fpl$basic)
    _dabs                                    0x080096e9   Thumb Code     6  basic.o(x$fpl$basic)
    _fabs                                    0x080096ef   Thumb Code     6  basic.o(x$fpl$basic)
    __aeabi_d2f                              0x080096f5   Thumb Code     0  d2f.o(x$fpl$d2f)
    _d2f                                     0x080096f5   Thumb Code    98  d2f.o(x$fpl$d2f)
    __aeabi_dadd                             0x08009759   Thumb Code     0  daddsub_clz.o(x$fpl$dadd)
    _dadd                                    0x08009759   Thumb Code   332  daddsub_clz.o(x$fpl$dadd)
    __fpl_dcmp_Inf                           0x080098a9   Thumb Code    24  dcmpi.o(x$fpl$dcmpinf)
    __aeabi_ddiv                             0x080098c1   Thumb Code     0  ddiv.o(x$fpl$ddiv)
    _ddiv                                    0x080098c1   Thumb Code   552  ddiv.o(x$fpl$ddiv)
    __aeabi_i2d                              0x08009b71   Thumb Code     0  dflt_clz.o(x$fpl$dflt)
    _dflt                                    0x08009b71   Thumb Code    46  dflt_clz.o(x$fpl$dflt)
    __aeabi_cdcmple                          0x08009ba1   Thumb Code     0  dleqf.o(x$fpl$dleqf)
    _dcmple                                  0x08009ba1   Thumb Code   120  dleqf.o(x$fpl$dleqf)
    __fpl_dcmple_InfNaN                      0x08009c03   Thumb Code     0  dleqf.o(x$fpl$dleqf)
    __aeabi_dmul                             0x08009c19   Thumb Code     0  dmul.o(x$fpl$dmul)
    _dmul                                    0x08009c19   Thumb Code   332  dmul.o(x$fpl$dmul)
    __fpl_dnaninf                            0x08009d6d   Thumb Code   156  dnaninf.o(x$fpl$dnaninf)
    __fpl_dretinf                            0x08009e09   Thumb Code    12  dretinf.o(x$fpl$dretinf)
    __aeabi_cdrcmple                         0x08009e15   Thumb Code     0  drleqf.o(x$fpl$drleqf)
    _drcmple                                 0x08009e15   Thumb Code   108  drleqf.o(x$fpl$drleqf)
    __aeabi_drsub                            0x08009e81   Thumb Code     0  daddsub_clz.o(x$fpl$drsb)
    _drsb                                    0x08009e81   Thumb Code    22  daddsub_clz.o(x$fpl$drsb)
    _dsqrt                                   0x08009e99   Thumb Code   404  dsqrt_umaal.o(x$fpl$dsqrt)
    __aeabi_dsub                             0x0800a031   Thumb Code     0  daddsub_clz.o(x$fpl$dsub)
    _dsub                                    0x0800a031   Thumb Code   464  daddsub_clz.o(x$fpl$dsub)
    __aeabi_f2d                              0x0800a205   Thumb Code     0  f2d.o(x$fpl$f2d)
    _f2d                                     0x0800a205   Thumb Code    86  f2d.o(x$fpl$f2d)
    __fpl_fnaninf                            0x0800a25b   Thumb Code   140  fnaninf.o(x$fpl$fnaninf)
    _fp_init                                 0x0800a2e7   Thumb Code    10  fpinit.o(x$fpl$fpinit)
    __fplib_config_fpu_vfp                   0x0800a2ef   Thumb Code     0  fpinit.o(x$fpl$fpinit)
    __fplib_config_pureend_doubles           0x0800a2ef   Thumb Code     0  fpinit.o(x$fpl$fpinit)
    __fpl_fretinf                            0x0800a2f1   Thumb Code    10  fretinf.o(x$fpl$fretinf)
    __I$use$fp                               0x0800a2fa   Number         0  usenofp.o(x$fpl$usenofp)
    reg                                      0x0800a2fc   Data          27  inv_mpu.o(.constdata)
    hw                                       0x0800a318   Data          12  inv_mpu.o(.constdata)
    test                                     0x0800a324   Data          40  inv_mpu.o(.constdata)
    OSUnMapTbl                               0x0800af42   Data         256  os_core.o(.constdata)
    __mathlib_zero                           0x0800b168   Data           8  qnan.o(.constdata)
    Region$$Table$$Base                      0x0800b1c0   Number         0  anon$$obj.o(Region$$Table)
    Region$$Table$$Limit                     0x0800b1e0   Number         0  anon$$obj.o(Region$$Table)
    aacx                                     0x20000000   Data           2  main.o(.data)
    aacy                                     0x20000002   Data           2  main.o(.data)
    aacz                                     0x20000004   Data           2  main.o(.data)
    gyrox                                    0x20000006   Data           2  main.o(.data)
    gyroy                                    0x20000008   Data           2  main.o(.data)
    gyroz                                    0x2000000a   Data           2  main.o(.data)
    pitch                                    0x2000000c   Data           4  main.o(.data)
    roll                                     0x20000010   Data           4  main.o(.data)
    yaw                                      0x20000014   Data           4  main.o(.data)
    motor1                                   0x20000018   Data           2  main.o(.data)
    motor2                                   0x2000001a   Data           2  main.o(.data)
    motor3                                   0x2000001c   Data           2  main.o(.data)
    motor4                                   0x2000001e   Data           2  main.o(.data)
    thr                                      0x20000020   Data           4  main.o(.data)
    pid_Pitch                                0x20000024   Data           4  main.o(.data)
    pid_Yaw                                  0x20000028   Data           4  main.o(.data)
    pid_Roll                                 0x2000002c   Data           4  main.o(.data)
    SystemCoreClock                          0x20000030   Data           4  system_stm32f4xx.o(.data)
    AHBPrescTable                            0x20000034   Data          16  system_stm32f4xx.o(.data)
    __stdout                                 0x20000058   Data           4  usart.o(.data)
    USART_RX_STA                             0x2000005c   Data           2  usart.o(.data)
    OSCtxSwCtr                               0x200000a0   Data           4  os_core.o(.data)
    OSEventFreeList                          0x200000a4   Data           4  os_core.o(.data)
    OSFlagFreeList                           0x200000a8   Data           4  os_core.o(.data)
    OSCPUUsage                               0x200000ac   Data           1  os_core.o(.data)
    OSIdleCtrMax                             0x200000b0   Data           4  os_core.o(.data)
    OSIdleCtrRun                             0x200000b4   Data           4  os_core.o(.data)
    OSStatRdy                                0x200000b8   Data           1  os_core.o(.data)
    OSIntNesting                             0x200000b9   Data           1  os_core.o(.data)
    OSLockNesting                            0x200000ba   Data           1  os_core.o(.data)
    OSPrioCur                                0x200000bb   Data           1  os_core.o(.data)
    OSPrioHighRdy                            0x200000bc   Data           1  os_core.o(.data)
    OSRdyGrp                                 0x200000bd   Data           1  os_core.o(.data)
    OSRdyTbl                                 0x200000be   Data           8  os_core.o(.data)
    OSRunning                                0x200000c6   Data           1  os_core.o(.data)
    OSTaskCtr                                0x200000c7   Data           1  os_core.o(.data)
    OSIdleCtr                                0x200000c8   Data           4  os_core.o(.data)
    OSTCBCur                                 0x200000cc   Data           4  os_core.o(.data)
    OSTCBFreeList                            0x200000d0   Data           4  os_core.o(.data)
    OSTCBHighRdy                             0x200000d4   Data           4  os_core.o(.data)
    OSTCBList                                0x200000d8   Data           4  os_core.o(.data)
    OSTickStepState                          0x200000dc   Data           1  os_core.o(.data)
    OSQFreeList                              0x200000e0   Data           4  os_core.o(.data)
    OSTime                                   0x200000e4   Data           4  os_core.o(.data)
    START_TASK_STK                           0x200000e8   Data         256  main.o(.bss)
    MOTOR_TASK_STK                           0x200001e8   Data        2048  main.o(.bss)
    PID_TASK_STK                             0x200009e8   Data        2048  main.o(.bss)
    GY86_TASK_STK                            0x200011e8   Data        2048  main.o(.bss)
    USART_RX_BUF                             0x200019e8   Data         200  usart.o(.bss)
    OSEventTbl                               0x20001ae8   Data         200  os_core.o(.bss)
    OSFlagTbl                                0x20001bb0   Data          80  os_core.o(.bss)
    OSTaskStatStk                            0x20001c00   Data         512  os_core.o(.bss)
    OSTaskIdleStk                            0x20001e00   Data         512  os_core.o(.bss)
    OSTCBPrioTbl                             0x20002000   Data         256  os_core.o(.bss)
    OSTCBTbl                                 0x20002100   Data        1008  os_core.o(.bss)
    OSQTbl                                   0x200024f0   Data         120  os_core.o(.bss)
    __libspace_start                         0x20002568   Data          96  libspace.o(.bss)
    __temporary_stack_top$libspace           0x200025c8   Data           0  libspace.o(.bss)



==============================================================================

Memory Map of the image

  Image Entry point : 0x08000199

  Load Region LR_IROM1 (Base: 0x08000000, Size: 0x0000b2c8, Max: 0x00080000, ABSOLUTE)

    Execution Region ER_IROM1 (Base: 0x08000000, Size: 0x0000b1e0, Max: 0x00080000, ABSOLUTE)

    Base Addr    Size         Type   Attr      Idx    E Section Name        Object

    0x08000000   0x00000198   Data   RO          255    RESET               startup_stm32f411xe.o
    0x08000198   0x00000008   Code   RO          994  * !!!main             c_w.l(__main.o)
    0x080001a0   0x00000034   Code   RO         1352    !!!scatter          c_w.l(__scatter.o)
    0x080001d4   0x0000001a   Code   RO         1354    !!handler_copy      c_w.l(__scatter_copy.o)
    0x080001ee   0x00000002   PAD
    0x080001f0   0x0000001c   Code   RO         1356    !!handler_zi        c_w.l(__scatter_zi.o)
    0x0800020c   0x00000000   Code   RO          987    .ARM.Collect$$_printf_percent$$00000000  c_w.l(_printf_percent.o)
    0x0800020c   0x00000006   Code   RO          986    .ARM.Collect$$_printf_percent$$00000009  c_w.l(_printf_d.o)
    0x08000212   0x00000006   Code   RO          985    .ARM.Collect$$_printf_percent$$0000000C  c_w.l(_printf_x.o)
    0x08000218   0x00000004   Code   RO         1096    .ARM.Collect$$_printf_percent$$00000017  c_w.l(_printf_percent_end.o)
    0x0800021c   0x00000002   Code   RO         1292    .ARM.Collect$$libinit$$00000000  c_w.l(libinit.o)
    0x0800021e   0x00000004   Code   RO         1103    .ARM.Collect$$libinit$$00000001  c_w.l(libinit2.o)
    0x08000222   0x00000000   Code   RO         1106    .ARM.Collect$$libinit$$00000004  c_w.l(libinit2.o)
    0x08000222   0x00000008   Code   RO         1107    .ARM.Collect$$libinit$$00000005  c_w.l(libinit2.o)
    0x0800022a   0x00000000   Code   RO         1109    .ARM.Collect$$libinit$$0000000A  c_w.l(libinit2.o)
    0x0800022a   0x00000000   Code   RO         1111    .ARM.Collect$$libinit$$0000000C  c_w.l(libinit2.o)
    0x0800022a   0x00000000   Code   RO         1113    .ARM.Collect$$libinit$$0000000E  c_w.l(libinit2.o)
    0x0800022a   0x00000000   Code   RO         1116    .ARM.Collect$$libinit$$00000011  c_w.l(libinit2.o)
    0x0800022a   0x00000000   Code   RO         1118    .ARM.Collect$$libinit$$00000013  c_w.l(libinit2.o)
    0x0800022a   0x00000000   Code   RO         1120    .ARM.Collect$$libinit$$00000015  c_w.l(libinit2.o)
    0x0800022a   0x00000000   Code   RO         1122    .ARM.Collect$$libinit$$00000017  c_w.l(libinit2.o)
    0x0800022a   0x00000000   Code   RO         1124    .ARM.Collect$$libinit$$00000019  c_w.l(libinit2.o)
    0x0800022a   0x00000000   Code   RO         1126    .ARM.Collect$$libinit$$0000001B  c_w.l(libinit2.o)
    0x0800022a   0x00000000   Code   RO         1128    .ARM.Collect$$libinit$$0000001D  c_w.l(libinit2.o)
    0x0800022a   0x00000000   Code   RO         1130    .ARM.Collect$$libinit$$0000001F  c_w.l(libinit2.o)
    0x0800022a   0x00000000   Code   RO         1132    .ARM.Collect$$libinit$$00000021  c_w.l(libinit2.o)
    0x0800022a   0x00000000   Code   RO         1134    .ARM.Collect$$libinit$$00000023  c_w.l(libinit2.o)
    0x0800022a   0x00000000   Code   RO         1136    .ARM.Collect$$libinit$$00000025  c_w.l(libinit2.o)
    0x0800022a   0x00000000   Code   RO         1140    .ARM.Collect$$libinit$$0000002C  c_w.l(libinit2.o)
    0x0800022a   0x00000000   Code   RO         1142    .ARM.Collect$$libinit$$0000002E  c_w.l(libinit2.o)
    0x0800022a   0x00000000   Code   RO         1144    .ARM.Collect$$libinit$$00000030  c_w.l(libinit2.o)
    0x0800022a   0x00000000   Code   RO         1146    .ARM.Collect$$libinit$$00000032  c_w.l(libinit2.o)
    0x0800022a   0x00000002   Code   RO         1147    .ARM.Collect$$libinit$$00000033  c_w.l(libinit2.o)
    0x0800022c   0x00000002   Code   RO         1349    .ARM.Collect$$libshutdown$$00000000  c_w.l(libshutdown.o)
    0x0800022e   0x00000000   Code   RO         1309    .ARM.Collect$$libshutdown$$00000003  c_w.l(libshutdown2.o)
    0x0800022e   0x00000000   Code   RO         1312    .ARM.Collect$$libshutdown$$00000006  c_w.l(libshutdown2.o)
    0x0800022e   0x00000000   Code   RO         1315    .ARM.Collect$$libshutdown$$00000009  c_w.l(libshutdown2.o)
    0x0800022e   0x00000000   Code   RO         1317    .ARM.Collect$$libshutdown$$0000000B  c_w.l(libshutdown2.o)
    0x0800022e   0x00000000   Code   RO         1320    .ARM.Collect$$libshutdown$$0000000E  c_w.l(libshutdown2.o)
    0x0800022e   0x00000002   Code   RO         1321    .ARM.Collect$$libshutdown$$0000000F  c_w.l(libshutdown2.o)
    0x08000230   0x00000000   Code   RO         1056    .ARM.Collect$$rtentry$$00000000  c_w.l(__rtentry.o)
    0x08000230   0x00000000   Code   RO         1212    .ARM.Collect$$rtentry$$00000002  c_w.l(__rtentry2.o)
    0x08000230   0x00000006   Code   RO         1224    .ARM.Collect$$rtentry$$00000004  c_w.l(__rtentry4.o)
    0x08000236   0x00000000   Code   RO         1214    .ARM.Collect$$rtentry$$00000009  c_w.l(__rtentry2.o)
    0x08000236   0x00000004   Code   RO         1215    .ARM.Collect$$rtentry$$0000000A  c_w.l(__rtentry2.o)
    0x0800023a   0x00000000   Code   RO         1217    .ARM.Collect$$rtentry$$0000000C  c_w.l(__rtentry2.o)
    0x0800023a   0x00000008   Code   RO         1218    .ARM.Collect$$rtentry$$0000000D  c_w.l(__rtentry2.o)
    0x08000242   0x00000002   Code   RO         1293    .ARM.Collect$$rtexit$$00000000  c_w.l(rtexit.o)
    0x08000244   0x00000000   Code   RO         1323    .ARM.Collect$$rtexit$$00000002  c_w.l(rtexit2.o)
    0x08000244   0x00000004   Code   RO         1324    .ARM.Collect$$rtexit$$00000003  c_w.l(rtexit2.o)
    0x08000248   0x00000006   Code   RO         1325    .ARM.Collect$$rtexit$$00000004  c_w.l(rtexit2.o)
    0x0800024e   0x00000002   PAD
    0x08000250   0x00000000   Code   RO         1237    .emb_text           c_w.l(maybetermalloc1.o)
    0x08000250   0x00000358   Code   RO            3    .text               main.o
    0x080005a8   0x00000016   Code   RO          180    .text               stm32f4xx_it.o
    0x080005be   0x00000002   PAD
    0x080005c0   0x000001b0   Code   RO          226    .text               system_stm32f4xx.o
    0x08000770   0x00000040   Code   RO          256    .text               startup_stm32f411xe.o
    0x080007b0   0x000000e0   Code   RO          262    .text               misc.o
    0x08000890   0x00000294   Code   RO          282    .text               stm32f4xx_gpio.o
    0x08000b24   0x00000660   Code   RO          302    .text               stm32f4xx_rcc.o
    0x08001184   0x00000454   Code   RO          344    .text               stm32f4xx_usart.o
    0x080015d8   0x00000ca2   Code   RO          364    .text               stm32f4xx_tim.o
    0x0800227a   0x00000002   PAD
    0x0800227c   0x00000128   Code   RO          384    .text               delay.o
    0x080023a4   0x00000160   Code   RO          424    .text               usart.o
    0x08002504   0x00000160   Code   RO          475    .text               pwm.o
    0x08002664   0x00000258   Code   RO          499    .text               i2c.o
    0x080028bc   0x000003f0   Code   RO          519    .text               mpu6050.o
    0x08002cac   0x000022c0   Code   RO          539    .text               inv_mpu.o
    0x08004f6c   0x00000d90   Code   RO          574    .text               inv_mpu_dmp_motion_driver.o
    0x08005cfc   0x00000158   Code   RO          607    .text               niming.o
    0x08005e54   0x00000338   Code   RO          625    .text               pid.o
    0x0800618c   0x00000890   Code   RO          645    .text               os_core.o
    0x08006a1c   0x0000080c   Code   RO          673    .text               os_flag.o
    0x08007228   0x000005e8   Code   RO          747    .text               os_q.o
    0x08007810   0x000007c4   Code   RO          787    .text               os_task.o
    0x08007fd4   0x000001b0   Code   RO          807    .text               os_time.o
    0x08008184   0x000000c8   Code   RO          839    .text               os_cpu_a.o
    0x0800824c   0x000001c4   Code   RO          844    .text               os_cpu_c.o
    0x08008410   0x00000002   Code   RO          874    .text               c_w.l(use_no_semi_2.o)
    0x08008412   0x0000005e   Code   RO          878    .text               c_w.l(h1_alloc.o)
    0x08008470   0x00000048   Code   RO          932    .text               c_w.l(llsdiv.o)
    0x080084b8   0x00000018   Code   RO          936    .text               c_w.l(noretval__2printf.o)
    0x080084d0   0x0000004e   Code   RO          940    .text               c_w.l(_printf_pad.o)
    0x0800851e   0x00000002   PAD
    0x08008520   0x00000078   Code   RO          942    .text               c_w.l(_printf_dec.o)
    0x08008598   0x00000058   Code   RO          947    .text               c_w.l(_printf_hex_int.o)
    0x080085f0   0x00000138   Code   RO          977    .text               c_w.l(__printf_flags_wp.o)
    0x08008728   0x00000058   Code   RO          988    .text               c_w.l(memcmp.o)
    0x08008780   0x00000010   Code   RO          990    .text               c_w.l(aeabi_memset.o)
    0x08008790   0x00000006   Code   RO          992    .text               c_w.l(heapauxi.o)
    0x08008796   0x00000002   Code   RO         1052    .text               c_w.l(use_no_semi.o)
    0x08008798   0x00000008   Code   RO         1060    .text               c_w.l(rt_heap_descriptor_intlibspace.o)
    0x080087a0   0x00000004   Code   RO         1062    .text               c_w.l(hguard.o)
    0x080087a4   0x0000008a   Code   RO         1064    .text               c_w.l(init_alloc.o)
    0x0800882e   0x0000000e   Code   RO         1070    .text               c_w.l(h1_init.o)
    0x0800883c   0x0000004e   Code   RO         1072    .text               c_w.l(h1_free.o)
    0x0800888a   0x000000ee   Code   RO         1088    .text               c_w.l(lludivv7m.o)
    0x08008978   0x00000016   Code   RO         1090    .text               c_w.l(_rserrno.o)
    0x0800898e   0x000000b2   Code   RO         1092    .text               c_w.l(_printf_intcommon.o)
    0x08008a40   0x00000024   Code   RO         1094    .text               c_w.l(_printf_char_file.o)
    0x08008a64   0x00000044   Code   RO         1099    .text               c_w.l(rt_memclr.o)
    0x08008aa8   0x00000008   Code   RO         1208    .text               c_w.l(libspace.o)
    0x08008ab0   0x00000008   Code   RO         1233    .text               c_w.l(rt_errno_addr_intlibspace.o)
    0x08008ab8   0x00000034   Code   RO         1239    .text               c_w.l(h1_extend.o)
    0x08008aec   0x00000030   Code   RO         1243    .text               c_w.l(_printf_char_common.o)
    0x08008b1c   0x00000008   Code   RO         1245    .text               c_w.l(ferror.o)
    0x08008b24   0x0000000e   Code   RO         1249    .text               c_w.l(defsig_rtmem_outer.o)
    0x08008b32   0x0000004e   Code   RO         1253    .text               c_w.l(rt_memclr_w.o)
    0x08008b80   0x0000004a   Code   RO         1267    .text               c_w.l(sys_stackheap_outer.o)
    0x08008bca   0x0000000c   Code   RO         1277    .text               c_w.l(exit.o)
    0x08008bd6   0x0000000a   Code   RO         1279    .text               c_w.l(defsig_exit.o)
    0x08008be0   0x00000050   Code   RO         1281    .text               c_w.l(defsig_rtmem_inner.o)
    0x08008c30   0x00000032   Code   RO         1301    .text               c_w.l(defsig_general.o)
    0x08008c62   0x00000030   Code   RO         1189    i.__ARM_fpclassify  m_wm.l(fpclassify.o)
    0x08008c92   0x00000006   PAD
    0x08008c98   0x00000360   Code   RO         1020    i.__hardfp_asin     m_wm.l(asin.o)
    0x08008ff8   0x000002d8   Code   RO         1161    i.__hardfp_atan     m_wm.l(atan.o)
    0x080092d0   0x000001f0   Code   RO         1034    i.__hardfp_atan2    m_wm.l(atan2.o)
    0x080094c0   0x00000014   Code   RO         1046    i.__hardfp_fabs     m_wm.l(fabs.o)
    0x080094d4   0x000000f8   Code   RO         1191    i.__kernel_poly     m_wm.l(poly.o)
    0x080095cc   0x00000014   Code   RO         1176    i.__mathlib_dbl_infnan  m_wm.l(dunder.o)
    0x080095e0   0x00000014   Code   RO         1177    i.__mathlib_dbl_infnan2  m_wm.l(dunder.o)
    0x080095f4   0x00000004   PAD
    0x080095f8   0x00000020   Code   RO         1178    i.__mathlib_dbl_invalid  m_wm.l(dunder.o)
    0x08009618   0x00000020   Code   RO         1181    i.__mathlib_dbl_underflow  m_wm.l(dunder.o)
    0x08009638   0x0000000e   Code   RO          975    i._is_digit         c_w.l(__printf_wp.o)
    0x08009646   0x00000010   Code   RO         1163    i.atan              m_wm.l(atan.o)
    0x08009656   0x00000018   Code   RO         1048    i.fabs              m_wm.l(fabs.o)
    0x0800966e   0x0000006e   Code   RO         1196    i.sqrt              m_wm.l(sqrt.o)
    0x080096dc   0x00000018   Code   RO         1148    x$fpl$basic         fz_wm.l(basic.o)
    0x080096f4   0x00000062   Code   RO          996    x$fpl$d2f           fz_wm.l(d2f.o)
    0x08009756   0x00000002   PAD
    0x08009758   0x00000150   Code   RO          998    x$fpl$dadd          fz_wm.l(daddsub_clz.o)
    0x080098a8   0x00000018   Code   RO         1260    x$fpl$dcmpinf       fz_wm.l(dcmpi.o)
    0x080098c0   0x000002b0   Code   RO         1005    x$fpl$ddiv          fz_wm.l(ddiv.o)
    0x08009b70   0x0000002e   Code   RO         1009    x$fpl$dflt          fz_wm.l(dflt_clz.o)
    0x08009b9e   0x00000002   PAD
    0x08009ba0   0x00000078   Code   RO         1150    x$fpl$dleqf         fz_wm.l(dleqf.o)
    0x08009c18   0x00000154   Code   RO         1014    x$fpl$dmul          fz_wm.l(dmul.o)
    0x08009d6c   0x0000009c   Code   RO         1152    x$fpl$dnaninf       fz_wm.l(dnaninf.o)
    0x08009e08   0x0000000c   Code   RO         1154    x$fpl$dretinf       fz_wm.l(dretinf.o)
    0x08009e14   0x0000006c   Code   RO         1016    x$fpl$drleqf        fz_wm.l(drleqf.o)
    0x08009e80   0x00000016   Code   RO          999    x$fpl$drsb          fz_wm.l(daddsub_clz.o)
    0x08009e96   0x00000002   PAD
    0x08009e98   0x00000198   Code   RO         1262    x$fpl$dsqrt         fz_wm.l(dsqrt_umaal.o)
    0x0800a030   0x000001d4   Code   RO         1000    x$fpl$dsub          fz_wm.l(daddsub_clz.o)
    0x0800a204   0x00000056   Code   RO         1018    x$fpl$f2d           fz_wm.l(f2d.o)
    0x0800a25a   0x0000008c   Code   RO         1156    x$fpl$fnaninf       fz_wm.l(fnaninf.o)
    0x0800a2e6   0x0000000a   Code   RO         1264    x$fpl$fpinit        fz_wm.l(fpinit.o)
    0x0800a2f0   0x0000000a   Code   RO         1158    x$fpl$fretinf       fz_wm.l(fretinf.o)
    0x0800a2fa   0x00000000   Code   RO         1160    x$fpl$usenofp       fz_wm.l(usenofp.o)
    0x0800a2fa   0x00000002   PAD
    0x0800a2fc   0x00000050   Data   RO          540    .constdata          inv_mpu.o
    0x0800a34c   0x00000bf6   Data   RO          576    .constdata          inv_mpu_dmp_motion_driver.o
    0x0800af42   0x00000100   Data   RO          647    .constdata          os_core.o
    0x0800b042   0x00000028   Data   RO          948    .constdata          c_w.l(_printf_hex_int.o)
    0x0800b06a   0x00000011   Data   RO          978    .constdata          c_w.l(__printf_flags_wp.o)
    0x0800b07b   0x00000005   PAD
    0x0800b080   0x00000050   Data   RO         1023    .constdata          m_wm.l(asin.o)
    0x0800b0d0   0x00000098   Data   RO         1164    .constdata          m_wm.l(atan.o)
    0x0800b168   0x00000008   Data   RO         1193    .constdata          m_wm.l(qnan.o)
    0x0800b170   0x0000004d   Data   RO          541    .conststring        inv_mpu.o
    0x0800b1bd   0x00000003   PAD
    0x0800b1c0   0x00000020   Data   RO         1350    Region$$Table       anon$$obj.o


    Execution Region RW_IRAM1 (Base: 0x20000000, Size: 0x00002bc8, Max: 0x00020000, ABSOLUTE)

    Base Addr    Size         Type   Attr      Idx    E Section Name        Object

    0x20000000   0x00000030   Data   RW            5    .data               main.o
    0x20000030   0x00000014   Data   RW          227    .data               system_stm32f4xx.o
    0x20000044   0x00000010   Data   RW          303    .data               stm32f4xx_rcc.o
    0x20000054   0x00000004   Data   RW          385    .data               delay.o
    0x20000058   0x00000006   Data   RW          426    .data               usart.o
    0x2000005e   0x00000002   PAD
    0x20000060   0x00000035   Data   RW          542    .data               inv_mpu.o
    0x20000095   0x00000003   PAD
    0x20000098   0x00000008   Data   RW          627    .data               pid.o
    0x200000a0   0x00000048   Data   RW          648    .data               os_core.o
    0x200000e8   0x00001900   Zero   RW            4    .bss                main.o
    0x200019e8   0x000000c8   Zero   RW          425    .bss                usart.o
    0x20001ab0   0x00000010   Zero   RW          575    .bss                inv_mpu_dmp_motion_driver.o
    0x20001ac0   0x00000028   Zero   RW          626    .bss                pid.o
    0x20001ae8   0x00000a80   Zero   RW          646    .bss                os_core.o
    0x20002568   0x00000060   Zero   RW         1209    .bss                c_w.l(libspace.o)
    0x200025c8   0x00000200   Zero   RW          254    HEAP                startup_stm32f411xe.o
    0x200027c8   0x00000400   Zero   RW          253    STACK               startup_stm32f411xe.o


==============================================================================

Image component sizes


      Code (inc. data)   RO Data    RW Data    ZI Data      Debug   Object Name

       296         18          0          4          0       1749   delay.o
       600         12          0          0          0       1852   i2c.o
      8896        222        157         53          0      23701   inv_mpu.o
      3472        142       3062          0         16      15079   inv_mpu_dmp_motion_driver.o
       856        104          0         48       6400     261163   main.o
       224         20          0          0          0       1765   misc.o
      1008         20          0          0          0       4553   mpu6050.o
       344          6          0          0          0       1870   niming.o
      2192        218        256         72       2688      14995   os_core.o
       200         32          0          0          0        300   os_cpu_a.o
       452          6          0          0          0      10506   os_cpu_c.o
      2060         42          0          0          0       6848   os_flag.o
      1512         30          0          0          0       5477   os_q.o
      1988         70          0          0          0       7505   os_task.o
       432         30          0          0          0       1778   os_time.o
       824         40          0          8         40       2364   pid.o
       352         10          0          0          0        923   pwm.o
        64         26        408          0       1536        804   startup_stm32f411xe.o
       660         44          0          0          0       4041   stm32f4xx_gpio.o
        22          0          0          0          0       1007   stm32f4xx_it.o
      1632         52          0         16          0      12864   stm32f4xx_rcc.o
      3234         60          0          0          0      22244   stm32f4xx_tim.o
      1108         34          0          0          0       7740   stm32f4xx_usart.o
       432         46          0         20          0       1559   system_stm32f4xx.o
       352         16          0          6        200       3331   usart.o

    ----------------------------------------------------------------------
     33216       1300       3918        232      10880     416018   Object Totals
         0          0         32          0          0          0   (incl. Generated)
         4          0          3          5          0          0   (incl. Padding)

    ----------------------------------------------------------------------

      Code (inc. data)   RO Data    RW Data    ZI Data      Debug   Library Member Name

         8          0          0          0          0         68   __main.o
       312          4         17          0          0         92   __printf_flags_wp.o
        14          0          0          0          0         68   __printf_wp.o
         0          0          0          0          0          0   __rtentry.o
        12          0          0          0          0          0   __rtentry2.o
         6          0          0          0          0          0   __rtentry4.o
        52          8          0          0          0          0   __scatter.o
        26          0          0          0          0          0   __scatter_copy.o
        28          0          0          0          0          0   __scatter_zi.o
        48          6          0          0          0         96   _printf_char_common.o
        36          4          0          0          0         80   _printf_char_file.o
         6          0          0          0          0          0   _printf_d.o
       120         16          0          0          0         92   _printf_dec.o
        88          4         40          0          0         88   _printf_hex_int.o
       178          0          0          0          0         88   _printf_intcommon.o
        78          0          0          0          0        108   _printf_pad.o
         0          0          0          0          0          0   _printf_percent.o
         4          0          0          0          0          0   _printf_percent_end.o
         6          0          0          0          0          0   _printf_x.o
        22          0          0          0          0        100   _rserrno.o
        16          0          0          0          0         68   aeabi_memset.o
        10          0          0          0          0         68   defsig_exit.o
        50          0          0          0          0         88   defsig_general.o
        80         58          0          0          0         76   defsig_rtmem_inner.o
        14          0          0          0          0         80   defsig_rtmem_outer.o
        12          0          0          0          0         72   exit.o
         8          0          0          0          0         68   ferror.o
        94          0          0          0          0         80   h1_alloc.o
        52          0          0          0          0         68   h1_extend.o
        78          0          0          0          0         80   h1_free.o
        14          0          0          0          0         84   h1_init.o
         6          0          0          0          0        152   heapauxi.o
         4          0          0          0          0        136   hguard.o
       138          0          0          0          0        168   init_alloc.o
         2          0          0          0          0          0   libinit.o
        14          0          0          0          0          0   libinit2.o
         2          0          0          0          0          0   libshutdown.o
         2          0          0          0          0          0   libshutdown2.o
         8          4          0          0         96         68   libspace.o
        72          0          0          0          0         76   llsdiv.o
       238          0          0          0          0        100   lludivv7m.o
         0          0          0          0          0          0   maybetermalloc1.o
        88          0          0          0          0         76   memcmp.o
        24          4          0          0          0         84   noretval__2printf.o
         8          4          0          0          0         68   rt_errno_addr_intlibspace.o
         8          4          0          0          0         68   rt_heap_descriptor_intlibspace.o
        68          0          0          0          0         68   rt_memclr.o
        78          0          0          0          0         80   rt_memclr_w.o
         2          0          0          0          0          0   rtexit.o
        10          0          0          0          0          0   rtexit2.o
        74          0          0          0          0         80   sys_stackheap_outer.o
         2          0          0          0          0         68   use_no_semi.o
         2          0          0          0          0         68   use_no_semi_2.o
        24          0          0          0          0        164   basic.o
        98          4          0          0          0        140   d2f.o
       826         16          0          0          0        492   daddsub_clz.o
        24          0          0          0          0        116   dcmpi.o
       688        140          0          0          0        256   ddiv.o
        46          0          0          0          0        116   dflt_clz.o
       120          4          0          0          0        140   dleqf.o
       340         12          0          0          0        152   dmul.o
       156          4          0          0          0        140   dnaninf.o
        12          0          0          0          0        116   dretinf.o
       108          0          0          0          0        128   drleqf.o
       408         56          0          0          0        168   dsqrt_umaal.o
        86          4          0          0          0        132   f2d.o
       140          4          0          0          0        132   fnaninf.o
        10          0          0          0          0        116   fpinit.o
        10          0          0          0          0        116   fretinf.o
         0          0          0          0          0          0   usenofp.o
       864         94         80          0          0        280   asin.o
       744        106        152          0          0        352   atan.o
       496         64          0          0          0        192   atan2.o
       104         16          0          0          0        496   dunder.o
        44          0          0          0          0        248   fabs.o
        48          0          0          0          0        124   fpclassify.o
       248          0          0          0          0        152   poly.o
         0          0          8          0          0          0   qnan.o
       110          0          0          0          0        148   sqrt.o

    ----------------------------------------------------------------------
      8100        640        302          0         96       7688   Library Totals
        24          0          5          0          0          0   (incl. Padding)

    ----------------------------------------------------------------------

      Code (inc. data)   RO Data    RW Data    ZI Data      Debug   Library Name

      2322        116         57          0         96       3072   c_w.l
      3096        244          0          0          0       2624   fz_wm.l
      2658        280        240          0          0       1992   m_wm.l

    ----------------------------------------------------------------------
      8100        640        302          0         96       7688   Library Totals

    ----------------------------------------------------------------------

==============================================================================


      Code (inc. data)   RO Data    RW Data    ZI Data      Debug   

     41316       1940       4220        232      10976     414290   Grand Totals
     41316       1940       4220        232      10976     414290   ELF Image Totals
     41316       1940       4220        232          0          0   ROM Totals

==============================================================================

    Total RO  Size (Code + RO Data)                45536 (  44.47kB)
    Total RW  Size (RW Data + ZI Data)             11208 (  10.95kB)
    Total ROM Size (Code + RO Data + RW Data)      45768 (  44.70kB)

==============================================================================

