Component: ARM Compiler 5.05 update 1 (build 106) Tool: armlink [4d0efa]

==============================================================================

Section Cross References

    main.o(.text) refers to delay.o(.text) for delay_ms
    main.o(.text) refers to pid.o(.text) for PID_Update
    main.o(.text) refers to mpu6050.o(.text) for MPU_Get_Accelerometer
    main.o(.text) refers to attitude.o(.text) for Attitude
    main.o(.text) refers to os_cpu_a.o(.text) for OS_CPU_SR_Save
    main.o(.text) refers to os_task.o(.text) for OSTaskCreate
    main.o(.text) refers to pwm.o(.text) for Motor_Init
    main.o(.text) refers to misc.o(.text) for NVIC_PriorityGroupConfig
    main.o(.text) refers to usart.o(.text) for uart_init
    main.o(.text) refers to h1_alloc.o(.text) for malloc
    main.o(.text) refers to os_core.o(.text) for OSInit
    main.o(.text) refers to main.o(.data) for motor1
    main.o(.text) refers to main.o(.bss) for GY86_TASK_STK
    system_stm32f4xx.o(.text) refers to system_stm32f4xx.o(.data) for SystemCoreClock
    startup_stm32f411xe.o(STACK) refers (Special) to heapauxi.o(.text) for __use_two_region_memory
    startup_stm32f411xe.o(HEAP) refers (Special) to heapauxi.o(.text) for __use_two_region_memory
    startup_stm32f411xe.o(RESET) refers (Special) to heapauxi.o(.text) for __use_two_region_memory
    startup_stm32f411xe.o(RESET) refers to startup_stm32f411xe.o(STACK) for __initial_sp
    startup_stm32f411xe.o(RESET) refers to startup_stm32f411xe.o(.text) for Reset_Handler
    startup_stm32f411xe.o(RESET) refers to stm32f4xx_it.o(.text) for NMI_Handler
    startup_stm32f411xe.o(RESET) refers to os_cpu_a.o(.text) for PendSV_Handler
    startup_stm32f411xe.o(RESET) refers to delay.o(.text) for SysTick_Handler
    startup_stm32f411xe.o(RESET) refers to usart.o(.text) for USART2_IRQHandler
    startup_stm32f411xe.o(.text) refers (Special) to heapauxi.o(.text) for __use_two_region_memory
    startup_stm32f411xe.o(.text) refers to system_stm32f4xx.o(.text) for SystemInit
    startup_stm32f411xe.o(.text) refers to __main.o(!!!main) for __main
    startup_stm32f411xe.o(.text) refers to startup_stm32f411xe.o(HEAP) for Heap_Mem
    startup_stm32f411xe.o(.text) refers to startup_stm32f411xe.o(STACK) for Stack_Mem
    stm32f4xx_gpio.o(.text) refers to stm32f4xx_rcc.o(.text) for RCC_AHB1PeriphResetCmd
    stm32f4xx_rcc.o(.text) refers to stm32f4xx_rcc.o(.data) for APBAHBPrescTable
    stm32f4xx_syscfg.o(.text) refers to stm32f4xx_rcc.o(.text) for RCC_APB2PeriphResetCmd
    stm32f4xx_usart.o(.text) refers to stm32f4xx_rcc.o(.text) for RCC_APB2PeriphResetCmd
    stm32f4xx_tim.o(.text) refers to stm32f4xx_rcc.o(.text) for RCC_APB2PeriphResetCmd
    delay.o(.text) refers to os_core.o(.text) for OSSchedLock
    delay.o(.text) refers to os_time.o(.text) for OSTimeDly
    delay.o(.text) refers to misc.o(.text) for SysTick_CLKSourceConfig
    delay.o(.text) refers to os_core.o(.data) for OSRunning
    delay.o(.text) refers to delay.o(.data) for fac_us
    usart.o(.rev16_text) refers (Special) to use_no_semi_2.o(.text) for __use_no_semihosting
    usart.o(.revsh_text) refers (Special) to use_no_semi_2.o(.text) for __use_no_semihosting
    usart.o(.text) refers (Special) to use_no_semi_2.o(.text) for __use_no_semihosting
    usart.o(.text) refers to stm32f4xx_rcc.o(.text) for RCC_AHB1PeriphClockCmd
    usart.o(.text) refers to stm32f4xx_gpio.o(.text) for GPIO_PinAFConfig
    usart.o(.text) refers to stm32f4xx_usart.o(.text) for USART_Init
    usart.o(.text) refers to misc.o(.text) for NVIC_Init
    usart.o(.text) refers to usart.o(.data) for USART_RX_STA
    usart.o(.text) refers to usart.o(.bss) for USART_RX_BUF
    usart.o(.bss) refers (Special) to use_no_semi_2.o(.text) for __use_no_semihosting
    usart.o(.data) refers (Special) to use_no_semi_2.o(.text) for __use_no_semihosting
    led.o(.text) refers to stm32f4xx_rcc.o(.text) for RCC_AHB1PeriphClockCmd
    led.o(.text) refers to stm32f4xx_gpio.o(.text) for GPIO_Init
    led.o(.text) refers to delay.o(.text) for delay_ms
    pwm.o(.text) refers to stm32f4xx_rcc.o(.text) for RCC_APB2PeriphClockCmd
    pwm.o(.text) refers to stm32f4xx_gpio.o(.text) for GPIO_PinAFConfig
    pwm.o(.text) refers to stm32f4xx_tim.o(.text) for TIM_TimeBaseInit
    pwm.o(.text) refers to delay.o(.text) for delay_ms
    i2c.o(.text) refers to stm32f4xx_rcc.o(.text) for RCC_AHB1PeriphClockCmd
    i2c.o(.text) refers to stm32f4xx_gpio.o(.text) for GPIO_Init
    i2c.o(.text) refers to delay.o(.text) for delay_us
    mpu6050.o(.text) refers to i2c.o(.text) for IIC_Start
    mpu6050.o(.text) refers to delay.o(.text) for delay_ms
    mpu6050.o(.text) refers to dflt_clz.o(x$fpl$dflt) for __aeabi_i2d
    mpu6050.o(.text) refers to ddiv.o(x$fpl$ddiv) for __aeabi_ddiv
    mpu6050.o(.text) refers to daddsub_clz.o(x$fpl$dadd) for __aeabi_dadd
    mpu6050.o(.text) refers to d2f.o(x$fpl$d2f) for __aeabi_d2f
    mpu6050.o(.text) refers to niming.o(.text) for usart2_niming_report
[...]
    .text                                    0x08005b88   Section        0  defsig_exit.o(.text)
    .text                                    0x08005b94   Section        0  defsig_rtmem_inner.o(.text)
    .text                                    0x08005be4   Section        0  defsig_general.o(.text)
    i.__ARM_fpclassify                       0x08005c16   Section        0  fpclassify.o(i.__ARM_fpclassify)
    i.__hardfp_asin                          0x08005c48   Section        0  asin.o(i.__hardfp_asin)
    i.__hardfp_atan                          0x08005fa8   Section        0  atan.o(i.__hardfp_atan)
    i.__hardfp_atan2                         0x08006280   Section        0  atan2.o(i.__hardfp_atan2)
    i.__hardfp_sqrt                          0x08006470   Section        0  sqrt.o(i.__hardfp_sqrt)
    i.__kernel_poly                          0x080064ea   Section        0  poly.o(i.__kernel_poly)
    i.__mathlib_dbl_infnan                   0x080065e2   Section        0  dunder.o(i.__mathlib_dbl_infnan)
    i.__mathlib_dbl_infnan2                  0x080065f6   Section        0  dunder.o(i.__mathlib_dbl_infnan2)
    i.__mathlib_dbl_invalid                  0x08006610   Section        0  dunder.o(i.__mathlib_dbl_invalid)
    i.__mathlib_dbl_underflow                0x08006630   Section        0  dunder.o(i.__mathlib_dbl_underflow)
    i.atan                                   0x08006650   Section        0  atan.o(i.atan)
    i.fabs                                   0x08006660   Section        0  fabs.o(i.fabs)
    i.sqrt                                   0x08006678   Section        0  sqrt.o(i.sqrt)
    x$fpl$basic                              0x080066e6   Section       24  basic.o(x$fpl$basic)
    $v0                                      0x080066e6   Number         0  basic.o(x$fpl$basic)
    x$fpl$d2f                                0x08006700   Section       98  d2f.o(x$fpl$d2f)
    $v0                                      0x08006700   Number         0  d2f.o(x$fpl$d2f)
    x$fpl$dadd                               0x08006764   Section      336  daddsub_clz.o(x$fpl$dadd)
    $v0                                      0x08006764   Number         0  daddsub_clz.o(x$fpl$dadd)
    _dadd1                                   0x08006775   Thumb Code     0  daddsub_clz.o(x$fpl$dadd)
    x$fpl$dcmpinf                            0x080068b4   Section       24  dcmpi.o(x$fpl$dcmpinf)
    $v0                                      0x080068b4   Number         0  dcmpi.o(x$fpl$dcmpinf)
    x$fpl$ddiv                               0x080068cc   Section      688  ddiv.o(x$fpl$ddiv)
    $v0                                      0x080068cc   Number         0  ddiv.o(x$fpl$ddiv)
    ddiv_entry                               0x080068d3   Thumb Code     0  ddiv.o(x$fpl$ddiv)
    x$fpl$dfix                               0x08006b7c   Section       94  dfix.o(x$fpl$dfix)
    $v0                                      0x08006b7c   Number         0  dfix.o(x$fpl$dfix)
    x$fpl$dflt                               0x08006bda   Section       46  dflt_clz.o(x$fpl$dflt)
    $v0                                      0x08006bda   Number         0  dflt_clz.o(x$fpl$dflt)
    x$fpl$dleqf                              0x08006c08   Section      120  dleqf.o(x$fpl$dleqf)
    $v0                                      0x08006c08   Number         0  dleqf.o(x$fpl$dleqf)
    x$fpl$dmul                               0x08006c80   Section      340  dmul.o(x$fpl$dmul)
    $v0                                      0x08006c80   Number         0  dmul.o(x$fpl$dmul)
    x$fpl$dnaninf                            0x08006dd4   Section      156  dnaninf.o(x$fpl$dnaninf)
    $v0                                      0x08006dd4   Number         0  dnaninf.o(x$fpl$dnaninf)
    x$fpl$dretinf                            0x08006e70   Section       12  dretinf.o(x$fpl$dretinf)
    $v0                                      0x08006e70   Number         0  dretinf.o(x$fpl$dretinf)
    x$fpl$drleqf                             0x08006e7c   Section      108  drleqf.o(x$fpl$drleqf)
    $v0                                      0x08006e7c   Number         0  drleqf.o(x$fpl$drleqf)
    x$fpl$drsb                               0x08006ee8   Section       22  daddsub_clz.o(x$fpl$drsb)
    $v0                                      0x08006ee8   Number         0  daddsub_clz.o(x$fpl$drsb)
    x$fpl$dsqrt                              0x08006f00   Section      408  dsqrt_umaal.o(x$fpl$dsqrt)
    $v0                                      0x08006f00   Number         0  dsqrt_umaal.o(x$fpl$dsqrt)
    x$fpl$dsub                               0x08007098   Section      468  daddsub_clz.o(x$fpl$dsub)
    $v0                                      0x08007098   Number         0  daddsub_clz.o(x$fpl$dsub)
    _dsub1                                   0x080070a9   Thumb Code     0  daddsub_clz.o(x$fpl$dsub)
    x$fpl$f2d                                0x0800726c   Section       86  f2d.o(x$fpl$f2d)
    $v0                                      0x0800726c   Number         0  f2d.o(x$fpl$f2d)
    x$fpl$fnaninf                            0x080072c2   Section      140  fnaninf.o(x$fpl$fnaninf)
    $v0                                      0x080072c2   Number         0  fnaninf.o(x$fpl$fnaninf)
    x$fpl$fpinit                             0x0800734e   Section       10  fpinit.o(x$fpl$fpinit)
    $v0                                      0x0800734e   Number         0  fpinit.o(x$fpl$fpinit)
    x$fpl$fretinf                            0x08007358   Section       10  fretinf.o(x$fpl$fretinf)
    $v0                                      0x08007358   Number         0  fretinf.o(x$fpl$fretinf)
    .constdata                               0x08007362   Section      256  os_core.o(.constdata)
    x$fpl$usenofp                            0x08007362   Section        0  usenofp.o(x$fpl$usenofp)
    .constdata                               0x08007468   Section       80  asin.o(.constdata)
    pS                                       0x08007468   Data          48  asin.o(.constdata)
    qS                                       0x08007498   Data          32  asin.o(.constdata)
    .constdata                               0x080074b8   Section      152  atan.o(.constdata)
    atanhi                                   0x080074b8   Data          32  atan.o(.constdata)
    atanlo                                   0x080074d8   Data          32  atan.o(.constdata)
    aTodd                                    0x080074f8   Data          40  atan.o(.constdata)
    aTeven                                   0x08007520   Data          48  atan.o(.constdata)
    .constdata                               0x08007550   Section        8  qnan.o(.constdata)
    .data                                    0x20000000   Section       48  main.o(.data)
    .data                                    0x20000030   Section       20  system_stm32f4xx.o(.data)
    .data                                    0x20000044   Section       16  stm32f4xx_rcc.o(.data)
    APBAHBPrescTable                         0x20000044   Data          16  stm32f4xx_rcc.o(.data)
    .data                                    0x20000054   Section        4  delay.o(.data)
    fac_us                                   0x20000054   Data           1  delay.o(.data)
    fac_ms                                   0x20000056   Data           2  delay.o(.data)
    .data                                    0x20000058   Section        6  usart.o(.data)
    .data                                    0x20000060   Section       16  pid.o(.data)
    pos                                      0x20000060   Data           2  pid.o(.data)
    ax_sum                                   0x20000064   Data           4  pid.o(.data)
    ay_sum                                   0x20000068   Data           4  pid.o(.data)
    az_sum                                   0x2000006c   Data           4  pid.o(.data)
    .data                                    0x20000070   Section       40  attitude.o(.data)
    .data                                    0x20000098   Section       72  os_core.o(.data)
    .bss                                     0x200000e0   Section     6400  main.o(.bss)
    .bss                                     0x200019e0   Section      200  usart.o(.bss)
    .bss                                     0x20001aa8   Section       60  pid.o(.bss)
    ax_para                                  0x20001aa8   Data          20  pid.o(.bss)
    ay_para                                  0x20001abc   Data          20  pid.o(.bss)
    az_para                                  0x20001ad0   Data          20  pid.o(.bss)
    .bss                                     0x20001ae4   Section     2688  os_core.o(.bss)
    .bss                                     0x20002564   Section       96  libspace.o(.bss)
    HEAP                                     0x200025c8   Section      512  startup_stm32f411xe.o(HEAP)
    Heap_Mem                                 0x200025c8   Data         512  startup_stm32f411xe.o(HEAP)
    STACK                                    0x200027c8   Section     1024  startup_stm32f411xe.o(STACK)
    Stack_Mem                                0x200027c8   Data        1024  startup_stm32f411xe.o(STACK)
    __initial_sp                             0x20002bc8   Data           0  startup_stm32f411xe.o(STACK)

    Global Symbols

    Symbol Name                              Value     Ov Type        Size  Object(Section)

    BuildAttributes$$THM_ISAv4$E$P$D$K$B$S$7EM$VFPi3$EXTD16$VFPS$VFMA$PE$A:L22UL41UL21$X:L11$S22US41US21$IEEE1$IW$USESV6$~STKCKD$USESV7$~SHL$OTIME$ROPI$IEEEX$EBA8$UX$STANDARDLIB$REQ8$PRES8$EABIv2 0x00000000   Number         0  anon$$obj.o ABSOLUTE
    __ARM_use_no_argv                        0x00000000   Number         0  main.o ABSOLUTE
    _printf_flags                            0x00000000   Number         0  printf_stubs.o ABSOLUTE
    _printf_return_value                     0x00000000   Number         0  printf_stubs.o ABSOLUTE
    _printf_sizespec                         0x00000000   Number         0  printf_stubs.o ABSOLUTE
    _printf_widthprec                        0x00000000   Number         0  printf_stubs.o ABSOLUTE
    __ARM_exceptions_init                     - Undefined Weak Reference
    __alloca_initialize                       - Undefined Weak Reference
    __arm_preinit_                            - Undefined Weak Reference
    __cpp_initialize__aeabi_                  - Undefined Weak Reference
    __cxa_finalize                            - Undefined Weak Reference
    __rt_locale                               - Undefined Weak Reference
    __sigvec_lookup                           - Undefined Weak Reference
    __user_heap_extent                        - Undefined Weak Reference
    _atexit_init                              - Undefined Weak Reference
    _call_atexit_fns                          - Undefined Weak Reference
    _clock_init                               - Undefined Weak Reference
    _fp_trap_init                             - Undefined Weak Reference
    _fp_trap_shutdown                         - Undefined Weak Reference
    _get_lc_collate                           - Undefined Weak Reference
    _get_lc_ctype                             - Undefined Weak Reference
    _get_lc_monetary                          - Undefined Weak Reference
    _get_lc_numeric                           - Undefined Weak Reference
    _get_lc_time                              - Undefined Weak Reference
    _getenv_init                              - Undefined Weak Reference
    _handle_redirection                       - Undefined Weak Reference
    _initio                                   - Undefined Weak Reference
    _mutex_acquire                            - Undefined Weak Reference
    _mutex_free                               - Undefined Weak Reference
    _mutex_release                            - Undefined Weak Reference
    _printf_truncate_signed                   - Undefined Weak Reference
    _printf_truncate_unsigned                 - Undefined Weak Reference
    _rand_init                                - Undefined Weak Reference
    _signal_finish                            - Undefined Weak Reference
    _signal_init                              - Undefined Weak Reference
    _terminateio                              - Undefined Weak Reference
    __Vectors_Size                           0x00000198   Number         0  startup_stm32f411xe.o ABSOLUTE
    __Vectors                                0x08000000   Data           4  startup_stm32f411xe.o(RESET)
    __Vectors_End                            0x08000198   Data           0  startup_stm32f411xe.o(RESET)
    __main                                   0x08000199   Thumb Code     8  __main.o(!!!main)
    __scatterload                            0x080001a1   Thumb Code     0  __scatter.o(!!!scatter)
    __scatterload_rt2                        0x080001a1   Thumb Code    44  __scatter.o(!!!scatter)
    __scatterload_rt2_thumb_only             0x080001a1   Thumb Code     0  __scatter.o(!!!scatter)
    __scatterload_null                       0x080001af   Thumb Code     0  __scatter.o(!!!scatter)
    __scatterload_copy                       0x080001d5   Thumb Code    26  __scatter_copy.o(!!handler_copy)
    __scatterload_zeroinit                   0x080001f1   Thumb Code    28  __scatter_zi.o(!!handler_zi)
    __rt_lib_init                            0x0800020d   Thumb Code     0  libinit.o(.ARM.Collect$$libinit$$00000000)
    __rt_lib_init_fp_1                       0x0800020f   Thumb Code     0  libinit2.o(.ARM.Collect$$libinit$$00000001)
    __rt_lib_init_heap_2                     0x08000213   Thumb Code     0  libinit2.o(.ARM.Collect$$libinit$$00000005)
    __rt_lib_init_preinit_1                  0x08000213   Thumb Code     0  libinit2.o(.ARM.Collect$$libinit$$00000004)
    __rt_lib_init_alloca_1                   0x0800021b   Thumb Code     0  libinit2.o(.ARM.Collect$$libinit$$0000002E)
    __rt_lib_init_argv_1                     0x0800021b   Thumb Code     0  libinit2.o(.ARM.Collect$$libinit$$0000002C)
    __rt_lib_init_atexit_1                   0x0800021b   Thumb Code     0  libinit2.o(.ARM.Collect$$libinit$$0000001B)
    __rt_lib_init_clock_1                    0x0800021b   Thumb Code     0  libinit2.o(.ARM.Collect$$libinit$$00000021)
    __rt_lib_init_cpp_1                      0x0800021b   Thumb Code     0  libinit2.o(.ARM.Collect$$libinit$$00000032)
    __rt_lib_init_exceptions_1               0x0800021b   Thumb Code     0  libinit2.o(.ARM.Collect$$libinit$$00000030)
    __rt_lib_init_fp_trap_1                  0x0800021b   Thumb Code     0  libinit2.o(.ARM.Collect$$libinit$$0000001F)
    __rt_lib_init_getenv_1                   0x0800021b   Thumb Code     0  libinit2.o(.ARM.Collect$$libinit$$00000023)
    __rt_lib_init_heap_1                     0x0800021b   Thumb Code     0  libinit2.o(.ARM.Collect$$libinit$$0000000A)
    __rt_lib_init_lc_collate_1               0x0800021b   Thumb Code     0  libinit2.o(.ARM.Collect$$libinit$$00000011)
    __rt_lib_init_lc_ctype_1                 0x0800021b   Thumb Code     0  libinit2.o(.ARM.Collect$$libinit$$00000013)
    __rt_lib_init_lc_monetary_1              0x0800021b   Thumb Code     0  libinit2.o(.ARM.Collect$$libinit$$00000015)
    __rt_lib_init_lc_numeric_1               0x0800021b   Thumb Code     0  libinit2.o(.ARM.Collect$$libinit$$00000017)
    __rt_lib_init_lc_time_1                  0x0800021b   Thumb Code     0  libinit2.o(.ARM.Collect$$libinit$$00000019)
    __rt_lib_init_rand_1                     0x0800021b   Thumb Code     0  libinit2.o(.ARM.Collect$$libinit$$0000000E)
    __rt_lib_init_return                     0x0800021b   Thumb Code     0  libinit2.o(.ARM.Collect$$libinit$$00000033)
    __rt_lib_init_signal_1                   0x0800021b   Thumb Code     0  libinit2.o(.ARM.Collect$$libinit$$0000001D)
    __rt_lib_init_stdio_1                    0x0800021b   Thumb Code     0  libinit2.o(.ARM.Collect$$libinit$$00000025)
    __rt_lib_init_user_alloc_1               0x0800021b   Thumb Code     0  libinit2.o(.ARM.Collect$$libinit$$0000000C)
    __rt_lib_shutdown                        0x0800021d   Thumb Code     0  libshutdown.o(.ARM.Collect$$libshutdown$$00000000)
    __rt_lib_shutdown_fp_trap_1              0x0800021f   Thumb Code     0  libshutdown2.o(.ARM.Collect$$libshutdown$$00000006)
    __rt_lib_shutdown_heap_1                 0x0800021f   Thumb Code     0  libshutdown2.o(.ARM.Collect$$libshutdown$$0000000E)
    __rt_lib_shutdown_return                 0x0800021f   Thumb Code     0  libshutdown2.o(.ARM.Collect$$libshutdown$$0000000F)
    __rt_lib_shutdown_signal_1               0x0800021f   Thumb Code     0  libshutdown2.o(.ARM.Collect$$libshutdown$$00000009)
    __rt_lib_shutdown_stdio_1                0x0800021f   Thumb Code     0  libshutdown2.o(.ARM.Collect$$libshutdown$$00000003)
    __rt_lib_shutdown_user_alloc_1           0x0800021f   Thumb Code     0  libshutdown2.o(.ARM.Collect$$libshutdown$$0000000B)
    __rt_entry                               0x08000221   Thumb Code     0  __rtentry.o(.ARM.Collect$$rtentry$$00000000)
    __rt_entry_presh_1                       0x08000221   Thumb Code     0  __rtentry2.o(.ARM.Collect$$rtentry$$00000002)
    __rt_entry_sh                            0x08000221   Thumb Code     0  __rtentry4.o(.ARM.Collect$$rtentry$$00000004)
    __rt_entry_li                            0x08000227   Thumb Code     0  __rtentry2.o(.ARM.Collect$$rtentry$$0000000A)
    __rt_entry_postsh_1                      0x08000227   Thumb Code     0  __rtentry2.o(.ARM.Collect$$rtentry$$00000009)
    __rt_entry_main                          0x0800022b   Thumb Code     0  __rtentry2.o(.ARM.Collect$$rtentry$$0000000D)
    __rt_entry_postli_1                      0x0800022b   Thumb Code     0  __rtentry2.o(.ARM.Collect$$rtentry$$0000000C)
    __rt_exit                                0x08000233   Thumb Code     0  rtexit.o(.ARM.Collect$$rtexit$$00000000)
    __rt_exit_ls                             0x08000235   Thumb Code     0  rtexit2.o(.ARM.Collect$$rtexit$$00000003)
    __rt_exit_prels_1                        0x08000235   Thumb Code     0  rtexit2.o(.ARM.Collect$$rtexit$$00000002)
    __rt_exit_exit                           0x08000239   Thumb Code     0  rtexit2.o(.ARM.Collect$$rtexit$$00000004)
    MOTOR_task                               0x08000241   Thumb Code    44  main.o(.text)
    _maybe_terminate_alloc                   0x08000241   Thumb Code     0  maybetermalloc1.o(.emb_text)
    PID_task                                 0x0800026d   Thumb Code   226  main.o(.text)
    GY86_task                                0x0800034f   Thumb Code    96  main.o(.text)
    start_task                               0x080003af   Thumb Code    70  main.o(.text)
    main                                     0x080003f5   Thumb Code   190  main.o(.text)
    NMI_Handler                              0x08000519   Thumb Code     2  stm32f4xx_it.o(.text)
    HardFault_Handler                        0x0800051b   Thumb Code     4  stm32f4xx_it.o(.text)
    MemManage_Handler                        0x0800051f   Thumb Code     4  stm32f4xx_it.o(.text)
    BusFault_Handler                         0x08000523   Thumb Code     4  stm32f4xx_it.o(.text)
    UsageFault_Handler                       0x08000527   Thumb Code     4  stm32f4xx_it.o(.text)
    SVC_Handler                              0x0800052b   Thumb Code     2  stm32f4xx_it.o(.text)
    DebugMon_Handler                         0x0800052d   Thumb Code     2  stm32f4xx_it.o(.text)
    SystemInit                               0x080005bb   Thumb Code    96  system_stm32f4xx.o(.text)
    SystemCoreClockUpdate                    0x0800061b   Thumb Code   152  system_stm32f4xx.o(.text)
    Reset_Handler                            0x080006e1   Thumb Code     8  startup_stm32f411xe.o(.text)
    ADC_IRQHandler                           0x080006fb   Thumb Code     0  startup_stm32f411xe.o(.text)
    DMA1_Stream0_IRQHandler                  0x080006fb   Thumb Code     0  startup_stm32f411xe.o(.text)
    DMA1_Stream1_IRQHandler                  0x080006fb   Thumb Code     0  startup_stm32f411xe.o(.text)
    DMA1_Stream2_IRQHandler                  0x080006fb   Thumb Code     0  startup_stm32f411xe.o(.text)
    DMA1_Stream3_IRQHandler                  0x080006fb   Thumb Code     0  startup_stm32f411xe.o(.text)
    DMA1_Stream4_IRQHandler                  0x080006fb   Thumb Code     0  startup_stm32f411xe.o(.text)
    DMA1_Stream5_IRQHandler                  0x080006fb   Thumb Code     0  startup_stm32f411xe.o(.text)
    DMA1_Stream6_IRQHandler                  0x080006fb   Thumb Code     0  startup_stm32f411xe.o(.text)
    DMA1_Stream7_IRQHandler                  0x080006fb   Thumb Code     0  startup_stm32f411xe.o(.text)
    DMA2_Stream0_IRQHandler                  0x080006fb   Thumb Code     0  startup_stm32f411xe.o(.text)
    DMA2_Stream1_IRQHandler                  0x080006fb   Thumb Code     0  startup_stm32f411xe.o(.text)
    DMA2_Stream2_IRQHandler                  0x080006fb   Thumb Code     0  startup_stm32f411xe.o(.text)
    DMA2_Stream3_IRQHandler                  0x080006fb   Thumb Code     0  startup_stm32f411xe.o(.text)
    DMA2_Stream4_IRQHandler                  0x080006fb   Thumb Code     0  startup_stm32f411xe.o(.text)
    DMA2_Stream5_IRQHandler                  0x080006fb   Thumb Code     0  startup_stm32f411xe.o(.text)
    DMA2_Stream6_IRQHandler                  0x080006fb   Thumb Code     0  startup_stm32f411xe.o(.text)
    DMA2_Stream7_IRQHandler                  0x080006fb   Thumb Code     0  startup_stm32f411xe.o(.text)
    EXTI0_IRQHandler                         0x080006fb   Thumb Code     0  startup_stm32f411xe.o(.text)
    EXTI15_10_IRQHandler                     0x080006fb   Thumb Code     0  startup_stm32f411xe.o(.text)
    EXTI1_IRQHandler                         0x080006fb   Thumb Code     0  startup_stm32f411xe.o(.text)
    EXTI2_IRQHandler                         0x080006fb   Thumb Code     0  startup_stm32f411xe.o(.text)
    EXTI3_IRQHandler                         0x080006fb   Thumb Code     0  startup_stm32f411xe.o(.text)
    EXTI4_IRQHandler                         0x080006fb   Thumb Code     0  startup_stm32f411xe.o(.text)
    EXTI9_5_IRQHandler                       0x080006fb   Thumb Code     0  startup_stm32f411xe.o(.text)
    FLASH_IRQHandler                         0x080006fb   Thumb Code     0  startup_stm32f411xe.o(.text)
    FPU_IRQHandler                           0x080006fb   Thumb Code     0  startup_stm32f411xe.o(.text)
    I2C1_ER_IRQHandler                       0x080006fb   Thumb Code     0  startup_stm32f411xe.o(.text)
    I2C1_EV_IRQHandler                       0x080006fb   Thumb Code     0  startup_stm32f411xe.o(.text)
    I2C2_ER_IRQHandler                       0x080006fb   Thumb Code     0  startup_stm32f411xe.o(.text)
    I2C2_EV_IRQHandler                       0x080006fb   Thumb Code     0  startup_stm32f411xe.o(.text)
    I2C3_ER_IRQHandler                       0x080006fb   Thumb Code     0  startup_stm32f411xe.o(.text)
    I2C3_EV_IRQHandler                       0x080006fb   Thumb Code     0  startup_stm32f411xe.o(.text)
    OTG_FS_IRQHandler                        0x080006fb   Thumb Code     0  startup_stm32f411xe.o(.text)
    OTG_FS_WKUP_IRQHandler                   0x080006fb   Thumb Code     0  startup_stm32f411xe.o(.text)
    PVD_IRQHandler                           0x080006fb   Thumb Code     0  startup_stm32f411xe.o(.text)
    RCC_IRQHandler                           0x080006fb   Thumb Code     0  startup_stm32f411xe.o(.text)
    RTC_Alarm_IRQHandler                     0x080006fb   Thumb Code     0  startup_stm32f411xe.o(.text)
    RTC_WKUP_IRQHandler                      0x080006fb   Thumb Code     0  startup_stm32f411xe.o(.text)
    SDIO_IRQHandler                          0x080006fb   Thumb Code     0  startup_stm32f411xe.o(.text)
    SPI1_IRQHandler                          0x080006fb   Thumb Code     0  startup_stm32f411xe.o(.text)
    SPI2_IRQHandler                          0x080006fb   Thumb Code     0  startup_stm32f411xe.o(.text)
    SPI3_IRQHandler                          0x080006fb   Thumb Code     0  startup_stm32f411xe.o(.text)
    SPI4_IRQHandler                          0x080006fb   Thumb Code     0  startup_stm32f411xe.o(.text)
    SPI5_IRQHandler                          0x080006fb   Thumb Code     0  startup_stm32f411xe.o(.text)
    TAMP_STAMP_IRQHandler                    0x080006fb   Thumb Code     0  startup_stm32f411xe.o(.text)
    TIM1_BRK_TIM9_IRQHandler                 0x080006fb   Thumb Code     0  startup_stm32f411xe.o(.text)
    TIM1_CC_IRQHandler                       0x080006fb   Thumb Code     0  startup_stm32f411xe.o(.text)
    TIM1_TRG_COM_TIM11_IRQHandler            0x080006fb   Thumb Code     0  startup_stm32f411xe.o(.text)
    TIM1_UP_TIM10_IRQHandler                 0x080006fb   Thumb Code     0  startup_stm32f411xe.o(.text)
    TIM2_IRQHandler                          0x080006fb   Thumb Code     0  startup_stm32f411xe.o(.text)
    TIM3_IRQHandler                          0x080006fb   Thumb Code     0  startup_stm32f411xe.o(.text)
    TIM4_IRQHandler                          0x080006fb   Thumb Code     0  startup_stm32f411xe.o(.text)
    TIM5_IRQHandler                          0x080006fb   Thumb Code     0  startup_stm32f411xe.o(.text)
    USART1_IRQHandler                        0x080006fb   Thumb Code     0  startup_stm32f411xe.o(.text)
    USART6_IRQHandler                        0x080006fb   Thumb Code     0  startup_stm32f411xe.o(.text)
    WWDG_IRQHandler                          0x080006fb   Thumb Code     0  startup_stm32f411xe.o(.text)
    __user_initial_stackheap                 0x080006fd   Thumb Code     0  startup_stm32f411xe.o(.text)
    NVIC_PriorityGroupConfig                 0x08000721   Thumb Code    10  misc.o(.text)
    NVIC_Init                                0x0800072b   Thumb Code   106  misc.o(.text)
    NVIC_SetVectorTable                      0x08000795   Thumb Code    14  misc.o(.text)
    NVIC_SystemLPConfig                      0x080007a3   Thumb Code    34  misc.o(.text)
    SysTick_CLKSourceConfig                  0x080007c5   Thumb Code    40  misc.o(.text)
    GPIO_DeInit                              0x08000801   Thumb Code   268  stm32f4xx_gpio.o(.text)
    GPIO_Init                                0x0800090d   Thumb Code   144  stm32f4xx_gpio.o(.text)
    GPIO_StructInit                          0x0800099d   Thumb Code    18  stm32f4xx_gpio.o(.text)
    GPIO_PinLockConfig                       0x080009af   Thumb Code    34  stm32f4xx_gpio.o(.text)
    GPIO_ReadInputDataBit                    0x080009d1   Thumb Code    18  stm32f4xx_gpio.o(.text)
    GPIO_ReadInputData                       0x080009e3   Thumb Code     8  stm32f4xx_gpio.o(.text)
    GPIO_ReadOutputDataBit                   0x080009eb   Thumb Code    18  stm32f4xx_gpio.o(.text)
    GPIO_ReadOutputData                      0x080009fd   Thumb Code     8  stm32f4xx_gpio.o(.text)
    GPIO_SetBits                             0x08000a05   Thumb Code     4  stm32f4xx_gpio.o(.text)
    GPIO_ResetBits                           0x08000a09   Thumb Code     4  stm32f4xx_gpio.o(.text)
    GPIO_WriteBit                            0x08000a0d   Thumb Code    10  stm32f4xx_gpio.o(.text)
    GPIO_Write                               0x08000a17   Thumb Code     4  stm32f4xx_gpio.o(.text)
    GPIO_ToggleBits                          0x08000a1b   Thumb Code     8  stm32f4xx_gpio.o(.text)
    GPIO_PinAFConfig                         0x08000a23   Thumb Code    70  stm32f4xx_gpio.o(.text)
    RCC_DeInit                               0x08000a95   Thumb Code    82  stm32f4xx_rcc.o(.text)
    RCC_HSEConfig                            0x08000ae7   Thumb Code    14  stm32f4xx_rcc.o(.text)
    RCC_GetFlagStatus                        0x08000af5   Thumb Code    60  stm32f4xx_rcc.o(.text)
    RCC_WaitForHSEStartUp                    0x08000b31   Thumb Code    56  stm32f4xx_rcc.o(.text)
    RCC_AdjustHSICalibrationValue            0x08000b69   Thumb Code    20  stm32f4xx_rcc.o(.text)
    RCC_HSICmd                               0x08000b7d   Thumb Code     6  stm32f4xx_rcc.o(.text)
    RCC_LSEConfig                            0x08000b83   Thumb Code    46  stm32f4xx_rcc.o(.text)
    RCC_LSICmd                               0x08000bb1   Thumb Code     6  stm32f4xx_rcc.o(.text)
    RCC_PLLConfig                            0x08000bb7   Thumb Code    32  stm32f4xx_rcc.o(.text)
    RCC_PLLCmd                               0x08000bd7   Thumb Code     6  stm32f4xx_rcc.o(.text)
    RCC_PLLI2SConfig                         0x08000bdd   Thumb Code    18  stm32f4xx_rcc.o(.text)
    RCC_PLLI2SCmd                            0x08000bef   Thumb Code     6  stm32f4xx_rcc.o(.text)
    RCC_PLLSAIConfig                         0x08000bf5   Thumb Code    20  stm32f4xx_rcc.o(.text)
    RCC_PLLSAICmd                            0x08000c09   Thumb Code     6  stm32f4xx_rcc.o(.text)
    RCC_ClockSecuritySystemCmd               0x08000c0f   Thumb Code     6  stm32f4xx_rcc.o(.text)
    RCC_MCO1Config                           0x08000c15   Thumb Code    28  stm32f4xx_rcc.o(.text)
    RCC_MCO2Config                           0x08000c31   Thumb Code    28  stm32f4xx_rcc.o(.text)
    RCC_SYSCLKConfig                         0x08000c4d   Thumb Code    20  stm32f4xx_rcc.o(.text)
    RCC_GetSYSCLKSource                      0x08000c61   Thumb Code    12  stm32f4xx_rcc.o(.text)
    RCC_HCLKConfig                           0x08000c6d   Thumb Code    20  stm32f4xx_rcc.o(.text)
    RCC_PCLK1Config                          0x08000c81   Thumb Code    20  stm32f4xx_rcc.o(.text)
    RCC_PCLK2Config                          0x08000c95   Thumb Code    22  stm32f4xx_rcc.o(.text)
    RCC_GetClocksFreq                        0x08000cab   Thumb Code   222  stm32f4xx_rcc.o(.text)
    RCC_RTCCLKConfig                         0x08000d89   Thumb Code    54  stm32f4xx_rcc.o(.text)
    RCC_RTCCLKCmd                            0x08000dbf   Thumb Code     8  stm32f4xx_rcc.o(.text)
    RCC_BackupResetCmd                       0x08000dc7   Thumb Code     8  stm32f4xx_rcc.o(.text)
    RCC_I2SCLKConfig                         0x08000dcf   Thumb Code     6  stm32f4xx_rcc.o(.text)
    RCC_SAIPLLI2SClkDivConfig                0x08000dd5   Thumb Code    26  stm32f4xx_rcc.o(.text)
    RCC_SAIPLLSAIClkDivConfig                0x08000def   Thumb Code    28  stm32f4xx_rcc.o(.text)
    RCC_SAIBlockACLKConfig                   0x08000e0b   Thumb Code    20  stm32f4xx_rcc.o(.text)
    RCC_SAIBlockBCLKConfig                   0x08000e1f   Thumb Code    20  stm32f4xx_rcc.o(.text)
    RCC_LTDCCLKDivConfig                     0x08000e33   Thumb Code    20  stm32f4xx_rcc.o(.text)
    RCC_TIMCLKPresConfig                     0x08000e47   Thumb Code     6  stm32f4xx_rcc.o(.text)
    RCC_AHB1PeriphClockCmd                   0x08000e4d   Thumb Code    34  stm32f4xx_rcc.o(.text)
    RCC_AHB2PeriphClockCmd                   0x08000e6f   Thumb Code    78  stm32f4xx_rcc.o(.text)
    RCC_AHB3PeriphClockCmd                   0x08000ebd   Thumb Code    34  stm32f4xx_rcc.o(.text)
    RCC_APB1PeriphClockCmd                   0x08000edf   Thumb Code    34  stm32f4xx_rcc.o(.text)
    RCC_APB2PeriphClockCmd                   0x08000f01   Thumb Code    34  stm32f4xx_rcc.o(.text)
    RCC_AHB1PeriphResetCmd                   0x08000f23   Thumb Code    34  stm32f4xx_rcc.o(.text)
    RCC_AHB2PeriphResetCmd                   0x08000f45   Thumb Code    34  stm32f4xx_rcc.o(.text)
    RCC_AHB3PeriphResetCmd                   0x08000f67   Thumb Code    34  stm32f4xx_rcc.o(.text)
    RCC_APB1PeriphResetCmd                   0x08000f89   Thumb Code    34  stm32f4xx_rcc.o(.text)
    RCC_APB2PeriphResetCmd                   0x08000fab   Thumb Code    34  stm32f4xx_rcc.o(.text)
    RCC_AHB1PeriphClockLPModeCmd             0x08000fcd   Thumb Code    34  stm32f4xx_rcc.o(.text)
    RCC_AHB2PeriphClockLPModeCmd             0x08000fef   Thumb Code    34  stm32f4xx_rcc.o(.text)
    RCC_AHB3PeriphClockLPModeCmd             0x08001011   Thumb Code    34  stm32f4xx_rcc.o(.text)
    RCC_APB1PeriphClockLPModeCmd             0x08001033   Thumb Code    34  stm32f4xx_rcc.o(.text)
    RCC_APB2PeriphClockLPModeCmd             0x08001055   Thumb Code    34  stm32f4xx_rcc.o(.text)
    RCC_LSEModeConfig                        0x08001077   Thumb Code    40  stm32f4xx_rcc.o(.text)
    RCC_ITConfig                             0x0800109f   Thumb Code    34  stm32f4xx_rcc.o(.text)
    RCC_ClearFlag                            0x080010c1   Thumb Code    18  stm32f4xx_rcc.o(.text)
    RCC_GetITStatus                          0x080010d3   Thumb Code    22  stm32f4xx_rcc.o(.text)
    RCC_ClearITPendingBit                    0x080010e9   Thumb Code     8  stm32f4xx_rcc.o(.text)
    USART_DeInit                             0x080010f5   Thumb Code   206  stm32f4xx_usart.o(.text)
    USART_Init                               0x080011c3   Thumb Code   204  stm32f4xx_usart.o(.text)
    USART_StructInit                         0x0800128f   Thumb Code    24  stm32f4xx_usart.o(.text)
    USART_ClockInit                          0x080012a7   Thumb Code    32  stm32f4xx_usart.o(.text)
    USART_ClockStructInit                    0x080012c7   Thumb Code    12  stm32f4xx_usart.o(.text)
    USART_Cmd                                0x080012d3   Thumb Code    24  stm32f4xx_usart.o(.text)
    USART_SetPrescaler                       0x080012eb   Thumb Code    16  stm32f4xx_usart.o(.text)
    USART_OverSampling8Cmd                   0x080012fb   Thumb Code    22  stm32f4xx_usart.o(.text)
    USART_OneBitMethodCmd                    0x08001311   Thumb Code    24  stm32f4xx_usart.o(.text)
    USART_SendData                           0x08001329   Thumb Code     8  stm32f4xx_usart.o(.text)
    USART_ReceiveData                        0x08001331   Thumb Code    10  stm32f4xx_usart.o(.text)
    USART_SetAddress                         0x0800133b   Thumb Code    18  stm32f4xx_usart.o(.text)
    USART_ReceiverWakeUpCmd                  0x0800134d   Thumb Code    24  stm32f4xx_usart.o(.text)
    USART_WakeUpConfig                       0x08001365   Thumb Code    18  stm32f4xx_usart.o(.text)
    USART_LINBreakDetectLengthConfig         0x08001377   Thumb Code    18  stm32f4xx_usart.o(.text)
    USART_LINCmd                             0x08001389   Thumb Code    24  stm32f4xx_usart.o(.text)
    USART_SendBreak                          0x080013a1   Thumb Code    10  stm32f4xx_usart.o(.text)
    USART_HalfDuplexCmd                      0x080013ab   Thumb Code    24  stm32f4xx_usart.o(.text)
    USART_SetGuardTime                       0x080013c3   Thumb Code    16  stm32f4xx_usart.o(.text)
    USART_SmartCardCmd                       0x080013d3   Thumb Code    24  stm32f4xx_usart.o(.text)
    USART_SmartCardNACKCmd                   0x080013eb   Thumb Code    24  stm32f4xx_usart.o(.text)
    USART_IrDAConfig                         0x08001403   Thumb Code    18  stm32f4xx_usart.o(.text)
    USART_IrDACmd                            0x08001415   Thumb Code    24  stm32f4xx_usart.o(.text)
    USART_DMACmd                             0x0800142d   Thumb Code    18  stm32f4xx_usart.o(.text)
    USART_ITConfig                           0x0800143f   Thumb Code    74  stm32f4xx_usart.o(.text)
    USART_GetFlagStatus                      0x08001489   Thumb Code    26  stm32f4xx_usart.o(.text)
    USART_ClearFlag                          0x080014a3   Thumb Code    18  stm32f4xx_usart.o(.text)
    USART_GetITStatus                        0x080014b5   Thumb Code   118  stm32f4xx_usart.o(.text)
    USART_ClearITPendingBit                  0x0800152b   Thumb Code    30  stm32f4xx_usart.o(.text)
    TIM_DeInit                               0x08001549   Thumb Code   346  stm32f4xx_tim.o(.text)
    TIM_TimeBaseInit                         0x080016a3   Thumb Code   104  stm32f4xx_tim.o(.text)
    TIM_TimeBaseStructInit                   0x0800170b   Thumb Code    18  stm32f4xx_tim.o(.text)
    TIM_PrescalerConfig                      0x0800171d   Thumb Code     6  stm32f4xx_tim.o(.text)
    TIM_CounterModeConfig                    0x08001723   Thumb Code    18  stm32f4xx_tim.o(.text)
    TIM_SetCounter                           0x08001735   Thumb Code     4  stm32f4xx_tim.o(.text)
    TIM_SetAutoreload                        0x08001739   Thumb Code     4  stm32f4xx_tim.o(.text)
    TIM_GetCounter                           0x0800173d   Thumb Code     6  stm32f4xx_tim.o(.text)
    TIM_GetPrescaler                         0x08001743   Thumb Code     6  stm32f4xx_tim.o(.text)
    TIM_UpdateDisableConfig                  0x08001749   Thumb Code    24  stm32f4xx_tim.o(.text)
    TIM_UpdateRequestConfig                  0x08001761   Thumb Code    24  stm32f4xx_tim.o(.text)
    TIM_ARRPreloadConfig                     0x08001779   Thumb Code    24  stm32f4xx_tim.o(.text)
    TIM_SelectOnePulseMode                   0x08001791   Thumb Code    18  stm32f4xx_tim.o(.text)
    TIM_SetClockDivision                     0x080017a3   Thumb Code    18  stm32f4xx_tim.o(.text)
    TIM_Cmd                                  0x080017b5   Thumb Code    24  stm32f4xx_tim.o(.text)
    TIM_OC1Init                              0x080017cd   Thumb Code   114  stm32f4xx_tim.o(.text)
    TIM_OC2Init                              0x0800183f   Thumb Code   154  stm32f4xx_tim.o(.text)
    TIM_OC3Init                              0x080018d9   Thumb Code   204  stm32f4xx_tim.o(.text)
    TIM_OC4Init                              0x080019a5   Thumb Code   112  stm32f4xx_tim.o(.text)
    TIM_OCStructInit                         0x08001a15   Thumb Code    20  stm32f4xx_tim.o(.text)
    TIM_SelectOCxM                           0x08001a29   Thumb Code    86  stm32f4xx_tim.o(.text)
    TIM_SetCompare1                          0x08001a7f   Thumb Code     4  stm32f4xx_tim.o(.text)
    TIM_SetCompare2                          0x08001a83   Thumb Code     4  stm32f4xx_tim.o(.text)
    TIM_SetCompare3                          0x08001a87   Thumb Code     4  stm32f4xx_tim.o(.text)
    TIM_SetCompare4                          0x08001a8b   Thumb Code     4  stm32f4xx_tim.o(.text)
    TIM_ForcedOC1Config                      0x08001a8f   Thumb Code    18  stm32f4xx_tim.o(.text)
    TIM_ForcedOC2Config                      0x08001aa1   Thumb Code    26  stm32f4xx_tim.o(.text)
    TIM_ForcedOC3Config                      0x08001abb   Thumb Code    18  stm32f4xx_tim.o(.text)
    TIM_ForcedOC4Config                      0x08001acd   Thumb Code    26  stm32f4xx_tim.o(.text)
    TIM_OC1PreloadConfig                     0x08001ae7   Thumb Code    18  stm32f4xx_tim.o(.text)
    TIM_OC2PreloadConfig                     0x08001af9   Thumb Code    26  stm32f4xx_tim.o(.text)
    TIM_OC3PreloadConfig                     0x08001b13   Thumb Code    18  stm32f4xx_tim.o(.text)
    TIM_OC4PreloadConfig                     0x08001b25   Thumb Code    26  stm32f4xx_tim.o(.text)
    TIM_OC1FastConfig                        0x08001b3f   Thumb Code    18  stm32f4xx_tim.o(.text)
    TIM_OC2FastConfig                        0x08001b51   Thumb Code    26  stm32f4xx_tim.o(.text)
    TIM_OC3FastConfig                        0x08001b6b   Thumb Code    18  stm32f4xx_tim.o(.text)
    TIM_OC4FastConfig                        0x08001b7d   Thumb Code    26  stm32f4xx_tim.o(.text)
    TIM_ClearOC1Ref                          0x08001b97   Thumb Code    18  stm32f4xx_tim.o(.text)
    TIM_ClearOC2Ref                          0x08001ba9   Thumb Code    24  stm32f4xx_tim.o(.text)
    TIM_ClearOC3Ref                          0x08001bc1   Thumb Code    18  stm32f4xx_tim.o(.text)
    TIM_ClearOC4Ref                          0x08001bd3   Thumb Code    24  stm32f4xx_tim.o(.text)
    TIM_OC1PolarityConfig                    0x08001beb   Thumb Code    18  stm32f4xx_tim.o(.text)
    TIM_OC1NPolarityConfig                   0x08001bfd   Thumb Code    18  stm32f4xx_tim.o(.text)
    TIM_OC2PolarityConfig                    0x08001c0f   Thumb Code    26  stm32f4xx_tim.o(.text)
    TIM_OC2NPolarityConfig                   0x08001c29   Thumb Code    26  stm32f4xx_tim.o(.text)
    TIM_OC3PolarityConfig                    0x08001c43   Thumb Code    26  stm32f4xx_tim.o(.text)
    TIM_OC3NPolarityConfig                   0x08001c5d   Thumb Code    26  stm32f4xx_tim.o(.text)
    TIM_OC4PolarityConfig                    0x08001c77   Thumb Code    26  stm32f4xx_tim.o(.text)
    TIM_CCxCmd                               0x08001c91   Thumb Code    30  stm32f4xx_tim.o(.text)
    TIM_CCxNCmd                              0x08001caf   Thumb Code    30  stm32f4xx_tim.o(.text)
    TIM_SetIC4Prescaler                      0x08001ccd   Thumb Code    26  stm32f4xx_tim.o(.text)
    TIM_SetIC3Prescaler                      0x08001d37   Thumb Code    18  stm32f4xx_tim.o(.text)
    TIM_SetIC2Prescaler                      0x08001d91   Thumb Code    26  stm32f4xx_tim.o(.text)
    TIM_SetIC1Prescaler                      0x08001e05   Thumb Code    18  stm32f4xx_tim.o(.text)
    TIM_ICInit                               0x08001e51   Thumb Code   110  stm32f4xx_tim.o(.text)
    TIM_ICStructInit                         0x08001ebf   Thumb Code    18  stm32f4xx_tim.o(.text)
    TIM_PWMIConfig                           0x08001ed1   Thumb Code   124  stm32f4xx_tim.o(.text)
    TIM_GetCapture1                          0x08001f4d   Thumb Code     6  stm32f4xx_tim.o(.text)
    TIM_GetCapture2                          0x08001f53   Thumb Code     6  stm32f4xx_tim.o(.text)
    TIM_GetCapture3                          0x08001f59   Thumb Code     6  stm32f4xx_tim.o(.text)
    TIM_GetCapture4                          0x08001f5f   Thumb Code     6  stm32f4xx_tim.o(.text)
    TIM_BDTRConfig                           0x08001f65   Thumb Code    32  stm32f4xx_tim.o(.text)
    TIM_BDTRStructInit                       0x08001f85   Thumb Code    18  stm32f4xx_tim.o(.text)
    TIM_CtrlPWMOutputs                       0x08001f97   Thumb Code    30  stm32f4xx_tim.o(.text)
    TIM_SelectCOM                            0x08001fb5   Thumb Code    24  stm32f4xx_tim.o(.text)
    TIM_CCPreloadControl                     0x08001fcd   Thumb Code    24  stm32f4xx_tim.o(.text)
    TIM_ITConfig                             0x08001fe5   Thumb Code    18  stm32f4xx_tim.o(.text)
    TIM_GenerateEvent                        0x08001ff7   Thumb Code     4  stm32f4xx_tim.o(.text)
    TIM_GetFlagStatus                        0x08001ffb   Thumb Code    18  stm32f4xx_tim.o(.text)
    TIM_ClearFlag                            0x0800200d   Thumb Code     6  stm32f4xx_tim.o(.text)
    TIM_GetITStatus                          0x08002013   Thumb Code    34  stm32f4xx_tim.o(.text)
    TIM_ClearITPendingBit                    0x08002035   Thumb Code     6  stm32f4xx_tim.o(.text)
    TIM_DMAConfig                            0x0800203b   Thumb Code    10  stm32f4xx_tim.o(.text)
    TIM_DMACmd                               0x08002045   Thumb Code    18  stm32f4xx_tim.o(.text)
    TIM_SelectCCDMA                          0x08002057   Thumb Code    24  stm32f4xx_tim.o(.text)
    TIM_InternalClockConfig                  0x0800206f   Thumb Code    12  stm32f4xx_tim.o(.text)
    TIM_SelectInputTrigger                   0x0800207b   Thumb Code    18  stm32f4xx_tim.o(.text)
    TIM_ITRxExternalClockConfig              0x0800208d   Thumb Code    24  stm32f4xx_tim.o(.text)
    TIM_TIxExternalClockConfig               0x080020a5   Thumb Code    62  stm32f4xx_tim.o(.text)
    TIM_ETRConfig                            0x080020e3   Thumb Code    28  stm32f4xx_tim.o(.text)
    TIM_ETRClockMode1Config                  0x080020ff   Thumb Code    54  stm32f4xx_tim.o(.text)
    TIM_ETRClockMode2Config                  0x08002135   Thumb Code    32  stm32f4xx_tim.o(.text)
    TIM_SelectOutputTrigger                  0x08002155   Thumb Code    18  stm32f4xx_tim.o(.text)
    TIM_SelectSlaveMode                      0x08002167   Thumb Code    18  stm32f4xx_tim.o(.text)
    TIM_SelectMasterSlaveMode                0x08002179   Thumb Code    18  stm32f4xx_tim.o(.text)
    TIM_EncoderInterfaceConfig               0x0800218b   Thumb Code    66  stm32f4xx_tim.o(.text)
    TIM_SelectHallSensor                     0x080021cd   Thumb Code    24  stm32f4xx_tim.o(.text)
    TIM_RemapConfig                          0x080021e5   Thumb Code     6  stm32f4xx_tim.o(.text)
    delay_osschedlock                        0x080021ed   Thumb Code     8  delay.o(.text)
    delay_osschedunlock                      0x080021f5   Thumb Code     8  delay.o(.text)
    delay_ostimedly                          0x080021fd   Thumb Code    12  delay.o(.text)
    SysTick_Handler                          0x08002209   Thumb Code    24  delay.o(.text)
    delay_init                               0x08002221   Thumb Code    76  delay.o(.text)
    delay_us                                 0x0800226d   Thumb Code    84  delay.o(.text)
    delay_ms                                 0x080022c1   Thumb Code    66  delay.o(.text)
    _sys_exit                                0x08002315   Thumb Code     4  usart.o(.text)
    fputc                                    0x08002319   Thumb Code    24  usart.o(.text)
    _ttywrch                                 0x08002331   Thumb Code     4  usart.o(.text)
    uart_init                                0x08002335   Thumb Code   182  usart.o(.text)
    USART2_IRQHandler                        0x080023eb   Thumb Code   122  usart.o(.text)
    TIM1_PWM_Init                            0x08002475   Thumb Code   270  pwm.o(.text)
    Motor_Init                               0x08002583   Thumb Code    72  pwm.o(.text)
    IIC_Init                                 0x080025d5   Thumb Code    60  i2c.o(.text)
    IIC_Start                                0x08002611   Thumb Code    68  i2c.o(.text)
    IIC_Stop                                 0x08002655   Thumb Code    62  i2c.o(.text)
    IIC_Wait_Ack                             0x08002693   Thumb Code    82  i2c.o(.text)
    IIC_Ack                                  0x080026e5   Thumb Code    66  i2c.o(.text)
    IIC_NAck                                 0x08002727   Thumb Code    66  i2c.o(.text)
    IIC_Send_Byte                            0x08002769   Thumb Code    90  i2c.o(.text)
    IIC_Read_Byte                            0x080027c3   Thumb Code    94  i2c.o(.text)
    MPU_Write_Byte                           0x0800282d   Thumb Code    68  mpu6050.o(.text)
    MPU_Set_LPF                              0x08002871   Thumb Code    58  mpu6050.o(.text)
    MPU_Set_Rate                             0x080028ab   Thumb Code    58  mpu6050.o(.text)
    MPU_Read_Byte                            0x080028e5   Thumb Code    58  mpu6050.o(.text)
    MPU_Set_Accel_Fsr                        0x0800291f   Thumb Code    16  mpu6050.o(.text)
    MPU_Set_Gyro_Fsr                         0x0800292f   Thumb Code    16  mpu6050.o(.text)
    MPU_Init                                 0x0800293f   Thumb Code   122  mpu6050.o(.text)
    MPU_Read_Len                             0x080029b9   Thumb Code   116  mpu6050.o(.text)
    MPU_Get_Temperature                      0x08002a2d   Thumb Code   110  mpu6050.o(.text)
    MPU_Get_Gyroscope                        0x08002a9b   Thumb Code    80  mpu6050.o(.text)
    MPU_Get_Accelerometer                    0x08002aeb   Thumb Code    80  mpu6050.o(.text)
    mpu6050_send_data                        0x08002b3b   Thumb Code   110  mpu6050.o(.text)
    MPU_Write_Len                            0x08002ba9   Thumb Code    96  mpu6050.o(.text)
    usart2_send_char                         0x08002c1d   Thumb Code    28  niming.o(.text)
    usart2_niming_report                     0x08002c39   Thumb Code   118  niming.o(.text)
    usart2_report_imu                        0x08002caf   Thumb Code   192  niming.o(.text)
    PID_Init                                 0x08002d75   Thumb Code   106  pid.o(.text)
    PID_Update                               0x08002ddf   Thumb Code   384  pid.o(.text)
    aWind_Filter                             0x08002f5f   Thumb Code   298  pid.o(.text)
    Attitude                                 0x080030cd   Thumb Code  1542  attitude.o(.text)
    OS_TaskStatStkChk                        0x080036ed   Thumb Code    54  os_core.o(.text)
    OS_TaskStat                              0x08003723   Thumb Code   116  os_core.o(.text)
    OS_TaskIdle                              0x080037cb   Thumb Code    34  os_core.o(.text)
    OS_MemClr                                0x08003821   Thumb Code    18  os_core.o(.text)
    OSInit                                   0x0800393f   Thumb Code    44  os_core.o(.text)
    OSIntEnter                               0x0800396b   Thumb Code    28  os_core.o(.text)
    OSIntExit                                0x080039a1   Thumb Code   112  os_core.o(.text)
    OSSchedLock                              0x08003a11   Thumb Code    50  os_core.o(.text)
    OS_Sched                                 0x08003a43   Thumb Code    88  os_core.o(.text)
    OSSchedUnlock                            0x08003a9b   Thumb Code   238  os_core.o(.text)
    OSStart                                  0x08003b89   Thumb Code    48  os_core.o(.text)
    OSStatInit                               0x08003bb9   Thumb Code    62  os_core.o(.text)
    OSTimeTick                               0x08003bf7   Thumb Code   210  os_core.o(.text)
    OSVersion                                0x08003cc9   Thumb Code     6  os_core.o(.text)
    OS_Dummy                                 0x08003ccf   Thumb Code     2  os_core.o(.text)
    OS_EventTaskRemove                       0x08003cd1   Thumb Code    42  os_core.o(.text)
    OS_EventTaskRdy                          0x08003cfb   Thumb Code   114  os_core.o(.text)
    OS_EventTaskWait                         0x08003d6d   Thumb Code   112  os_core.o(.text)
    OS_EventWaitListInit                     0x08003ddd   Thumb Code    28  os_core.o(.text)
    OS_MemCopy                               0x08003df9   Thumb Code    20  os_core.o(.text)
    OS_StrLen                                0x08003e0d   Thumb Code    20  os_core.o(.text)
    OS_TCBInit                               0x08003e21   Thumb Code   280  os_core.o(.text)
    OSFlagAccept                             0x08003f7d   Thumb Code   252  os_flag.o(.text)
    OSFlagCreate                             0x08004079   Thumb Code    86  os_flag.o(.text)
    OS_FlagUnlink                            0x080040cf   Thumb Code    36  os_flag.o(.text)
    OSFlagDel                                0x08004145   Thumb Code   214  os_flag.o(.text)
    OSFlagNameGet                            0x0800421b   Thumb Code    80  os_flag.o(.text)
    OSFlagNameSet                            0x0800426b   Thumb Code    66  os_flag.o(.text)
    OSFlagPend                               0x08004345   Thumb Code   614  os_flag.o(.text)
    OSFlagPendGetFlagsRdy                    0x080045ab   Thumb Code    26  os_flag.o(.text)
    OSFlagPost                               0x080045c5   Thumb Code   312  os_flag.o(.text)
    OSFlagQuery                              0x080046fd   Thumb Code    48  os_flag.o(.text)
    OS_FlagInit                              0x0800472d   Thumb Code    78  os_flag.o(.text)
    OSQAccept                                0x08004789   Thumb Code    88  os_q.o(.text)
    OSQCreate                                0x080047e1   Thumb Code   140  os_q.o(.text)
    OSQDel                                   0x0800486d   Thumb Code   236  os_q.o(.text)
    OSQFlush                                 0x08004959   Thumb Code    36  os_q.o(.text)
    OSQPend                                  0x0800497d   Thumb Code   272  os_q.o(.text)
    OSQPendAbort                             0x08004a8d   Thumb Code   128  os_q.o(.text)
    OSQPost                                  0x08004b0d   Thumb Code   114  os_q.o(.text)
    OSQPostFront                             0x08004b7f   Thumb Code   136  os_q.o(.text)
    OSQPostOpt                               0x08004c07   Thumb Code   182  os_q.o(.text)
    OSQQuery                                 0x08004cbd   Thumb Code    98  os_q.o(.text)
    OS_QInit                                 0x08004d1f   Thumb Code    72  os_q.o(.text)
    OSTaskChangePrio                         0x08004d71   Thumb Code   308  os_task.o(.text)
    OSTaskCreate                             0x08004ea5   Thumb Code   148  os_task.o(.text)
    OS_TaskStkClr                            0x08004f39   Thumb Code    26  os_task.o(.text)
    OSTaskCreateExt                          0x08004f53   Thumb Code   170  os_task.o(.text)
    OSTaskDel                                0x08004ffd   Thumb Code   294  os_task.o(.text)
    OSTaskDelReq                             0x08005123   Thumb Code   144  os_task.o(.text)
    OSTaskNameGet                            0x080051b3   Thumb Code   114  os_task.o(.text)
    OSTaskNameSet                            0x08005225   Thumb Code    98  os_task.o(.text)
    OSTaskResume                             0x08005287   Thumb Code   154  os_task.o(.text)
    OSTaskStkChk                             0x08005321   Thumb Code   132  os_task.o(.text)
    OSTaskSuspend                            0x080053a5   Thumb Code   152  os_task.o(.text)
    OSTaskQuery                              0x0800543d   Thumb Code    82  os_task.o(.text)
    OSTaskRegGet                             0x0800548f   Thumb Code    60  os_task.o(.text)
    OSTaskRegSet                             0x080054cb   Thumb Code    62  os_task.o(.text)
    OS_TaskReturn                            0x08005509   Thumb Code    18  os_task.o(.text)
    OSTimeDly                                0x08005535   Thumb Code   100  os_time.o(.text)
    OSTimeDlyHMSM                            0x08005599   Thumb Code    86  os_time.o(.text)
    OSTimeDlyResume                          0x080055ef   Thumb Code   168  os_time.o(.text)
    OSTimeGet                                0x08005697   Thumb Code    24  os_time.o(.text)
    OSTimeSet                                0x080056af   Thumb Code    24  os_time.o(.text)
    OS_CPU_SR_Save                           0x080056e5   Thumb Code     0  os_cpu_a.o(.text)
    OS_CPU_SR_Restore                        0x080056ed   Thumb Code     0  os_cpu_a.o(.text)
    OSStartHighRdy                           0x080056f3   Thumb Code     0  os_cpu_a.o(.text)
    OSCtxSw                                  0x08005717   Thumb Code     0  os_cpu_a.o(.text)
    OSIntCtxSw                               0x08005725   Thumb Code     0  os_cpu_a.o(.text)
    PendSV_Handler                           0x08005735   Thumb Code     0  os_cpu_a.o(.text)
    OSInitHookBegin                          0x080057ad   Thumb Code     2  os_cpu_c.o(.text)
    OSInitHookEnd                            0x080057af   Thumb Code     2  os_cpu_c.o(.text)
    OSTaskCreateHook                         0x080057b1   Thumb Code     2  os_cpu_c.o(.text)
    OSTaskDelHook                            0x080057b3   Thumb Code     2  os_cpu_c.o(.text)
    OSTaskIdleHook                           0x080057b5   Thumb Code     2  os_cpu_c.o(.text)
    OSTaskStatHook                           0x080057b7   Thumb Code     2  os_cpu_c.o(.text)
    OSTaskStkInit                            0x080057b9   Thumb Code   426  os_cpu_c.o(.text)
    OSTaskSwHook                             0x08005963   Thumb Code     2  os_cpu_c.o(.text)
    OSTCBInitHook                            0x08005965   Thumb Code     2  os_cpu_c.o(.text)
    OSTimeTickHook                           0x08005967   Thumb Code     2  os_cpu_c.o(.text)
    OSTaskReturnHook                         0x08005969   Thumb Code     2  os_cpu_c.o(.text)
    __use_no_semihosting                     0x08005971   Thumb Code     2  use_no_semi_2.o(.text)
    malloc                                   0x08005973   Thumb Code    94  h1_alloc.o(.text)
    __use_two_region_memory                  0x080059d1   Thumb Code     2  heapauxi.o(.text)
    __rt_heap_escrow                         0x080059d3   Thumb Code     2  heapauxi.o(.text)
    __rt_heap_expand                         0x080059d5   Thumb Code     2  heapauxi.o(.text)
    __I$use$semihosting                      0x080059d7   Thumb Code     0  use_no_semi.o(.text)
    __use_no_semihosting_swi                 0x080059d7   Thumb Code     2  use_no_semi.o(.text)
    __rt_heap_descriptor                     0x080059d9   Thumb Code     8  rt_heap_descriptor_intlibspace.o(.text)
    __use_no_heap                            0x080059e1   Thumb Code     2  hguard.o(.text)
    __heap$guard                             0x080059e3   Thumb Code     2  hguard.o(.text)
    _terminate_user_alloc                    0x080059e5   Thumb Code     2  init_alloc.o(.text)
    _init_user_alloc                         0x080059e7   Thumb Code     2  init_alloc.o(.text)
    __Heap_Full                              0x080059e9   Thumb Code    34  init_alloc.o(.text)
    __Heap_Broken                            0x08005a0b   Thumb Code     6  init_alloc.o(.text)
    _init_alloc                              0x08005a11   Thumb Code    94  init_alloc.o(.text)
    __Heap_Initialize                        0x08005a6f   Thumb Code    10  h1_init.o(.text)
    __Heap_DescSize                          0x08005a79   Thumb Code     4  h1_init.o(.text)
    free                                     0x08005a7d   Thumb Code    78  h1_free.o(.text)
    __read_errno                             0x08005acb   Thumb Code    10  _rserrno.o(.text)
    __set_errno                              0x08005ad5   Thumb Code    12  _rserrno.o(.text)
    __user_libspace                          0x08005ae1   Thumb Code     8  libspace.o(.text)
    __user_perproc_libspace                  0x08005ae1   Thumb Code     0  libspace.o(.text)
    __user_perthread_libspace                0x08005ae1   Thumb Code     0  libspace.o(.text)
    __aeabi_errno_addr                       0x08005ae9   Thumb Code     8  rt_errno_addr_intlibspace.o(.text)
    __errno$intlibspace                      0x08005ae9   Thumb Code     0  rt_errno_addr_intlibspace.o(.text)
    __rt_errno_addr$intlibspace              0x08005ae9   Thumb Code     0  rt_errno_addr_intlibspace.o(.text)
    __Heap_ProvideMemory                     0x08005af1   Thumb Code    52  h1_extend.o(.text)
    __rt_SIGRTMEM                            0x08005b25   Thumb Code    14  defsig_rtmem_outer.o(.text)
    __user_setup_stackheap                   0x08005b33   Thumb Code    74  sys_stackheap_outer.o(.text)
    exit                                     0x08005b7d   Thumb Code    12  exit.o(.text)
    __sig_exit                               0x08005b89   Thumb Code    10  defsig_exit.o(.text)
    __rt_SIGRTMEM_inner                      0x08005b95   Thumb Code    22  defsig_rtmem_inner.o(.text)
    __default_signal_display                 0x08005be5   Thumb Code    50  defsig_general.o(.text)
    __ARM_fpclassify                         0x08005c17   Thumb Code    48  fpclassify.o(i.__ARM_fpclassify)
    __hardfp_asin                            0x08005c49   Thumb Code   770  asin.o(i.__hardfp_asin)
    __hardfp_atan                            0x08005fa9   Thumb Code   622  atan.o(i.__hardfp_atan)
    __hardfp_atan2                           0x08006281   Thumb Code   432  atan2.o(i.__hardfp_atan2)
    __hardfp_sqrt                            0x08006471   Thumb Code   122  sqrt.o(i.__hardfp_sqrt)
    __kernel_poly                            0x080064eb   Thumb Code   248  poly.o(i.__kernel_poly)
    __mathlib_dbl_infnan                     0x080065e3   Thumb Code    20  dunder.o(i.__mathlib_dbl_infnan)
    __mathlib_dbl_infnan2                    0x080065f7   Thumb Code    20  dunder.o(i.__mathlib_dbl_infnan2)
    __mathlib_dbl_invalid                    0x08006611   Thumb Code    24  dunder.o(i.__mathlib_dbl_invalid)
    __mathlib_dbl_underflow                  0x08006631   Thumb Code    24  dunder.o(i.__mathlib_dbl_underflow)
    atan                                     0x08006651   Thumb Code    16  atan.o(i.atan)
    fabs                                     0x08006661   Thumb Code    24  fabs.o(i.fabs)
    sqrt                                     0x08006679   Thumb Code   110  sqrt.o(i.sqrt)
    __aeabi_dneg                             0x080066e7   Thumb Code     0  basic.o(x$fpl$basic)
    _dneg                                    0x080066e7   Thumb Code     6  basic.o(x$fpl$basic)
    __aeabi_fneg                             0x080066ed   Thumb Code     0  basic.o(x$fpl$basic)
    _fneg                                    0x080066ed   Thumb Code     6  basic.o(x$fpl$basic)
    _dabs                                    0x080066f3   Thumb Code     6  basic.o(x$fpl$basic)
    _fabs                                    0x080066f9   Thumb Code     6  basic.o(x$fpl$basic)
    __aeabi_d2f                              0x08006701   Thumb Code     0  d2f.o(x$fpl$d2f)
    _d2f                                     0x08006701   Thumb Code    98  d2f.o(x$fpl$d2f)
    __aeabi_dadd                             0x08006765   Thumb Code     0  daddsub_clz.o(x$fpl$dadd)
    _dadd                                    0x08006765   Thumb Code   332  daddsub_clz.o(x$fpl$dadd)
    __fpl_dcmp_Inf                           0x080068b5   Thumb Code    24  dcmpi.o(x$fpl$dcmpinf)
    __aeabi_ddiv                             0x080068cd   Thumb Code     0  ddiv.o(x$fpl$ddiv)
    _ddiv                                    0x080068cd   Thumb Code   552  ddiv.o(x$fpl$ddiv)
    __aeabi_d2iz                             0x08006b7d   Thumb Code     0  dfix.o(x$fpl$dfix)
    _dfix                                    0x08006b7d   Thumb Code    94  dfix.o(x$fpl$dfix)
    __aeabi_i2d                              0x08006bdb   Thumb Code     0  dflt_clz.o(x$fpl$dflt)
    _dflt                                    0x08006bdb   Thumb Code    46  dflt_clz.o(x$fpl$dflt)
    __aeabi_cdcmple                          0x08006c09   Thumb Code     0  dleqf.o(x$fpl$dleqf)
    _dcmple                                  0x08006c09   Thumb Code   120  dleqf.o(x$fpl$dleqf)
    __fpl_dcmple_InfNaN                      0x08006c6b   Thumb Code     0  dleqf.o(x$fpl$dleqf)
    __aeabi_dmul                             0x08006c81   Thumb Code     0  dmul.o(x$fpl$dmul)
    _dmul                                    0x08006c81   Thumb Code   332  dmul.o(x$fpl$dmul)
    __fpl_dnaninf                            0x08006dd5   Thumb Code   156  dnaninf.o(x$fpl$dnaninf)
    __fpl_dretinf                            0x08006e71   Thumb Code    12  dretinf.o(x$fpl$dretinf)
    __aeabi_cdrcmple                         0x08006e7d   Thumb Code     0  drleqf.o(x$fpl$drleqf)
    _drcmple                                 0x08006e7d   Thumb Code   108  drleqf.o(x$fpl$drleqf)
    __aeabi_drsub                            0x08006ee9   Thumb Code     0  daddsub_clz.o(x$fpl$drsb)
    _drsb                                    0x08006ee9   Thumb Code    22  daddsub_clz.o(x$fpl$drsb)
    _dsqrt                                   0x08006f01   Thumb Code   404  dsqrt_umaal.o(x$fpl$dsqrt)
    __aeabi_dsub                             0x08007099   Thumb Code     0  daddsub_clz.o(x$fpl$dsub)
    _dsub                                    0x08007099   Thumb Code   464  daddsub_clz.o(x$fpl$dsub)
    __aeabi_f2d                              0x0800726d   Thumb Code     0  f2d.o(x$fpl$f2d)
    _f2d                                     0x0800726d   Thumb Code    86  f2d.o(x$fpl$f2d)
    __fpl_fnaninf                            0x080072c3   Thumb Code   140  fnaninf.o(x$fpl$fnaninf)
    _fp_init                                 0x0800734f   Thumb Code    10  fpinit.o(x$fpl$fpinit)
    __fplib_config_fpu_vfp                   0x08007357   Thumb Code     0  fpinit.o(x$fpl$fpinit)
    __fplib_config_pureend_doubles           0x08007357   Thumb Code     0  fpinit.o(x$fpl$fpinit)
    __fpl_fretinf                            0x08007359   Thumb Code    10  fretinf.o(x$fpl$fretinf)
    OSUnMapTbl                               0x08007362   Data         256  os_core.o(.constdata)
    __I$use$fp                               0x08007362   Number         0  usenofp.o(x$fpl$usenofp)
    __mathlib_zero                           0x08007550   Data           8  qnan.o(.constdata)
    Region$$Table$$Base                      0x08007558   Number         0  anon$$obj.o(Region$$Table)
    Region$$Table$$Limit                     0x08007578   Number         0  anon$$obj.o(Region$$Table)
    aacx                                     0x20000000   Data           2  main.o(.data)
    aacy                                     0x20000002   Data           2  main.o(.data)
    aacz                                     0x20000004   Data           2  main.o(.data)
    gyrox                                    0x20000006   Data           2  main.o(.data)
    gyroy                                    0x20000008   Data           2  main.o(.data)
    gyroz                                    0x2000000a   Data           2  main.o(.data)
    pitch                                    0x2000000c   Data           4  main.o(.data)
    roll                                     0x20000010   Data           4  main.o(.data)
    yaw                                      0x20000014   Data           4  main.o(.data)
    motor1                                   0x20000018   Data           2  main.o(.data)
    motor2                                   0x2000001a   Data           2  main.o(.data)
    motor3                                   0x2000001c   Data           2  main.o(.data)
    motor4                                   0x2000001e   Data           2  main.o(.data)
    thr                                      0x20000020   Data           4  main.o(.data)
    pid_Pitch                                0x20000024   Data           4  main.o(.data)
    pid_Yaw                                  0x20000028   Data           4  main.o(.data)
    pid_Roll                                 0x2000002c   Data           4  main.o(.data)
    SystemCoreClock                          0x20000030   Data           4  system_stm32f4xx.o(.data)
    AHBPrescTable                            0x20000034   Data          16  system_stm32f4xx.o(.data)
    __stdout                                 0x20000058   Data           4  usart.o(.data)
    USART_RX_STA                             0x2000005c   Data           2  usart.o(.data)
    kp                                       0x20000070   Data           4  attitude.o(.data)
    ki                                       0x20000074   Data           4  attitude.o(.data)
    halfT                                    0x20000078   Data           4  attitude.o(.data)
    q0                                       0x2000007c   Data           4  attitude.o(.data)
    q1                                       0x20000080   Data           4  attitude.o(.data)
    q2                                       0x20000084   Data           4  attitude.o(.data)
    q3                                       0x20000088   Data           4  attitude.o(.data)
    exInt                                    0x2000008c   Data           4  attitude.o(.data)
    eyInt                                    0x20000090   Data           4  attitude.o(.data)
    ezInt                                    0x20000094   Data           4  attitude.o(.data)
    OSCtxSwCtr                               0x20000098   Data           4  os_core.o(.data)
    OSEventFreeList                          0x2000009c   Data           4  os_core.o(.data)
    OSFlagFreeList                           0x200000a0   Data           4  os_core.o(.data)
    OSCPUUsage                               0x200000a4   Data           1  os_core.o(.data)
    OSIdleCtrMax                             0x200000a8   Data           4  os_core.o(.data)
    OSIdleCtrRun                             0x200000ac   Data           4  os_core.o(.data)
    OSStatRdy                                0x200000b0   Data           1  os_core.o(.data)
    OSIntNesting                             0x200000b1   Data           1  os_core.o(.data)
    OSLockNesting                            0x200000b2   Data           1  os_core.o(.data)
    OSPrioCur                                0x200000b3   Data           1  os_core.o(.data)
    OSPrioHighRdy                            0x200000b4   Data           1  os_core.o(.data)
    OSRdyGrp                                 0x200000b5   Data           1  os_core.o(.data)
    OSRdyTbl                                 0x200000b6   Data           8  os_core.o(.data)
    OSRunning                                0x200000be   Data           1  os_core.o(.data)
    OSTaskCtr                                0x200000bf   Data           1  os_core.o(.data)
    OSIdleCtr                                0x200000c0   Data           4  os_core.o(.data)
    OSTCBCur                                 0x200000c4   Data           4  os_core.o(.data)
    OSTCBFreeList                            0x200000c8   Data           4  os_core.o(.data)
    OSTCBHighRdy                             0x200000cc   Data           4  os_core.o(.data)
    OSTCBList                                0x200000d0   Data           4  os_core.o(.data)
    OSTickStepState                          0x200000d4   Data           1  os_core.o(.data)
    OSQFreeList                              0x200000d8   Data           4  os_core.o(.data)
    OSTime                                   0x200000dc   Data           4  os_core.o(.data)
    START_TASK_STK                           0x200000e0   Data         256  main.o(.bss)
    MOTOR_TASK_STK                           0x200001e0   Data        2048  main.o(.bss)
    PID_TASK_STK                             0x200009e0   Data        2048  main.o(.bss)
    GY86_TASK_STK                            0x200011e0   Data        2048  main.o(.bss)
    USART_RX_BUF                             0x200019e0   Data         200  usart.o(.bss)
    OSEventTbl                               0x20001ae4   Data         200  os_core.o(.bss)
    OSFlagTbl                                0x20001bac   Data          80  os_core.o(.bss)
    OSTaskStatStk                            0x20001bfc   Data         512  os_core.o(.bss)
    OSTaskIdleStk                            0x20001dfc   Data         512  os_core.o(.bss)
    OSTCBPrioTbl                             0x20001ffc   Data         256  os_core.o(.bss)
    OSTCBTbl                                 0x200020fc   Data        1008  os_core.o(.bss)
    OSQTbl                                   0x200024ec   Data         120  os_core.o(.bss)
    __libspace_start                         0x20002564   Data          96  libspace.o(.bss)
    __temporary_stack_top$libspace           0x200025c4   Data           0  libspace.o(.bss)



==============================================================================

Memory Map of the image

  Image Entry point : 0x08000199

  Load Region LR_IROM1 (Base: 0x08000000, Size: 0x00007658, Max: 0x00080000, ABSOLUTE)

    Execution Region ER_IROM1 (Base: 0x08000000, Size: 0x00007578, Max: 0x00080000, ABSOLUTE)

    Base Addr    Size         Type   Attr      Idx    E Section Name        Object

    0x08000000   0x00000198   Data   RO          253    RESET               startup_stm32f411xe.o
    0x08000198   0x00000008   Code   RO         1021  * !!!main             c_w.l(__main.o)
    0x080001a0   0x00000034   Code   RO         1383    !!!scatter          c_w.l(__scatter.o)
    0x080001d4   0x0000001a   Code   RO         1385    !!handler_copy      c_w.l(__scatter_copy.o)
    0x080001ee   0x00000002   PAD
    0x080001f0   0x0000001c   Code   RO         1387    !!handler_zi        c_w.l(__scatter_zi.o)
    0x0800020c   0x00000002   Code   RO         1323    .ARM.Collect$$libinit$$00000000  c_w.l(libinit.o)
    0x0800020e   0x00000004   Code   RO         1142    .ARM.Collect$$libinit$$00000001  c_w.l(libinit2.o)
    0x08000212   0x00000000   Code   RO         1145    .ARM.Collect$$libinit$$00000004  c_w.l(libinit2.o)
    0x08000212   0x00000008   Code   RO         1146    .ARM.Collect$$libinit$$00000005  c_w.l(libinit2.o)
    0x0800021a   0x00000000   Code   RO         1148    .ARM.Collect$$libinit$$0000000A  c_w.l(libinit2.o)
    0x0800021a   0x00000000   Code   RO         1150    .ARM.Collect$$libinit$$0000000C  c_w.l(libinit2.o)
    0x0800021a   0x00000000   Code   RO         1152    .ARM.Collect$$libinit$$0000000E  c_w.l(libinit2.o)
    0x0800021a   0x00000000   Code   RO         1155    .ARM.Collect$$libinit$$00000011  c_w.l(libinit2.o)
    0x0800021a   0x00000000   Code   RO         1157    .ARM.Collect$$libinit$$00000013  c_w.l(libinit2.o)
    0x0800021a   0x00000000   Code   RO         1159    .ARM.Collect$$libinit$$00000015  c_w.l(libinit2.o)
    0x0800021a   0x00000000   Code   RO         1161    .ARM.Collect$$libinit$$00000017  c_w.l(libinit2.o)
    0x0800021a   0x00000000   Code   RO         1163    .ARM.Collect$$libinit$$00000019  c_w.l(libinit2.o)
    0x0800021a   0x00000000   Code   RO         1165    .ARM.Collect$$libinit$$0000001B  c_w.l(libinit2.o)
    0x0800021a   0x00000000   Code   RO         1167    .ARM.Collect$$libinit$$0000001D  c_w.l(libinit2.o)
    0x0800021a   0x00000000   Code   RO         1169    .ARM.Collect$$libinit$$0000001F  c_w.l(libinit2.o)
    0x0800021a   0x00000000   Code   RO         1171    .ARM.Collect$$libinit$$00000021  c_w.l(libinit2.o)
    0x0800021a   0x00000000   Code   RO         1173    .ARM.Collect$$libinit$$00000023  c_w.l(libinit2.o)
    0x0800021a   0x00000000   Code   RO         1175    .ARM.Collect$$libinit$$00000025  c_w.l(libinit2.o)
    0x0800021a   0x00000000   Code   RO         1179    .ARM.Collect$$libinit$$0000002C  c_w.l(libinit2.o)
    0x0800021a   0x00000000   Code   RO         1181    .ARM.Collect$$libinit$$0000002E  c_w.l(libinit2.o)
    0x0800021a   0x00000000   Code   RO         1183    .ARM.Collect$$libinit$$00000030  c_w.l(libinit2.o)
    0x0800021a   0x00000000   Code   RO         1185    .ARM.Collect$$libinit$$00000032  c_w.l(libinit2.o)
    0x0800021a   0x00000002   Code   RO         1186    .ARM.Collect$$libinit$$00000033  c_w.l(libinit2.o)
    0x0800021c   0x00000002   Code   RO         1380    .ARM.Collect$$libshutdown$$00000000  c_w.l(libshutdown.o)
    0x0800021e   0x00000000   Code   RO         1340    .ARM.Collect$$libshutdown$$00000003  c_w.l(libshutdown2.o)
    0x0800021e   0x00000000   Code   RO         1343    .ARM.Collect$$libshutdown$$00000006  c_w.l(libshutdown2.o)
    0x0800021e   0x00000000   Code   RO         1346    .ARM.Collect$$libshutdown$$00000009  c_w.l(libshutdown2.o)
    0x0800021e   0x00000000   Code   RO         1348    .ARM.Collect$$libshutdown$$0000000B  c_w.l(libshutdown2.o)
    0x0800021e   0x00000000   Code   RO         1351    .ARM.Collect$$libshutdown$$0000000E  c_w.l(libshutdown2.o)
    0x0800021e   0x00000002   Code   RO         1352    .ARM.Collect$$libshutdown$$0000000F  c_w.l(libshutdown2.o)
    0x08000220   0x00000000   Code   RO         1095    .ARM.Collect$$rtentry$$00000000  c_w.l(__rtentry.o)
    0x08000220   0x00000000   Code   RO         1247    .ARM.Collect$$rtentry$$00000002  c_w.l(__rtentry2.o)
    0x08000220   0x00000006   Code   RO         1259    .ARM.Collect$$rtentry$$00000004  c_w.l(__rtentry4.o)
    0x08000226   0x00000000   Code   RO         1249    .ARM.Collect$$rtentry$$00000009  c_w.l(__rtentry2.o)
    0x08000226   0x00000004   Code   RO         1250    .ARM.Collect$$rtentry$$0000000A  c_w.l(__rtentry2.o)
    0x0800022a   0x00000000   Code   RO         1252    .ARM.Collect$$rtentry$$0000000C  c_w.l(__rtentry2.o)
    0x0800022a   0x00000008   Code   RO         1253    .ARM.Collect$$rtentry$$0000000D  c_w.l(__rtentry2.o)
    0x08000232   0x00000002   Code   RO         1324    .ARM.Collect$$rtexit$$00000000  c_w.l(rtexit.o)
    0x08000234   0x00000000   Code   RO         1354    .ARM.Collect$$rtexit$$00000002  c_w.l(rtexit2.o)
    0x08000234   0x00000004   Code   RO         1355    .ARM.Collect$$rtexit$$00000003  c_w.l(rtexit2.o)
    0x08000238   0x00000006   Code   RO         1356    .ARM.Collect$$rtexit$$00000004  c_w.l(rtexit2.o)
    0x0800023e   0x00000002   PAD
    0x08000240   0x00000000   Code   RO         1272    .emb_text           c_w.l(maybetermalloc1.o)
    0x08000240   0x000002d8   Code   RO            3    .text               main.o
    0x08000518   0x00000016   Code   RO          178    .text               stm32f4xx_it.o
    0x0800052e   0x00000002   PAD
    0x08000530   0x000001b0   Code   RO          224    .text               system_stm32f4xx.o
    0x080006e0   0x00000040   Code   RO          254    .text               startup_stm32f411xe.o
    0x08000720   0x000000e0   Code   RO          260    .text               misc.o
    0x08000800   0x00000294   Code   RO          280    .text               stm32f4xx_gpio.o
    0x08000a94   0x00000660   Code   RO          300    .text               stm32f4xx_rcc.o
    0x080010f4   0x00000454   Code   RO          342    .text               stm32f4xx_usart.o
    0x08001548   0x00000ca2   Code   RO          362    .text               stm32f4xx_tim.o
    0x080021ea   0x00000002   PAD
    0x080021ec   0x00000128   Code   RO          382    .text               delay.o
    0x08002314   0x00000160   Code   RO          422    .text               usart.o
    0x08002474   0x00000160   Code   RO          476    .text               pwm.o
    0x080025d4   0x00000258   Code   RO          500    .text               i2c.o
    0x0800282c   0x000003f0   Code   RO          520    .text               mpu6050.o
    0x08002c1c   0x00000158   Code   RO          610    .text               niming.o
    0x08002d74   0x00000358   Code   RO          628    .text               pid.o
    0x080030cc   0x00000620   Code   RO          648    .text               attitude.o
    0x080036ec   0x00000890   Code   RO          672    .text               os_core.o
    0x08003f7c   0x0000080c   Code   RO          700    .text               os_flag.o
    0x08004788   0x000005e8   Code   RO          774    .text               os_q.o
    0x08004d70   0x000007c4   Code   RO          814    .text               os_task.o
    0x08005534   0x000001b0   Code   RO          834    .text               os_time.o
    0x080056e4   0x000000c8   Code   RO          866    .text               os_cpu_a.o
    0x080057ac   0x000001c4   Code   RO          871    .text               os_cpu_c.o
    0x08005970   0x00000002   Code   RO          901    .text               c_w.l(use_no_semi_2.o)
    0x08005972   0x0000005e   Code   RO          905    .text               c_w.l(h1_alloc.o)
    0x080059d0   0x00000006   Code   RO         1019    .text               c_w.l(heapauxi.o)
    0x080059d6   0x00000002   Code   RO         1091    .text               c_w.l(use_no_semi.o)
    0x080059d8   0x00000008   Code   RO         1099    .text               c_w.l(rt_heap_descriptor_intlibspace.o)
    0x080059e0   0x00000004   Code   RO         1101    .text               c_w.l(hguard.o)
    0x080059e4   0x0000008a   Code   RO         1103    .text               c_w.l(init_alloc.o)
    0x08005a6e   0x0000000e   Code   RO         1109    .text               c_w.l(h1_init.o)
    0x08005a7c   0x0000004e   Code   RO         1111    .text               c_w.l(h1_free.o)
    0x08005aca   0x00000016   Code   RO         1129    .text               c_w.l(_rserrno.o)
    0x08005ae0   0x00000008   Code   RO         1243    .text               c_w.l(libspace.o)
    0x08005ae8   0x00000008   Code   RO         1268    .text               c_w.l(rt_errno_addr_intlibspace.o)
    0x08005af0   0x00000034   Code   RO         1274    .text               c_w.l(h1_extend.o)
    0x08005b24   0x0000000e   Code   RO         1284    .text               c_w.l(defsig_rtmem_outer.o)
    0x08005b32   0x0000004a   Code   RO         1298    .text               c_w.l(sys_stackheap_outer.o)
    0x08005b7c   0x0000000c   Code   RO         1308    .text               c_w.l(exit.o)
    0x08005b88   0x0000000a   Code   RO         1310    .text               c_w.l(defsig_exit.o)
    0x08005b92   0x00000002   PAD
    0x08005b94   0x00000050   Code   RO         1312    .text               c_w.l(defsig_rtmem_inner.o)
    0x08005be4   0x00000032   Code   RO         1332    .text               c_w.l(defsig_general.o)
    0x08005c16   0x00000030   Code   RO         1236    i.__ARM_fpclassify  m_wm.l(fpclassify.o)
    0x08005c46   0x00000002   PAD
    0x08005c48   0x00000360   Code   RO         1053    i.__hardfp_asin     m_wm.l(asin.o)
    0x08005fa8   0x000002d8   Code   RO         1202    i.__hardfp_atan     m_wm.l(atan.o)
    0x08006280   0x000001f0   Code   RO         1067    i.__hardfp_atan2    m_wm.l(atan2.o)
    0x08006470   0x0000007a   Code   RO         1079    i.__hardfp_sqrt     m_wm.l(sqrt.o)
    0x080064ea   0x000000f8   Code   RO         1238    i.__kernel_poly     m_wm.l(poly.o)
    0x080065e2   0x00000014   Code   RO         1217    i.__mathlib_dbl_infnan  m_wm.l(dunder.o)
    0x080065f6   0x00000014   Code   RO         1218    i.__mathlib_dbl_infnan2  m_wm.l(dunder.o)
    0x0800660a   0x00000006   PAD
    0x08006610   0x00000020   Code   RO         1219    i.__mathlib_dbl_invalid  m_wm.l(dunder.o)
    0x08006630   0x00000020   Code   RO         1222    i.__mathlib_dbl_underflow  m_wm.l(dunder.o)
    0x08006650   0x00000010   Code   RO         1204    i.atan              m_wm.l(atan.o)
    0x08006660   0x00000018   Code   RO         1232    i.fabs              m_wm.l(fabs.o)
    0x08006678   0x0000006e   Code   RO         1081    i.sqrt              m_wm.l(sqrt.o)
    0x080066e6   0x00000018   Code   RO         1187    x$fpl$basic         fz_wm.l(basic.o)
    0x080066fe   0x00000002   PAD
    0x08006700   0x00000062   Code   RO         1023    x$fpl$d2f           fz_wm.l(d2f.o)
    0x08006762   0x00000002   PAD
    0x08006764   0x00000150   Code   RO         1025    x$fpl$dadd          fz_wm.l(daddsub_clz.o)
    0x080068b4   0x00000018   Code   RO         1189    x$fpl$dcmpinf       fz_wm.l(dcmpi.o)
    0x080068cc   0x000002b0   Code   RO         1032    x$fpl$ddiv          fz_wm.l(ddiv.o)
    0x08006b7c   0x0000005e   Code   RO         1035    x$fpl$dfix          fz_wm.l(dfix.o)
    0x08006bda   0x0000002e   Code   RO         1040    x$fpl$dflt          fz_wm.l(dflt_clz.o)
    0x08006c08   0x00000078   Code   RO         1045    x$fpl$dleqf         fz_wm.l(dleqf.o)
    0x08006c80   0x00000154   Code   RO         1047    x$fpl$dmul          fz_wm.l(dmul.o)
    0x08006dd4   0x0000009c   Code   RO         1191    x$fpl$dnaninf       fz_wm.l(dnaninf.o)
    0x08006e70   0x0000000c   Code   RO         1193    x$fpl$dretinf       fz_wm.l(dretinf.o)
    0x08006e7c   0x0000006c   Code   RO         1049    x$fpl$drleqf        fz_wm.l(drleqf.o)
    0x08006ee8   0x00000016   Code   RO         1026    x$fpl$drsb          fz_wm.l(daddsub_clz.o)
    0x08006efe   0x00000002   PAD
    0x08006f00   0x00000198   Code   RO         1195    x$fpl$dsqrt         fz_wm.l(dsqrt_umaal.o)
    0x08007098   0x000001d4   Code   RO         1027    x$fpl$dsub          fz_wm.l(daddsub_clz.o)
    0x0800726c   0x00000056   Code   RO         1051    x$fpl$f2d           fz_wm.l(f2d.o)
    0x080072c2   0x0000008c   Code   RO         1197    x$fpl$fnaninf       fz_wm.l(fnaninf.o)
    0x0800734e   0x0000000a   Code   RO         1295    x$fpl$fpinit        fz_wm.l(fpinit.o)
    0x08007358   0x0000000a   Code   RO         1199    x$fpl$fretinf       fz_wm.l(fretinf.o)
    0x08007362   0x00000000   Code   RO         1201    x$fpl$usenofp       fz_wm.l(usenofp.o)
    0x08007362   0x00000100   Data   RO          674    .constdata          os_core.o
    0x08007462   0x00000006   PAD
    0x08007468   0x00000050   Data   RO         1056    .constdata          m_wm.l(asin.o)
    0x080074b8   0x00000098   Data   RO         1205    .constdata          m_wm.l(atan.o)
    0x08007550   0x00000008   Data   RO         1240    .constdata          m_wm.l(qnan.o)
    0x08007558   0x00000020   Data   RO         1381    Region$$Table       anon$$obj.o


    Execution Region RW_IRAM1 (Base: 0x20000000, Size: 0x00002bc8, Max: 0x00020000, ABSOLUTE)

    Base Addr    Size         Type   Attr      Idx    E Section Name        Object

    0x20000000   0x00000030   Data   RW            5    .data               main.o
    0x20000030   0x00000014   Data   RW          225    .data               system_stm32f4xx.o
    0x20000044   0x00000010   Data   RW          301    .data               stm32f4xx_rcc.o
    0x20000054   0x00000004   Data   RW          383    .data               delay.o
    0x20000058   0x00000006   Data   RW          424    .data               usart.o
    0x2000005e   0x00000002   PAD
    0x20000060   0x00000010   Data   RW          630    .data               pid.o
    0x20000070   0x00000028   Data   RW          649    .data               attitude.o
    0x20000098   0x00000048   Data   RW          675    .data               os_core.o
    0x200000e0   0x00001900   Zero   RW            4    .bss                main.o
    0x200019e0   0x000000c8   Zero   RW          423    .bss                usart.o
    0x20001aa8   0x0000003c   Zero   RW          629    .bss                pid.o
    0x20001ae4   0x00000a80   Zero   RW          673    .bss                os_core.o
    0x20002564   0x00000060   Zero   RW         1244    .bss                c_w.l(libspace.o)
    0x200025c4   0x00000004   PAD
    0x200025c8   0x00000200   Zero   RW          252    HEAP                startup_stm32f411xe.o
    0x200027c8   0x00000400   Zero   RW          251    STACK               startup_stm32f411xe.o


==============================================================================

Image component sizes


      Code (inc. data)   RO Data    RW Data    ZI Data      Debug   Object Name

      1568         78          0         40          0       1371   attitude.o
       296         18          0          4          0       1745   delay.o
       600         12          0          0          0       1852   i2c.o
       728        102          0         48       6400     261027   main.o
       224         20          0          0          0       1761   misc.o
      1008         20          0          0          0       4549   mpu6050.o
       344          6          0          0          0       1866   niming.o
      2192        218        256         72       2688      14991   os_core.o
       200         32          0          0          0        300   os_cpu_a.o
       452          6          0          0          0      10502   os_cpu_c.o
      2060         42          0          0          0       6848   os_flag.o
      1512         30          0          0          0       5473   os_q.o
      1988         70          0          0          0       7505   os_task.o
       432         30          0          0          0       1774   os_time.o
       856         68          0         16         60       2532   pid.o
       352         10          0          0          0        923   pwm.o
        64         26        408          0       1536        800   startup_stm32f411xe.o
       660         44          0          0          0       4041   stm32f4xx_gpio.o
        22          0          0          0          0       1007   stm32f4xx_it.o
      1632         52          0         16          0      12860   stm32f4xx_rcc.o
      3234         60          0          0          0      22244   stm32f4xx_tim.o
      1108         34          0          0          0       7740   stm32f4xx_usart.o
       432         46          0         20          0       1555   system_stm32f4xx.o
       352         16          0          6        200       3327   usart.o

    ----------------------------------------------------------------------
     22320       1040        702        224      10884     378593   Object Totals
         0          0         32          0          0          0   (incl. Generated)
         4          0          6          2          0          0   (incl. Padding)

    ----------------------------------------------------------------------

      Code (inc. data)   RO Data    RW Data    ZI Data      Debug   Library Member Name

         8          0          0          0          0         68   __main.o
         0          0          0          0          0          0   __rtentry.o
        12          0          0          0          0          0   __rtentry2.o
         6          0          0          0          0          0   __rtentry4.o
        52          8          0          0          0          0   __scatter.o
        26          0          0          0          0          0   __scatter_copy.o
        28          0          0          0          0          0   __scatter_zi.o
        22          0          0          0          0        100   _rserrno.o
        10          0          0          0          0         68   defsig_exit.o
        50          0          0          0          0         88   defsig_general.o
        80         58          0          0          0         76   defsig_rtmem_inner.o
        14          0          0          0          0         80   defsig_rtmem_outer.o
        12          0          0          0          0         72   exit.o
        94          0          0          0          0         80   h1_alloc.o
        52          0          0          0          0         68   h1_extend.o
        78          0          0          0          0         80   h1_free.o
        14          0          0          0          0         84   h1_init.o
         6          0          0          0          0        152   heapauxi.o
         4          0          0          0          0        136   hguard.o
       138          0          0          0          0        168   init_alloc.o
         2          0          0          0          0          0   libinit.o
        14          0          0          0          0          0   libinit2.o
         2          0          0          0          0          0   libshutdown.o
         2          0          0          0          0          0   libshutdown2.o
         8          4          0          0         96         68   libspace.o
         0          0          0          0          0          0   maybetermalloc1.o
         8          4          0          0          0         68   rt_errno_addr_intlibspace.o
         8          4          0          0          0         68   rt_heap_descriptor_intlibspace.o
         2          0          0          0          0          0   rtexit.o
        10          0          0          0          0          0   rtexit2.o
        74          0          0          0          0         80   sys_stackheap_outer.o
         2          0          0          0          0         68   use_no_semi.o
         2          0          0          0          0         68   use_no_semi_2.o
        24          0          0          0          0        164   basic.o
        98          4          0          0          0        140   d2f.o
       826         16          0          0          0        492   daddsub_clz.o
        24          0          0          0          0        116   dcmpi.o
       688        140          0          0          0        256   ddiv.o
        94          4          0          0          0        140   dfix.o
        46          0          0          0          0        116   dflt_clz.o
       120          4          0          0          0        140   dleqf.o
       340         12          0          0          0        152   dmul.o
       156          4          0          0          0        140   dnaninf.o
        12          0          0          0          0        116   dretinf.o
       108          0          0          0          0        128   drleqf.o
       408         56          0          0          0        168   dsqrt_umaal.o
        86          4          0          0          0        132   f2d.o
       140          4          0          0          0        132   fnaninf.o
        10          0          0          0          0        116   fpinit.o
        10          0          0          0          0        116   fretinf.o
         0          0          0          0          0          0   usenofp.o
       864         94         80          0          0        280   asin.o
       744        106        152          0          0        352   atan.o
       496         64          0          0          0        192   atan2.o
       104         16          0          0          0        496   dunder.o
        24          0          0          0          0        124   fabs.o
        48          0          0          0          0        124   fpclassify.o
       248          0          0          0          0        152   poly.o
         0          0          8          0          0          0   qnan.o
       232          0          0          0          0        296   sqrt.o

    ----------------------------------------------------------------------
      6810        606        240          0        100       6520   Library Totals
        20          0          0          0          4          0   (incl. Padding)

    ----------------------------------------------------------------------

      Code (inc. data)   RO Data    RW Data    ZI Data      Debug   Library Name

       840         78          0          0         96       1740   c_w.l
      3190        248          0          0          0       2764   fz_wm.l
      2760        280        240          0          0       2016   m_wm.l

    ----------------------------------------------------------------------
      6810        606        240          0        100       6520   Library Totals

    ----------------------------------------------------------------------

==============================================================================


      Code (inc. data)   RO Data    RW Data    ZI Data      Debug   

     29130       1646        942        224      10984     377029   Grand Totals
     29130       1646        942        224      10984     377029   ELF Image Totals
     29130       1646        942        224          0          0   ROM Totals

==============================================================================

    Total RO  Size (Code + RO Data)                30072 (  29.37kB)
    Total RW  Size (RW Data + ZI Data)             11208 (  10.95kB)
    Total ROM Size (Code + RO Data + RW Data)      30296 (  29.59kB)

==============================================================================

